Archive member included to satisfy reference by file (symbol)

/usr/lib/gcc/arm-none-eabi/6.3.1/thumb/v7e-m/fpv4-sp/hard/libgcc.a(_aeabi_uldivmod.o)
                              projects/lab2/out/libs/lpc_open/lpc_chip_43xx/src/i2s_18xx_43xx.o (__aeabi_uldivmod)
/usr/lib/gcc/arm-none-eabi/6.3.1/thumb/v7e-m/fpv4-sp/hard/libgcc.a(_udivmoddi4.o)
                              /usr/lib/gcc/arm-none-eabi/6.3.1/thumb/v7e-m/fpv4-sp/hard/libgcc.a(_aeabi_uldivmod.o) (__udivmoddi4)
/usr/lib/gcc/arm-none-eabi/6.3.1/thumb/v7e-m/fpv4-sp/hard/libgcc.a(_dvmd_tls.o)
                              /usr/lib/gcc/arm-none-eabi/6.3.1/thumb/v7e-m/fpv4-sp/hard/libgcc.a(_aeabi_uldivmod.o) (__aeabi_ldiv0)
/usr/lib/gcc/arm-none-eabi/6.3.1/../../../arm-none-eabi/lib/thumb/v7e-m/fpv4-sp/hard/libc_nano.a(lib_a-atoi.o)
                              projects/lab2/out/projects/lab2/src/myLib.o (atoi)
/usr/lib/gcc/arm-none-eabi/6.3.1/../../../arm-none-eabi/lib/thumb/v7e-m/fpv4-sp/hard/libc_nano.a(lib_a-ctype_.o)
                              projects/lab2/out/projects/lab2/src/myLib.o (__ctype_ptr__)
/usr/lib/gcc/arm-none-eabi/6.3.1/../../../arm-none-eabi/lib/thumb/v7e-m/fpv4-sp/hard/libc_nano.a(lib_a-init.o)
                              projects/lab2/out/libs/cmsis_core//src/armv7m_startup.o (__libc_init_array)
/usr/lib/gcc/arm-none-eabi/6.3.1/../../../arm-none-eabi/lib/thumb/v7e-m/fpv4-sp/hard/libc_nano.a(lib_a-malloc.o)
                              projects/lab2/out/projects/lab2/src/myLib.o (malloc)
/usr/lib/gcc/arm-none-eabi/6.3.1/../../../arm-none-eabi/lib/thumb/v7e-m/fpv4-sp/hard/libc_nano.a(lib_a-memcpy.o)
                              projects/lab2/out/libs/lpc_open/lpc_chip_43xx/src/ring_buffer.o (memcpy)
/usr/lib/gcc/arm-none-eabi/6.3.1/../../../arm-none-eabi/lib/thumb/v7e-m/fpv4-sp/hard/libc_nano.a(lib_a-memset.o)
                              projects/lab2/out/libs/lpc_open/lpc_chip_43xx/src/clock_18xx_43xx.o (memset)
/usr/lib/gcc/arm-none-eabi/6.3.1/../../../arm-none-eabi/lib/thumb/v7e-m/fpv4-sp/hard/libc_nano.a(lib_a-nano-freer.o)
                              /usr/lib/gcc/arm-none-eabi/6.3.1/../../../arm-none-eabi/lib/thumb/v7e-m/fpv4-sp/hard/libc_nano.a(lib_a-malloc.o) (_free_r)
/usr/lib/gcc/arm-none-eabi/6.3.1/../../../arm-none-eabi/lib/thumb/v7e-m/fpv4-sp/hard/libc_nano.a(lib_a-nano-mallocr.o)
                              /usr/lib/gcc/arm-none-eabi/6.3.1/../../../arm-none-eabi/lib/thumb/v7e-m/fpv4-sp/hard/libc_nano.a(lib_a-malloc.o) (_malloc_r)
/usr/lib/gcc/arm-none-eabi/6.3.1/../../../arm-none-eabi/lib/thumb/v7e-m/fpv4-sp/hard/libc_nano.a(lib_a-strlen.o)
                              projects/lab2/out/projects/lab2/src/myLib.o (strlen)
/usr/lib/gcc/arm-none-eabi/6.3.1/../../../arm-none-eabi/lib/thumb/v7e-m/fpv4-sp/hard/libc_nano.a(lib_a-strtok.o)
                              projects/lab2/out/projects/lab2/src/myLib.o (strtok)
/usr/lib/gcc/arm-none-eabi/6.3.1/../../../arm-none-eabi/lib/thumb/v7e-m/fpv4-sp/hard/libc_nano.a(lib_a-strtok_r.o)
                              /usr/lib/gcc/arm-none-eabi/6.3.1/../../../arm-none-eabi/lib/thumb/v7e-m/fpv4-sp/hard/libc_nano.a(lib_a-strtok.o) (__strtok_r)
/usr/lib/gcc/arm-none-eabi/6.3.1/../../../arm-none-eabi/lib/thumb/v7e-m/fpv4-sp/hard/libc_nano.a(lib_a-strtol.o)
                              /usr/lib/gcc/arm-none-eabi/6.3.1/../../../arm-none-eabi/lib/thumb/v7e-m/fpv4-sp/hard/libc_nano.a(lib_a-atoi.o) (_strtol_r)
/usr/lib/gcc/arm-none-eabi/6.3.1/../../../arm-none-eabi/lib/thumb/v7e-m/fpv4-sp/hard/libc_nano.a(lib_a-impure.o)
                              /usr/lib/gcc/arm-none-eabi/6.3.1/../../../arm-none-eabi/lib/thumb/v7e-m/fpv4-sp/hard/libc_nano.a(lib_a-malloc.o) (_impure_ptr)

Allocating common symbols
Common symbol       size              file

pIsrADC0            0x4               projects/lab2/out/modules/drivers_bm//src/adc.o
SystemCoreClock     0x4               projects/lab2/out/libs/lpc_open/lpc_chip_43xx/src/chip_18xx_43xx.o
pIsrTimer           0x4               projects/lab2/out/modules/drivers_bm//src/timer.o
led_encendido       0x1               projects/lab2/out/projects/lab2/src/lab2.o

Discarded input sections

 .group         0x0000000000000000        0x8 projects/lab2/out/projects/lab2/src/myLib.o
 .group         0x0000000000000000        0x8 projects/lab2/out/projects/lab2/src/myLib.o
 .group         0x0000000000000000        0x8 projects/lab2/out/projects/lab2/src/myLib.o
 .group         0x0000000000000000        0x8 projects/lab2/out/projects/lab2/src/myLib.o
 .group         0x0000000000000000        0x8 projects/lab2/out/projects/lab2/src/myLib.o
 .group         0x0000000000000000        0x8 projects/lab2/out/projects/lab2/src/myLib.o
 .group         0x0000000000000000        0x8 projects/lab2/out/projects/lab2/src/myLib.o
 .group         0x0000000000000000        0x8 projects/lab2/out/projects/lab2/src/myLib.o
 .group         0x0000000000000000        0x8 projects/lab2/out/projects/lab2/src/myLib.o
[...]
Memory Configuration

Name             Origin             Length             Attributes
MFlashA512       0x000000001a000000 0x0000000000080000 xr
MFlashB512       0x000000001b000000 0x0000000000080000 xr
RamLoc32         0x0000000010000000 0x0000000000008000 xrw
RamLoc40         0x0000000010080000 0x000000000000a000 xrw
RamAHB32         0x0000000020000000 0x0000000000008000 xrw
RamAHB16         0x0000000020008000 0x0000000000004000 xrw
RamAHB_ETB16     0x000000002000c000 0x0000000000004000 xrw
*default*        0x0000000000000000 0xffffffffffffffff

Linker script and memory map

START GROUP
LOAD projects/lab2/out/projects/lab2/src/myLib.o
LOAD projects/lab2/out/projects/lab2/src/configuracion.o
LOAD projects/lab2/out/projects/lab2/src/lab2.o
LOAD projects/lab2/out/libs/cmsis_core//src/armv7m_startup.o
LOAD projects/lab2/out/libs/sys_newlib//src/system.o
LOAD projects/lab2/out/modules/drivers_bm//src/display.o
LOAD projects/lab2/out/modules/drivers_bm//src/uart.o
LOAD projects/lab2/out/modules/drivers_bm//src/soc.o
LOAD projects/lab2/out/modules/drivers_bm//src/led.o
LOAD projects/lab2/out/modules/drivers_bm//src/itoa.o
LOAD projects/lab2/out/modules/drivers_bm//src/unt.o
LOAD projects/lab2/out/modules/drivers_bm//src/dac.o
LOAD projects/lab2/out/modules/drivers_bm//src/adc.o
LOAD projects/lab2/out/modules/drivers_bm//src/timer.o
LOAD projects/lab2/out/modules/drivers_bm//src/switch.o
LOAD projects/lab2/out/libs/lpc_open/boards/edu_ciaa_nxp/src/board.o
LOAD projects/lab2/out/libs/lpc_open/boards/edu_ciaa_nxp/src/board_sysinit.o
LOAD projects/lab2/out/libs/lpc_open/lpc_chip_43xx/src/ccan_18xx_43xx.o
LOAD projects/lab2/out/libs/lpc_open/lpc_chip_43xx/src/gpiogroup_18xx_43xx.o
LOAD projects/lab2/out/libs/lpc_open/lpc_chip_43xx/src/dac_18xx_43xx.o
LOAD projects/lab2/out/libs/lpc_open/lpc_chip_43xx/src/ritimer_18xx_43xx.o
LOAD projects/lab2/out/libs/lpc_open/lpc_chip_43xx/src/i2s_18xx_43xx.o
LOAD projects/lab2/out/libs/lpc_open/lpc_chip_43xx/src/lcd_18xx_43xx.o
LOAD projects/lab2/out/libs/lpc_open/lpc_chip_43xx/src/uart_18xx_43xx.o
LOAD projects/lab2/out/libs/lpc_open/lpc_chip_43xx/src/adc_18xx_43xx.o
LOAD projects/lab2/out/libs/lpc_open/lpc_chip_43xx/src/stopwatch_18xx_43xx.o
LOAD projects/lab2/out/libs/lpc_open/lpc_chip_43xx/src/clock_18xx_43xx.o
LOAD projects/lab2/out/libs/lpc_open/lpc_chip_43xx/src/chip_18xx_43xx.o
LOAD projects/lab2/out/libs/lpc_open/lpc_chip_43xx/src/pmc_18xx_43xx.o
LOAD projects/lab2/out/libs/lpc_open/lpc_chip_43xx/src/otp_18xx_43xx.o
LOAD projects/lab2/out/libs/lpc_open/lpc_chip_43xx/src/aes_18xx_43xx.o
LOAD projects/lab2/out/libs/lpc_open/lpc_chip_43xx/src/sysinit_18xx_43xx.o
LOAD projects/lab2/out/libs/lpc_open/lpc_chip_43xx/src/atimer_18xx_43xx.o
LOAD projects/lab2/out/libs/lpc_open/lpc_chip_43xx/src/sdif_18xx_43xx.o
LOAD projects/lab2/out/libs/lpc_open/lpc_chip_43xx/src/timer_18xx_43xx.o
LOAD projects/lab2/out/libs/lpc_open/lpc_chip_43xx/src/iap_18xx_43xx.o
LOAD projects/lab2/out/libs/lpc_open/lpc_chip_43xx/src/wwdt_18xx_43xx.o
LOAD projects/lab2/out/libs/lpc_open/lpc_chip_43xx/src/ring_buffer.o
LOAD projects/lab2/out/libs/lpc_open/lpc_chip_43xx/src/i2cm_18xx_43xx.o
LOAD projects/lab2/out/libs/lpc_open/lpc_chip_43xx/src/pinint_18xx_43xx.o
LOAD projects/lab2/out/libs/lpc_open/lpc_chip_43xx/src/eeprom_18xx_43xx.o
LOAD projects/lab2/out/libs/lpc_open/lpc_chip_43xx/src/rtc_18xx_43xx.o
LOAD projects/lab2/out/libs/lpc_open/lpc_chip_43xx/src/sct_18xx_43xx.o
LOAD projects/lab2/out/libs/lpc_open/lpc_chip_43xx/src/emc_18xx_43xx.o
LOAD projects/lab2/out/libs/lpc_open/lpc_chip_43xx/src/sdio_18xx_43xx.o
LOAD projects/lab2/out/libs/lpc_open/lpc_chip_43xx/src/spi_18xx_43xx.o
LOAD projects/lab2/out/libs/lpc_open/lpc_chip_43xx/src/gpio_18xx_43xx.o
LOAD projects/lab2/out/libs/lpc_open/lpc_chip_43xx/src/sdmmc_18xx_43xx.o
LOAD projects/lab2/out/libs/lpc_open/lpc_chip_43xx/src/gpdma_18xx_43xx.o
LOAD projects/lab2/out/libs/lpc_open/lpc_chip_43xx/src/evrt_18xx_43xx.o
LOAD projects/lab2/out/libs/lpc_open/lpc_chip_43xx/src/sct_pwm_18xx_43xx.o
LOAD projects/lab2/out/libs/lpc_open/lpc_chip_43xx/src/enet_18xx_43xx.o
LOAD projects/lab2/out/libs/lpc_open/lpc_chip_43xx/src/ssp_18xx_43xx.o
LOAD projects/lab2/out/libs/lpc_open/lpc_chip_43xx/src/i2c_18xx_43xx.o
LOAD projects/lab2/out/libs/lpc_open/lpc_startup/src/crp.o
LOAD projects/lab2/out/libs/lpc_open/lpc_startup/src/sysinit.o
LOAD projects/lab2/out/libs/lpc_open/lpc_startup/src/vendor_interrupt.o
END GROUP
LOAD /usr/lib/gcc/arm-none-eabi/6.3.1/../../../arm-none-eabi/lib/thumb/v7e-m/fpv4-sp/hard/libstdc++_nano.a
LOAD /usr/lib/gcc/arm-none-eabi/6.3.1/../../../arm-none-eabi/lib/thumb/v7e-m/fpv4-sp/hard/libm.a
START GROUP
LOAD /usr/lib/gcc/arm-none-eabi/6.3.1/thumb/v7e-m/fpv4-sp/hard/libgcc.a
LOAD /usr/lib/gcc/arm-none-eabi/6.3.1/../../../arm-none-eabi/lib/thumb/v7e-m/fpv4-sp/hard/libc_nano.a
END GROUP
START GROUP
LOAD /usr/lib/gcc/arm-none-eabi/6.3.1/thumb/v7e-m/fpv4-sp/hard/libgcc.a
LOAD /usr/lib/gcc/arm-none-eabi/6.3.1/../../../arm-none-eabi/lib/thumb/v7e-m/fpv4-sp/hard/libc_nano.a
END GROUP
                0x000000001a080000                __top_MFlashA512 = 0x1a080000
                0x000000001b080000                __top_MFlashB512 = 0x1b080000
                0x0000000010008000                __top_RamLoc32 = 0x10008000
                0x000000001008a000                __top_RamLoc40 = 0x1008a000
                0x0000000020008000                __top_RamAHB32 = 0x20008000
                0x000000002000c000                __top_RamAHB16 = 0x2000c000
                0x0000000020010000                __top_RamAHB_ETB16 = 0x20010000
START GROUP
LOAD /usr/lib/gcc/arm-none-eabi/6.3.1/thumb/v7e-m/fpv4-sp/hard/libgcc.a
LOAD /usr/lib/gcc/arm-none-eabi/6.3.1/../../../arm-none-eabi/lib/thumb/v7e-m/fpv4-sp/hard/libc.a
LOAD /usr/lib/gcc/arm-none-eabi/6.3.1/../../../arm-none-eabi/lib/thumb/v7e-m/fpv4-sp/hard/libm.a
END GROUP

.text_Flash2    0x000000001b000000        0x0
 FILL mask 0xff
 *(.text_Flash2*)
 *(.text_MFlashB512*)
 *(.text.$Flash2*)
 *(.text.$MFlashB512*)
 *(.rodata.$Flash2*)
 *(.rodata.$MFlashB512*)

.text           0x000000001a000000     0x2124
 FILL mask 0xff
                0x000000001a000000                __vectors_start__ = ABSOLUTE (.)
 *(.isr_vector)
 .isr_vector    0x000000001a000000       0x40 projects/lab2/out/libs/cmsis_core//src/armv7m_startup.o
                0x000000001a000000                g_pfnVectors
 *(.isr_vendor_vector)
 .isr_vendor_vector
                0x000000001a000040       0xd4 projects/lab2/out/libs/lpc_open/lpc_startup/src/vendor_interrupt.o
                0x000000001a000040                g_pfnVendorVectors
                0x000000001a000114                . = ALIGN (0x4)
                0x000000001a000114                __section_table_start = .
                0x000000001a000114                __data_section_table = .
                0x000000001a000114        0x4 LONG 0x1a002130 LOADADDR (.data)
                0x000000001a000118        0x4 LONG 0x10000000 ADDR (.data)
                0x000000001a00011c        0x4 LONG 0x9c SIZEOF (.data)
                0x000000001a000120        0x4 LONG 0x1a002130 LOADADDR (.data_RAM2)
                0x000000001a000124        0x4 LONG 0x10080000 ADDR (.data_RAM2)
                0x000000001a000128        0x4 LONG 0x0 SIZEOF (.data_RAM2)
                0x000000001a00012c        0x4 LONG 0x1a002130 LOADADDR (.data_RAM3)
                0x000000001a000130        0x4 LONG 0x20000000 ADDR (.data_RAM3)
                0x000000001a000134        0x4 LONG 0x0 SIZEOF (.data_RAM3)
                0x000000001a000138        0x4 LONG 0x1a002130 LOADADDR (.data_RAM4)
                0x000000001a00013c        0x4 LONG 0x20008000 ADDR (.data_RAM4)
                0x000000001a000140        0x4 LONG 0x0 SIZEOF (.data_RAM4)
                0x000000001a000144        0x4 LONG 0x1a002130 LOADADDR (.data_RAM5)
                0x000000001a000148        0x4 LONG 0x2000c000 ADDR (.data_RAM5)
                0x000000001a00014c        0x4 LONG 0x0 SIZEOF (.data_RAM5)
                0x000000001a000150                __data_section_table_end = .
                0x000000001a000150                __bss_section_table = .
                0x000000001a000150        0x4 LONG 0x1000009c ADDR (.bss)
                0x000000001a000154        0x4 LONG 0x20 SIZEOF (.bss)
                0x000000001a000158        0x4 LONG 0x10080000 ADDR (.bss_RAM2)
                0x000000001a00015c        0x4 LONG 0x0 SIZEOF (.bss_RAM2)
                0x000000001a000160        0x4 LONG 0x20000000 ADDR (.bss_RAM3)
                0x000000001a000164        0x4 LONG 0x0 SIZEOF (.bss_RAM3)
                0x000000001a000168        0x4 LONG 0x20008000 ADDR (.bss_RAM4)
                0x000000001a00016c        0x4 LONG 0x0 SIZEOF (.bss_RAM4)
                0x000000001a000170        0x4 LONG 0x2000c000 ADDR (.bss_RAM5)
                0x000000001a000174        0x4 LONG 0x0 SIZEOF (.bss_RAM5)
                0x000000001a000178                __bss_section_table_end = .
                0x000000001a000178                __section_table_end = .
 *(.after_vectors*)
 .after_vectors
                0x000000001a000178       0x42 projects/lab2/out/libs/cmsis_core//src/armv7m_startup.o
                0x000000001a000178                NMI_Handler
                0x000000001a00017a                HardFault_Handler
                0x000000001a00017c                MemManage_Handler
                0x000000001a00017e                BusFault_Handler
                0x000000001a000180                UsageFault_Handler
                0x000000001a000182                SVC_Handler
                0x000000001a000184                DebugMon_Handler
                0x000000001a000186                PendSV_Handler
                0x000000001a00018a                data_init
                0x000000001a0001a8                bss_init
 .after_vectors
                0x000000001a0001ba        0x2 projects/lab2/out/libs/lpc_open/lpc_startup/src/vendor_interrupt.o
                0x000000001a0001ba                TIMER2_IRQHandler
                0x000000001a0001ba                RIT_IRQHandler
                0x000000001a0001ba                ADCHS_IRQHandler
                0x000000001a0001ba                FLASH_EEPROM_IRQHandler
                0x000000001a0001ba                I2C0_IRQHandler
                0x000000001a0001ba                SDIO_IRQHandler
                0x000000001a0001ba                ATIMER_IRQHandler
                0x000000001a0001ba                I2C1_IRQHandler
                0x000000001a0001ba                UART1_IRQHandler
                0x000000001a0001ba                GPIO5_IRQHandler
                0x000000001a0001ba                CAN1_IRQHandler
                0x000000001a0001ba                USB1_IRQHandler
                0x000000001a0001ba                I2S0_IRQHandler
                0x000000001a0001ba                TIMER3_IRQHandler
                0x000000001a0001ba                UART0_IRQHandler
                0x000000001a0001ba                SGPIO_IRQHandler
                0x000000001a0001ba                ADC0_IRQHandler
                0x000000001a0001ba                GPIO6_IRQHandler
                0x000000001a0001ba                IntDefaultHandler
                0x000000001a0001ba                GPIO1_IRQHandler
                0x000000001a0001ba                SSP0_IRQHandler
                0x000000001a0001ba                ADC1_IRQHandler
                0x000000001a0001ba                RTC_IRQHandler
                0x000000001a0001ba                SPI_IRQHandler
                0x000000001a0001ba                LCD_IRQHandler
                0x000000001a0001ba                TIMER1_IRQHandler
                0x000000001a0001ba                UART2_IRQHandler
                0x000000001a0001ba                GPIO2_IRQHandler
                0x000000001a0001ba                I2S1_IRQHandler
                0x000000001a0001ba                SSP1_IRQHandler
                0x000000001a0001ba                USB0_IRQHandler
                0x000000001a0001ba                GPIO3_IRQHandler
                0x000000001a0001ba                SCT_IRQHandler
                0x000000001a0001ba                WDT_IRQHandler
                0x000000001a0001ba                GPIO7_IRQHandler
                0x000000001a0001ba                SPIFI_IRQHandler
                0x000000001a0001ba                QEI_IRQHandler
                0x000000001a0001ba                ETH_IRQHandler
                0x000000001a0001ba                CAN0_IRQHandler
                0x000000001a0001ba                GINT0_IRQHandler
                0x000000001a0001ba                DAC_IRQHandler
                0x000000001a0001ba                M0SUB_IRQHandler
                0x000000001a0001ba                GPIO0_IRQHandler
                0x000000001a0001ba                DMA_IRQHandler
                0x000000001a0001ba                EVRT_IRQHandler
                0x000000001a0001ba                UART3_IRQHandler
                0x000000001a0001ba                MCPWM_IRQHandler
                0x000000001a0001ba                M0APP_IRQHandler
                0x000000001a0001ba                GINT1_IRQHandler
                0x000000001a0001ba                GPIO4_IRQHandler
                0x00000000000002fc                . = 0x2fc
 *fill*         0x000000001a0001bc      0x140 ff
                0x000000001a0002fc                PROVIDE (__CRP_WORD_START__, .)
 *(.crp)
 .crp           0x000000001a0002fc        0x4 projects/lab2/out/libs/lpc_open/lpc_startup/src/crp.o
                0x000000001a0002fc                CRP_WORD
                0x000000001a000300                PROVIDE (__CRP_WORD_END__, .)
                0x0000000000000001                ASSERT (! ((__CRP_WORD_START__ == __CRP_WORD_END__)), Linker CRP Enabled, but no CRP_WORD provided within application)
 *(.text*)
 .text.numToChar
                0x000000001a000300       0x3e projects/lab2/out/projects/lab2/src/myLib.o
                0x000000001a000300                numToChar
 *fill*         0x000000001a00033e        0x2 ff
 .text.numToString
                0x000000001a000340       0x84 projects/lab2/out/projects/lab2/src/myLib.o
                0x000000001a000340                numToString
 .text.arrayLength
                0x000000001a0003c4       0x14 projects/lab2/out/projects/lab2/src/myLib.o
                0x000000001a0003c4                arrayLength
 .text.LeerLEDs
                0x000000001a0003d8       0x58 projects/lab2/out/projects/lab2/src/myLib.o
                0x000000001a0003d8                LeerLEDs
 .text.ConfigurarInterrupciones
                0x000000001a000430       0x88 projects/lab2/out/projects/lab2/src/configuracion.o
                0x000000001a000430                ConfigurarInterrupciones
 .text.ConfigurarPuertosLaboratorio
                0x000000001a0004b8       0xa0 projects/lab2/out/projects/lab2/src/configuracion.o
                0x000000001a0004b8                ConfigurarPuertosLaboratorio
 .text.SysTick_Handler
                0x000000001a000558       0x54 projects/lab2/out/projects/lab2/src/lab2.o
                0x000000001a000558                SysTick_Handler
 .text.TIMER0_IRQHandler
                0x000000001a0005ac       0x70 projects/lab2/out/projects/lab2/src/lab2.o
                0x000000001a0005ac                TIMER0_IRQHandler
 .text.ConfigurarUART
                0x000000001a00061c       0x20 projects/lab2/out/projects/lab2/src/lab2.o
                0x000000001a00061c                ConfigurarUART
 .text.UARTDisponible
                0x000000001a00063c       0x10 projects/lab2/out/projects/lab2/src/lab2.o
                0x000000001a00063c                UARTDisponible
 .text.UARTLeerByte
                0x000000001a00064c       0x28 projects/lab2/out/projects/lab2/src/lab2.o
                0x000000001a00064c                UARTLeerByte
 .text.UARTEscribirByte
                0x000000001a000674       0x14 projects/lab2/out/projects/lab2/src/lab2.o
                0x000000001a000674                UARTEscribirByte
 .text.UARTEscribirString
                0x000000001a000688       0x20 projects/lab2/out/projects/lab2/src/lab2.o
                0x000000001a000688                UARTEscribirString
 .text.EnviarComandoAT
                0x000000001a0006a8       0x7a projects/lab2/out/projects/lab2/src/lab2.o
                0x000000001a0006a8                EnviarComandoAT
 *fill*         0x000000001a000722        0x2 ff
 .text.ConfigurarMODEM
                0x000000001a000724       0x90 projects/lab2/out/projects/lab2/src/lab2.o
                0x000000001a000724                ConfigurarMODEM
 .text.main     0x000000001a0007b4      0x1a0 projects/lab2/out/projects/lab2/src/lab2.o
                0x000000001a0007b4                main
 .text.initialise_monitor_handles
                0x000000001a000954        0x2 projects/lab2/out/libs/cmsis_core//src/armv7m_startup.o
                0x000000001a000954                initialise_monitor_handles
 *fill*         0x000000001a000956        0x2 ff
 .text.Reset_Handler
                0x000000001a000958       0x88 projects/lab2/out/libs/cmsis_core//src/armv7m_startup.o
                0x000000001a000958                Reset_Handler
 .text._fini    0x000000001a0009e0        0x2 projects/lab2/out/libs/cmsis_core//src/armv7m_startup.o
                0x000000001a0009e0                _fini
 .text._init    0x000000001a0009e2        0x2 projects/lab2/out/libs/cmsis_core//src/armv7m_startup.o
                0x000000001a0009e2                _init
 .text._sbrk_r  0x000000001a0009e4       0x20 projects/lab2/out/libs/sys_newlib//src/system.o
                0x000000001a0009e4                _sbrk_r
 .text.Led_On   0x000000001a000a04       0x78 projects/lab2/out/modules/drivers_bm//src/led.o
                0x000000001a000a04                Led_On
 .text.Led_Off  0x000000001a000a7c       0x78 projects/lab2/out/modules/drivers_bm//src/led.o
                0x000000001a000a7c                Led_Off
 .text.Led_Toggle
                0x000000001a000af4       0x78 projects/lab2/out/modules/drivers_bm//src/led.o
                0x000000001a000af4                Led_Toggle
 .text.Board_LED_Init
                0x000000001a000b6c       0x44 projects/lab2/out/libs/lpc_open/boards/edu_ciaa_nxp/src/board.o
 .text.Board_TEC_Init
                0x000000001a000bb0       0x40 projects/lab2/out/libs/lpc_open/boards/edu_ciaa_nxp/src/board.o
 .text.Board_GPIO_Init
                0x000000001a000bf0       0x40 projects/lab2/out/libs/lpc_open/boards/edu_ciaa_nxp/src/board.o
 .text.Board_ADC_Init
                0x000000001a000c30       0x30 projects/lab2/out/libs/lpc_open/boards/edu_ciaa_nxp/src/board.o
 .text.Board_SPI_Init
                0x000000001a000c60       0x38 projects/lab2/out/libs/lpc_open/boards/edu_ciaa_nxp/src/board.o
 .text.Board_I2C_Init
                0x000000001a000c98       0x24 projects/lab2/out/libs/lpc_open/boards/edu_ciaa_nxp/src/board.o
 .text.Board_Debug_Init
                0x000000001a000cbc       0x24 projects/lab2/out/libs/lpc_open/boards/edu_ciaa_nxp/src/board.o
                0x000000001a000cbc                Board_Debug_Init
 .text.Board_Init
                0x000000001a000ce0       0x2c projects/lab2/out/libs/lpc_open/boards/edu_ciaa_nxp/src/board.o
                0x000000001a000ce0                Board_Init
 .text.__stdio_init
                0x000000001a000d0c        0x8 projects/lab2/out/libs/lpc_open/boards/edu_ciaa_nxp/src/board.o
                0x000000001a000d0c                __stdio_init
 .text.Board_SetupMuxing
                0x000000001a000d14       0x38 projects/lab2/out/libs/lpc_open/boards/edu_ciaa_nxp/src/board_sysinit.o
                0x000000001a000d14                Board_SetupMuxing
 .text.Board_SetupClocking
                0x000000001a000d4c       0x6c projects/lab2/out/libs/lpc_open/boards/edu_ciaa_nxp/src/board_sysinit.o
                0x000000001a000d4c                Board_SetupClocking
 .text.Board_SystemInit
                0x000000001a000db8        0xc projects/lab2/out/libs/lpc_open/boards/edu_ciaa_nxp/src/board_sysinit.o
                0x000000001a000db8                Board_SystemInit
 .text.Chip_UART_GetIndex
                0x000000001a000dc4       0x2c projects/lab2/out/libs/lpc_open/lpc_chip_43xx/src/uart_18xx_43xx.o
 .text.Chip_UART_Init
                0x000000001a000df0       0x54 projects/lab2/out/libs/lpc_open/lpc_chip_43xx/src/uart_18xx_43xx.o
                0x000000001a000df0                Chip_UART_Init
 .text.Chip_UART_SetBaudFDR
                0x000000001a000e44       0xe8 projects/lab2/out/libs/lpc_open/lpc_chip_43xx/src/uart_18xx_43xx.o
                0x000000001a000e44                Chip_UART_SetBaudFDR
 .text.Chip_ADC_GetClockIndex
                0x000000001a000f2c       0x14 projects/lab2/out/libs/lpc_open/lpc_chip_43xx/src/adc_18xx_43xx.o
 .text.getClkDiv
                0x000000001a000f40       0x32 projects/lab2/out/libs/lpc_open/lpc_chip_43xx/src/adc_18xx_43xx.o
 *fill*         0x000000001a000f72        0x2 ff
 .text.Chip_ADC_Init
                0x000000001a000f74       0x40 projects/lab2/out/libs/lpc_open/lpc_chip_43xx/src/adc_18xx_43xx.o
                0x000000001a000f74                Chip_ADC_Init
 .text.Chip_ADC_SetSampleRate
                0x000000001a000fb4       0x32 projects/lab2/out/libs/lpc_open/lpc_chip_43xx/src/adc_18xx_43xx.o
                0x000000001a000fb4                Chip_ADC_SetSampleRate
 .text.Chip_ADC_SetResolution
                0x000000001a000fe6        0xc projects/lab2/out/libs/lpc_open/lpc_chip_43xx/src/adc_18xx_43xx.o
                0x000000001a000fe6                Chip_ADC_SetResolution
 *fill*         0x000000001a000ff2        0x2 ff
 .text.pll_calc_divs
                0x000000001a000ff4       0xa0 projects/lab2/out/libs/lpc_open/lpc_chip_43xx/src/clock_18xx_43xx.o
 .text.pll_get_frac
                0x000000001a001094      0x10c projects/lab2/out/libs/lpc_open/lpc_chip_43xx/src/clock_18xx_43xx.o
 .text.Chip_Clock_FindBaseClock
                0x000000001a0011a0       0x4c projects/lab2/out/libs/lpc_open/lpc_chip_43xx/src/clock_18xx_43xx.o
 .text.Chip_Clock_EnableCrystal
                0x000000001a0011ec       0x4c projects/lab2/out/libs/lpc_open/lpc_chip_43xx/src/clock_18xx_43xx.o
                0x000000001a0011ec                Chip_Clock_EnableCrystal
 .text.Chip_Clock_GetDividerSource
                0x000000001a001238       0x1c projects/lab2/out/libs/lpc_open/lpc_chip_43xx/src/clock_18xx_43xx.o
                0x000000001a001238                Chip_Clock_GetDividerSource
 .text.Chip_Clock_GetDividerDivisor
                0x000000001a001254       0x1c projects/lab2/out/libs/lpc_open/lpc_chip_43xx/src/clock_18xx_43xx.o
                0x000000001a001254                Chip_Clock_GetDividerDivisor
 .text.Chip_Clock_GetClockInputHz
                0x000000001a001270       0xb8 projects/lab2/out/libs/lpc_open/lpc_chip_43xx/src/clock_18xx_43xx.o
                0x000000001a001270                Chip_Clock_GetClockInputHz
 .text.Chip_Clock_CalcMainPLLValue
                0x000000001a001328       0x80 projects/lab2/out/libs/lpc_open/lpc_chip_43xx/src/clock_18xx_43xx.o
                0x000000001a001328                Chip_Clock_CalcMainPLLValue
 .text.Chip_Clock_GetMainPLLHz
                0x000000001a0013a8       0x6c projects/lab2/out/libs/lpc_open/lpc_chip_43xx/src/clock_18xx_43xx.o
                0x000000001a0013a8                Chip_Clock_GetMainPLLHz
 .text.Chip_Clock_GetDivRate
                0x000000001a001414       0x22 projects/lab2/out/libs/lpc_open/lpc_chip_43xx/src/clock_18xx_43xx.o
 *fill*         0x000000001a001436        0x2 ff
 .text.Chip_Clock_SetBaseClock
                0x000000001a001438       0x58 projects/lab2/out/libs/lpc_open/lpc_chip_43xx/src/clock_18xx_43xx.o
                0x000000001a001438                Chip_Clock_SetBaseClock
 .text.Chip_Clock_GetBaseClock
                0x000000001a001490       0x26 projects/lab2/out/libs/lpc_open/lpc_chip_43xx/src/clock_18xx_43xx.o
                0x000000001a001490                Chip_Clock_GetBaseClock
 .text.Chip_Clock_GetBaseClocktHz
                0x000000001a0014b6        0xc projects/lab2/out/libs/lpc_open/lpc_chip_43xx/src/clock_18xx_43xx.o
                0x000000001a0014b6                Chip_Clock_GetBaseClocktHz
 *fill*         0x000000001a0014c2        0x2 ff
 .text.Chip_Clock_EnableOpts
                0x000000001a0014c4       0x3c projects/lab2/out/libs/lpc_open/lpc_chip_43xx/src/clock_18xx_43xx.o
                0x000000001a0014c4                Chip_Clock_EnableOpts
 .text.Chip_Clock_Enable
                0x000000001a001500       0x34 projects/lab2/out/libs/lpc_open/lpc_chip_43xx/src/clock_18xx_43xx.o
                0x000000001a001500                Chip_Clock_Enable
 .text.Chip_Clock_GetRate
                0x000000001a001534       0x4c projects/lab2/out/libs/lpc_open/lpc_chip_43xx/src/clock_18xx_43xx.o
                0x000000001a001534                Chip_Clock_GetRate
 .text.SystemCoreClockUpdate
                0x000000001a001580       0x14 projects/lab2/out/libs/lpc_open/lpc_chip_43xx/src/chip_18xx_43xx.o
                0x000000001a001580                SystemCoreClockUpdate
 .text.Chip_SetupCoreClock
                0x000000001a001594      0x154 projects/lab2/out/libs/lpc_open/lpc_chip_43xx/src/sysinit_18xx_43xx.o
                0x000000001a001594                Chip_SetupCoreClock
 .text.Chip_GPIO_Init
                0x000000001a0016e8        0x2 projects/lab2/out/libs/lpc_open/lpc_chip_43xx/src/gpio_18xx_43xx.o
                0x000000001a0016e8                Chip_GPIO_Init
 *fill*         0x000000001a0016ea        0x2 ff
 .text.Chip_SSP_GetClockIndex
                0x000000001a0016ec       0x14 projects/lab2/out/libs/lpc_open/lpc_chip_43xx/src/ssp_18xx_43xx.o
 .text.Chip_SSP_GetPeriphClockIndex
                0x000000001a001700       0x18 projects/lab2/out/libs/lpc_open/lpc_chip_43xx/src/ssp_18xx_43xx.o
 .text.Chip_SSP_SetClockRate
                0x000000001a001718       0x12 projects/lab2/out/libs/lpc_open/lpc_chip_43xx/src/ssp_18xx_43xx.o
                0x000000001a001718                Chip_SSP_SetClockRate
 .text.Chip_SSP_SetBitRate
                0x000000001a00172a       0x3e projects/lab2/out/libs/lpc_open/lpc_chip_43xx/src/ssp_18xx_43xx.o
                0x000000001a00172a                Chip_SSP_SetBitRate
 .text.Chip_SSP_Init
                0x000000001a001768       0x38 projects/lab2/out/libs/lpc_open/lpc_chip_43xx/src/ssp_18xx_43xx.o
                0x000000001a001768                Chip_SSP_Init
 .text.Chip_I2C_EventHandler
                0x000000001a0017a0       0x20 projects/lab2/out/libs/lpc_open/lpc_chip_43xx/src/i2c_18xx_43xx.o
                0x000000001a0017a0                Chip_I2C_EventHandler
 .text.Chip_I2C_Init
                0x000000001a0017c0       0x24 projects/lab2/out/libs/lpc_open/lpc_chip_43xx/src/i2c_18xx_43xx.o
                0x000000001a0017c0                Chip_I2C_Init
 .text.Chip_I2C_SetClockRate
                0x000000001a0017e4       0x38 projects/lab2/out/libs/lpc_open/lpc_chip_43xx/src/i2c_18xx_43xx.o
                0x000000001a0017e4                Chip_I2C_SetClockRate
 .text.SystemInit
                0x000000001a00181c       0x40 projects/lab2/out/libs/lpc_open/lpc_startup/src/sysinit.o
                0x000000001a00181c                SystemInit
 .text          0x000000001a00185c       0x30 /usr/lib/gcc/arm-none-eabi/6.3.1/thumb/v7e-m/fpv4-sp/hard/libgcc.a(_aeabi_uldivmod.o)
                0x000000001a00185c                __aeabi_uldivmod
 .text          0x000000001a00188c      0x2dc /usr/lib/gcc/arm-none-eabi/6.3.1/thumb/v7e-m/fpv4-sp/hard/libgcc.a(_udivmoddi4.o)
                0x000000001a00188c                __udivmoddi4
 .text          0x000000001a001b68        0x4 /usr/lib/gcc/arm-none-eabi/6.3.1/thumb/v7e-m/fpv4-sp/hard/libgcc.a(_dvmd_tls.o)
                0x000000001a001b68                __aeabi_ldiv0
                0x000000001a001b68                __aeabi_idiv0
 .text          0x000000001a001b6c       0x50 /usr/lib/gcc/arm-none-eabi/6.3.1/../../../arm-none-eabi/lib/thumb/v7e-m/fpv4-sp/hard/libc_nano.a(lib_a-init.o)
                0x000000001a001b6c                __libc_init_array
 .text          0x000000001a001bbc       0x20 /usr/lib/gcc/arm-none-eabi/6.3.1/../../../arm-none-eabi/lib/thumb/v7e-m/fpv4-sp/hard/libc_nano.a(lib_a-malloc.o)
                0x000000001a001bbc                malloc
                0x000000001a001bcc                free
 .text          0x000000001a001bdc       0x9c /usr/lib/gcc/arm-none-eabi/6.3.1/../../../arm-none-eabi/lib/thumb/v7e-m/fpv4-sp/hard/libc_nano.a(lib_a-memset.o)
                0x000000001a001bdc                memset
 .text          0x000000001a001c78       0x90 /usr/lib/gcc/arm-none-eabi/6.3.1/../../../arm-none-eabi/lib/thumb/v7e-m/fpv4-sp/hard/libc_nano.a(lib_a-nano-freer.o)
                0x000000001a001c78                _free_r
 .text          0x000000001a001d08       0xbc /usr/lib/gcc/arm-none-eabi/6.3.1/../../../arm-none-eabi/lib/thumb/v7e-m/fpv4-sp/hard/libc_nano.a(lib_a-nano-mallocr.o)
                0x000000001a001d08                _malloc_r
 *fill*         0x000000001a001dc4       0x3c ff
 .text          0x000000001a001e00       0xdc /usr/lib/gcc/arm-none-eabi/6.3.1/../../../arm-none-eabi/lib/thumb/v7e-m/fpv4-sp/hard/libc_nano.a(lib_a-strlen.o)
                0x000000001a001e00                strlen
 *(.rodata .rodata.* .constdata .constdata.*)
 .rodata.ConfigurarMODEM.str1.4
                0x000000001a001edc       0x63 projects/lab2/out/projects/lab2/src/lab2.o
 *fill*         0x000000001a001f3f        0x1 ff
 .rodata.main.str1.4
                0x000000001a001f40       0x65 projects/lab2/out/projects/lab2/src/lab2.o
 *fill*         0x000000001a001fa5        0x3 ff
 .rodata.ExtRateIn
                0x000000001a001fa8        0x4 projects/lab2/out/libs/lpc_open/boards/edu_ciaa_nxp/src/board.o
                0x000000001a001fa8                ExtRateIn
 .rodata.GpioButtons
                0x000000001a001fac        0x8 projects/lab2/out/libs/lpc_open/boards/edu_ciaa_nxp/src/board.o
 .rodata.GpioLeds
                0x000000001a001fb4        0xc projects/lab2/out/libs/lpc_open/boards/edu_ciaa_nxp/src/board.o
 .rodata.GpioPorts
                0x000000001a001fc0       0x12 projects/lab2/out/libs/lpc_open/boards/edu_ciaa_nxp/src/board.o
 *fill*         0x000000001a001fd2        0x2 ff
 .rodata.OscRateIn
                0x000000001a001fd4        0x4 projects/lab2/out/libs/lpc_open/boards/edu_ciaa_nxp/src/board.o
                0x000000001a001fd4                OscRateIn
 .rodata.InitClkStates
                0x000000001a001fd8        0x4 projects/lab2/out/libs/lpc_open/boards/edu_ciaa_nxp/src/board_sysinit.o
 .rodata.pinmuxing
                0x000000001a001fdc       0x74 projects/lab2/out/libs/lpc_open/boards/edu_ciaa_nxp/src/board_sysinit.o
 .rodata.UART_BClock
                0x000000001a002050        0x8 projects/lab2/out/libs/lpc_open/lpc_chip_43xx/src/uart_18xx_43xx.o
 .rodata.UART_PClock
                0x000000001a002058        0x8 projects/lab2/out/libs/lpc_open/lpc_chip_43xx/src/uart_18xx_43xx.o
 .rodata        0x000000001a002060        0x4 projects/lab2/out/libs/lpc_open/lpc_chip_43xx/src/clock_18xx_43xx.o
 .rodata.Chip_Clock_SetDivider.str1.4
                0x000000001a002064        0x6 projects/lab2/out/libs/lpc_open/lpc_chip_43xx/src/clock_18xx_43xx.o
 *fill*         0x000000001a00206a        0x2 ff
 .rodata.periph_to_base
                0x000000001a00206c       0x6c projects/lab2/out/libs/lpc_open/lpc_chip_43xx/src/clock_18xx_43xx.o
 .rodata.InitClkStates
                0x000000001a0020d8       0x48 projects/lab2/out/libs/lpc_open/lpc_chip_43xx/src/sysinit_18xx_43xx.o
 .rodata.str1.4
                0x000000001a002120        0x4 /usr/lib/gcc/arm-none-eabi/6.3.1/../../../arm-none-eabi/lib/thumb/v7e-m/fpv4-sp/hard/libc_nano.a(lib_a-impure.o)
                                          0x2 (size before relaxing)
                0x000000001a002124                . = ALIGN (0x4)

.glue_7         0x000000001a002124        0x0
 .glue_7        0x000000001a002124        0x0 linker stubs

.glue_7t        0x000000001a002124        0x0
 .glue_7t       0x000000001a002124        0x0 linker stubs

.vfp11_veneer   0x000000001a002124        0x0
 .vfp11_veneer  0x000000001a002124        0x0 linker stubs

.v4_bx          0x000000001a002124        0x0
 .v4_bx         0x000000001a002124        0x0 linker stubs

.iplt           0x000000001a002124        0x0
 .iplt          0x000000001a002124        0x0 projects/lab2/out/projects/lab2/src/myLib.o
                0x000000001a002124                . = ALIGN (0x4)

.preinit_array  0x000000001a002124        0x0
                0x000000001a002124                PROVIDE (__preinit_array_start, .)
 *(.preinit_array*)
                0x000000001a002124                PROVIDE (__preinit_array_end, .)

.init_array     0x000000001a002124        0x4
                0x000000001a002124                PROVIDE (__init_array_start, .)
 *(SORT(.init_array.*))
 *(.init_array*)
 .init_array    0x000000001a002124        0x4 projects/lab2/out/libs/sys_newlib//src/system.o
                0x000000001a002128                PROVIDE (__init_array_end, .)
                0x000000001a002128                . = ALIGN (0x4)

.ARM.extab
 *(.ARM.extab* .gnu.linkonce.armextab.*)
                0x000000001a002128                __exidx_start = .

.ARM.exidx      0x000000001a002128        0x8
 *(.ARM.exidx* .gnu.linkonce.armexidx.*)
 .ARM.exidx     0x000000001a002128        0x8 /usr/lib/gcc/arm-none-eabi/6.3.1/thumb/v7e-m/fpv4-sp/hard/libgcc.a(_udivmoddi4.o)
                0x000000001a002130                __exidx_end = .
                0x000000001a002130                _etext = .

.rel.dyn        0x000000001a002130        0x0
 .rel.iplt      0x000000001a002130        0x0 projects/lab2/out/projects/lab2/src/myLib.o

.data_RAM2      0x0000000010080000        0x0 load address 0x000000001a002130
 FILL mask 0xff
 *(.ramfunc.$RAM2)
 *(.ramfunc.$RamLoc40)
 *(.data.$RAM2*)
 *(.data.$RamLoc40*)
                0x0000000010080000                . = ALIGN (0x4)

.data_RAM3      0x0000000020000000        0x0 load address 0x000000001a002130
 FILL mask 0xff
 *(.ramfunc.$RAM3)
 *(.ramfunc.$RamAHB32)
 *(.data.$RAM3*)
 *(.data.$RamAHB32*)
                0x0000000020000000                . = ALIGN (0x4)

.data_RAM4      0x0000000020008000        0x0 load address 0x000000001a002130
 FILL mask 0xff
 *(.ramfunc.$RAM4)
 *(.ramfunc.$RamAHB16)
 *(.data.$RAM4*)
 *(.data.$RamAHB16*)
                0x0000000020008000                . = ALIGN (0x4)

.data_RAM5      0x000000002000c000        0x0 load address 0x000000001a002130
 FILL mask 0xff
 *(.ramfunc.$RAM5)
 *(.ramfunc.$RamAHB_ETB16)
 *(.data.$RAM5*)
 *(.data.$RamAHB_ETB16*)
                0x000000002000c000                . = ALIGN (0x4)

.uninit_RESERVED
                0x0000000010000000        0x0
 *(.bss.$RESERVED*)
                0x0000000010000000                . = ALIGN (0x4)
                0x0000000010000000                _end_uninit_RESERVED = .

.data           0x0000000010000000       0x9c load address 0x000000001a002130
 FILL mask 0xff
                0x0000000010000000                _data = .
 *(vtable)
 *(.ramfunc*)
 *(.data*)
 .data.i2c      0x0000000010000000       0x38 projects/lab2/out/libs/lpc_open/lpc_chip_43xx/src/i2c_18xx_43xx.o
 .data          0x0000000010000038       0x64 /usr/lib/gcc/arm-none-eabi/6.3.1/../../../arm-none-eabi/lib/thumb/v7e-m/fpv4-sp/hard/libc_nano.a(lib_a-impure.o)
                0x0000000010000038                _impure_ptr
                0x000000001000009c                . = ALIGN (0x4)
                0x000000001000009c                _edata = .

.igot.plt       0x000000001000009c        0x0 load address 0x000000001a0021cc
 .igot.plt      0x000000001000009c        0x0 projects/lab2/out/projects/lab2/src/myLib.o

.bss_RAM2       0x0000000010080000        0x0
 *(.bss.$RAM2*)
 *(.bss.$RamLoc40*)
                0x0000000010080000                . = ALIGN (0x4)

.bss_RAM3       0x0000000020000000        0x0
 *(.bss.$RAM3*)
 *(.bss.$RamAHB32*)
                0x0000000020000000                . = ALIGN (0x4)

.bss_RAM4       0x0000000020008000        0x0
 *(.bss.$RAM4*)
 *(.bss.$RamAHB16*)
                0x0000000020008000                . = ALIGN (0x4)

.bss_RAM5       0x000000002000c000        0x0
 *(.bss.$RAM5*)
 *(.bss.$RamAHB_ETB16*)
                0x000000002000c000                . = ALIGN (0x4)

.bss            0x000000001000009c       0x20
                0x000000001000009c                _bss = .
 *(.bss*)
 .bss.contador.11041
                0x000000001000009c        0x4 projects/lab2/out/projects/lab2/src/lab2.o
 .bss.heap_end.5622
                0x00000000100000a0        0x4 projects/lab2/out/libs/sys_newlib//src/system.o
 .bss.audio_usb_pll_freq
                0x00000000100000a4        0x8 projects/lab2/out/libs/lpc_open/lpc_chip_43xx/src/clock_18xx_43xx.o
 .bss           0x00000000100000ac        0x8 /usr/lib/gcc/arm-none-eabi/6.3.1/../../../arm-none-eabi/lib/thumb/v7e-m/fpv4-sp/hard/libc_nano.a(lib_a-nano-mallocr.o)
                0x00000000100000ac                __malloc_free_list
                0x00000000100000b0                __malloc_sbrk_start
 *(COMMON)
 COMMON         0x00000000100000b4        0x1 projects/lab2/out/projects/lab2/src/lab2.o
                0x00000000100000b4                led_encendido
 *fill*         0x00000000100000b5        0x3 
 COMMON         0x00000000100000b8        0x4 projects/lab2/out/libs/lpc_open/lpc_chip_43xx/src/chip_18xx_43xx.o
                0x00000000100000b8                SystemCoreClock
                0x00000000100000bc                . = ALIGN (0x4)
                0x00000000100000bc                _ebss = .
                [!provide]                        PROVIDE (end, .)

.noinit_RAM2    0x0000000010080000        0x0
 *(.noinit.$RAM2*)
 *(.noinit.$RamLoc40*)
                0x0000000010080000                . = ALIGN (0x4)

.noinit_RAM3    0x0000000020000000        0x0
 *(.noinit.$RAM3*)
 *(.noinit.$RamAHB32*)
                0x0000000020000000                . = ALIGN (0x4)

.noinit_RAM4    0x0000000020008000        0x0
 *(.noinit.$RAM4*)
 *(.noinit.$RamAHB16*)
                0x0000000020008000                . = ALIGN (0x4)

.noinit_RAM5    0x000000002000c000        0x0
 *(.noinit.$RAM5*)
 *(.noinit.$RamAHB_ETB16*)
                0x000000002000c000                . = ALIGN (0x4)

.noinit         0x00000000100000bc        0x0
                0x00000000100000bc                _noinit = .
 *(.noinit*)
                0x00000000100000bc                . = ALIGN (0x4)
                0x00000000100000bc                _end_noinit = .
                0x00000000100000bc                PROVIDE (_pvHeapStart, .)
                0x0000000010008000                PROVIDE (_vStackTop, (__top_RamLoc32 - 0x0))
                0xffffffff53ff6f36                PROVIDE (__valid_user_code_checksum, (0x0 - ((((((_vStackTop + (Reset_Handler + 0x1)) + (NMI_Handler + 0x1)) + (HardFault_Handler + 0x1)) + (DEFINED (MemManage_Handler)?MemManage_Handler:0x0 + 0x1)) + (DEFINED (BusFault_Handler)?BusFault_Handler:0x0 + 0x1)) + (DEFINED (UsageFault_Handler)?UsageFault_Handler:0x0 + 0x1))))
OUTPUT(projects/lab2/out/lab2.elf elf32-littlearm)

.debug_info     0x0000000000000000    0x1529a
 .debug_info    0x0000000000000000     0x1126 projects/lab2/out/projects/lab2/src/myLib.o
 .debug_info    0x0000000000001126     0x10bb projects/lab2/out/projects/lab2/src/configuracion.o
 .debug_info    0x00000000000021e1     0x12d5 projects/lab2/out/projects/lab2/src/lab2.o
 .debug_info    0x00000000000034b6      0x308 projects/lab2/out/libs/cmsis_core//src/armv7m_startup.o
 .debug_info    0x00000000000037be      0xf34 projects/lab2/out/libs/sys_newlib//src/system.o
 .debug_info    0x00000000000046f2      0xd0f projects/lab2/out/modules/drivers_bm//src/led.o
 .debug_info    0x0000000000005401     0x210c projects/lab2/out/libs/lpc_open/boards/edu_ciaa_nxp/src/board.o
 .debug_info    0x000000000000750d     0x14ab projects/lab2/out/libs/lpc_open/boards/edu_ciaa_nxp/src/board_sysinit.o
 .debug_info    0x00000000000089b8     0x164c projects/lab2/out/libs/lpc_open/lpc_chip_43xx/src/uart_18xx_43xx.o
 .debug_info    0x000000000000a004      0xaed projects/lab2/out/libs/lpc_open/lpc_chip_43xx/src/adc_18xx_43xx.o
 .debug_info    0x000000000000aaf1     0x18e4 projects/lab2/out/libs/lpc_open/lpc_chip_43xx/src/clock_18xx_43xx.o
 .debug_info    0x000000000000c3d5      0xc3b projects/lab2/out/libs/lpc_open/lpc_chip_43xx/src/chip_18xx_43xx.o
 .debug_info    0x000000000000d010      0xaae projects/lab2/out/libs/lpc_open/lpc_chip_43xx/src/sysinit_18xx_43xx.o
 .debug_info    0x000000000000dabe      0x220 projects/lab2/out/libs/lpc_open/lpc_chip_43xx/src/gpio_18xx_43xx.o
 .debug_info    0x000000000000dcde     0x1605 projects/lab2/out/libs/lpc_open/lpc_chip_43xx/src/ssp_18xx_43xx.o
 .debug_info    0x000000000000f2e3     0x1361 projects/lab2/out/libs/lpc_open/lpc_chip_43xx/src/i2c_18xx_43xx.o
 .debug_info    0x0000000000010644       0x3f projects/lab2/out/libs/lpc_open/lpc_startup/src/crp.o
 .debug_info    0x0000000000010683      0xbaa projects/lab2/out/libs/lpc_open/lpc_startup/src/sysinit.o
 .debug_info    0x000000000001122d       0x74 projects/lab2/out/libs/lpc_open/lpc_startup/src/vendor_interrupt.o
 .debug_info    0x00000000000112a1       0xcf /usr/lib/gcc/arm-none-eabi/6.3.1/thumb/v7e-m/fpv4-sp/hard/libgcc.a(_aeabi_uldivmod.o)
 .debug_info    0x0000000000011370      0xc24 /usr/lib/gcc/arm-none-eabi/6.3.1/thumb/v7e-m/fpv4-sp/hard/libgcc.a(_udivmoddi4.o)
 .debug_info    0x0000000000011f94       0xd3 /usr/lib/gcc/arm-none-eabi/6.3.1/thumb/v7e-m/fpv4-sp/hard/libgcc.a(_dvmd_tls.o)
 .debug_info    0x0000000000012067      0x110 /usr/lib/gcc/arm-none-eabi/6.3.1/../../../arm-none-eabi/lib/thumb/v7e-m/fpv4-sp/hard/libc_nano.a(lib_a-init.o)
 .debug_info    0x0000000000012177      0x91d /usr/lib/gcc/arm-none-eabi/6.3.1/../../../arm-none-eabi/lib/thumb/v7e-m/fpv4-sp/hard/libc_nano.a(lib_a-malloc.o)
 .debug_info    0x0000000000012a94      0x916 /usr/lib/gcc/arm-none-eabi/6.3.1/../../../arm-none-eabi/lib/thumb/v7e-m/fpv4-sp/hard/libc_nano.a(lib_a-memset.o)
 .debug_info    0x00000000000133aa      0xa51 /usr/lib/gcc/arm-none-eabi/6.3.1/../../../arm-none-eabi/lib/thumb/v7e-m/fpv4-sp/hard/libc_nano.a(lib_a-nano-freer.o)
 .debug_info    0x0000000000013dfb      0xb1f /usr/lib/gcc/arm-none-eabi/6.3.1/../../../arm-none-eabi/lib/thumb/v7e-m/fpv4-sp/hard/libc_nano.a(lib_a-nano-mallocr.o)
 .debug_info    0x000000000001491a       0xe0 /usr/lib/gcc/arm-none-eabi/6.3.1/../../../arm-none-eabi/lib/thumb/v7e-m/fpv4-sp/hard/libc_nano.a(lib_a-strlen.o)
 .debug_info    0x00000000000149fa      0x8a0 /usr/lib/gcc/arm-none-eabi/6.3.1/../../../arm-none-eabi/lib/thumb/v7e-m/fpv4-sp/hard/libc_nano.a(lib_a-impure.o)

.debug_abbrev   0x0000000000000000     0x3802
 .debug_abbrev  0x0000000000000000      0x337 projects/lab2/out/projects/lab2/src/myLib.o
 .debug_abbrev  0x0000000000000337      0x232 projects/lab2/out/projects/lab2/src/configuracion.o
 .debug_abbrev  0x0000000000000569      0x2e2 projects/lab2/out/projects/lab2/src/lab2.o
 .debug_abbrev  0x000000000000084b      0x10d projects/lab2/out/libs/cmsis_core//src/armv7m_startup.o
 .debug_abbrev  0x0000000000000958      0x2b7 projects/lab2/out/libs/sys_newlib//src/system.o
 .debug_abbrev  0x0000000000000c0f      0x1f8 projects/lab2/out/modules/drivers_bm//src/led.o
 .debug_abbrev  0x0000000000000e07      0x46f projects/lab2/out/libs/lpc_open/boards/edu_ciaa_nxp/src/board.o
 .debug_abbrev  0x0000000000001276      0x2eb projects/lab2/out/libs/lpc_open/boards/edu_ciaa_nxp/src/board_sysinit.o
 .debug_abbrev  0x0000000000001561      0x3b3 projects/lab2/out/libs/lpc_open/lpc_chip_43xx/src/uart_18xx_43xx.o
 .debug_abbrev  0x0000000000001914      0x1f5 projects/lab2/out/libs/lpc_open/lpc_chip_43xx/src/adc_18xx_43xx.o
 .debug_abbrev  0x0000000000001b09      0x36f projects/lab2/out/libs/lpc_open/lpc_chip_43xx/src/clock_18xx_43xx.o
 .debug_abbrev  0x0000000000001e78      0x1bf projects/lab2/out/libs/lpc_open/lpc_chip_43xx/src/chip_18xx_43xx.o
 .debug_abbrev  0x0000000000002037      0x1ff projects/lab2/out/libs/lpc_open/lpc_chip_43xx/src/sysinit_18xx_43xx.o
 .debug_abbrev  0x0000000000002236      0x100 projects/lab2/out/libs/lpc_open/lpc_chip_43xx/src/gpio_18xx_43xx.o
 .debug_abbrev  0x0000000000002336      0x33d projects/lab2/out/libs/lpc_open/lpc_chip_43xx/src/ssp_18xx_43xx.o
 .debug_abbrev  0x0000000000002673      0x340 projects/lab2/out/libs/lpc_open/lpc_chip_43xx/src/i2c_18xx_43xx.o
 .debug_abbrev  0x00000000000029b3       0x36 projects/lab2/out/libs/lpc_open/lpc_startup/src/crp.o
 .debug_abbrev  0x00000000000029e9      0x216 projects/lab2/out/libs/lpc_open/lpc_startup/src/sysinit.o
 .debug_abbrev  0x0000000000002bff       0x74 projects/lab2/out/libs/lpc_open/lpc_startup/src/vendor_interrupt.o
 .debug_abbrev  0x0000000000002c73       0x14 /usr/lib/gcc/arm-none-eabi/6.3.1/thumb/v7e-m/fpv4-sp/hard/libgcc.a(_aeabi_uldivmod.o)
 .debug_abbrev  0x0000000000002c87      0x18c /usr/lib/gcc/arm-none-eabi/6.3.1/thumb/v7e-m/fpv4-sp/hard/libgcc.a(_udivmoddi4.o)
 .debug_abbrev  0x0000000000002e13       0x14 /usr/lib/gcc/arm-none-eabi/6.3.1/thumb/v7e-m/fpv4-sp/hard/libgcc.a(_dvmd_tls.o)
 .debug_abbrev  0x0000000000002e27       0xba /usr/lib/gcc/arm-none-eabi/6.3.1/../../../arm-none-eabi/lib/thumb/v7e-m/fpv4-sp/hard/libc_nano.a(lib_a-init.o)
 .debug_abbrev  0x0000000000002ee1      0x1c0 /usr/lib/gcc/arm-none-eabi/6.3.1/../../../arm-none-eabi/lib/thumb/v7e-m/fpv4-sp/hard/libc_nano.a(lib_a-malloc.o)
 .debug_abbrev  0x00000000000030a1      0x197 /usr/lib/gcc/arm-none-eabi/6.3.1/../../../arm-none-eabi/lib/thumb/v7e-m/fpv4-sp/hard/libc_nano.a(lib_a-memset.o)
 .debug_abbrev  0x0000000000003238      0x1ef /usr/lib/gcc/arm-none-eabi/6.3.1/../../../arm-none-eabi/lib/thumb/v7e-m/fpv4-sp/hard/libc_nano.a(lib_a-nano-freer.o)
 .debug_abbrev  0x0000000000003427      0x274 /usr/lib/gcc/arm-none-eabi/6.3.1/../../../arm-none-eabi/lib/thumb/v7e-m/fpv4-sp/hard/libc_nano.a(lib_a-nano-mallocr.o)
 .debug_abbrev  0x000000000000369b       0x14 /usr/lib/gcc/arm-none-eabi/6.3.1/../../../arm-none-eabi/lib/thumb/v7e-m/fpv4-sp/hard/libc_nano.a(lib_a-strlen.o)
 .debug_abbrev  0x00000000000036af      0x153 /usr/lib/gcc/arm-none-eabi/6.3.1/../../../arm-none-eabi/lib/thumb/v7e-m/fpv4-sp/hard/libc_nano.a(lib_a-impure.o)

.debug_loc      0x0000000000000000     0x816b
 .debug_loc     0x0000000000000000      0x806 projects/lab2/out/projects/lab2/src/myLib.o
 .debug_loc     0x0000000000000806      0x6c3 projects/lab2/out/projects/lab2/src/configuracion.o
 .debug_loc     0x0000000000000ec9      0x306 projects/lab2/out/projects/lab2/src/lab2.o
 .debug_loc     0x00000000000011cf      0x206 projects/lab2/out/libs/cmsis_core//src/armv7m_startup.o
 .debug_loc     0x00000000000013d5      0x586 projects/lab2/out/libs/sys_newlib//src/system.o
 .debug_loc     0x000000000000195b      0xab8 projects/lab2/out/modules/drivers_bm//src/led.o
 .debug_loc     0x0000000000002413      0x5b0 projects/lab2/out/libs/lpc_open/boards/edu_ciaa_nxp/src/board.o
 .debug_loc     0x00000000000029c3       0xf5 projects/lab2/out/libs/lpc_open/boards/edu_ciaa_nxp/src/board_sysinit.o
 .debug_loc     0x0000000000002ab8      0xd25 projects/lab2/out/libs/lpc_open/lpc_chip_43xx/src/uart_18xx_43xx.o
 .debug_loc     0x00000000000037dd      0x673 projects/lab2/out/libs/lpc_open/lpc_chip_43xx/src/adc_18xx_43xx.o
 .debug_loc     0x0000000000003e50     0x1295 projects/lab2/out/libs/lpc_open/lpc_chip_43xx/src/clock_18xx_43xx.o
 .debug_loc     0x00000000000050e5      0x1b5 projects/lab2/out/libs/lpc_open/lpc_chip_43xx/src/sysinit_18xx_43xx.o
 .debug_loc     0x000000000000529a      0xd79 projects/lab2/out/libs/lpc_open/lpc_chip_43xx/src/ssp_18xx_43xx.o
 .debug_loc     0x0000000000006013      0xc42 projects/lab2/out/libs/lpc_open/lpc_chip_43xx/src/i2c_18xx_43xx.o
 .debug_loc     0x0000000000006c55       0x13 projects/lab2/out/libs/lpc_open/lpc_startup/src/sysinit.o
 .debug_loc     0x0000000000006c68      0xd77 /usr/lib/gcc/arm-none-eabi/6.3.1/thumb/v7e-m/fpv4-sp/hard/libgcc.a(_udivmoddi4.o)
 .debug_loc     0x00000000000079df       0xae /usr/lib/gcc/arm-none-eabi/6.3.1/../../../arm-none-eabi/lib/thumb/v7e-m/fpv4-sp/hard/libc_nano.a(lib_a-init.o)
 .debug_loc     0x0000000000007a8d       0x58 /usr/lib/gcc/arm-none-eabi/6.3.1/../../../arm-none-eabi/lib/thumb/v7e-m/fpv4-sp/hard/libc_nano.a(lib_a-malloc.o)
 .debug_loc     0x0000000000007ae5      0x1bd /usr/lib/gcc/arm-none-eabi/6.3.1/../../../arm-none-eabi/lib/thumb/v7e-m/fpv4-sp/hard/libc_nano.a(lib_a-memset.o)
 .debug_loc     0x0000000000007ca2      0x140 /usr/lib/gcc/arm-none-eabi/6.3.1/../../../arm-none-eabi/lib/thumb/v7e-m/fpv4-sp/hard/libc_nano.a(lib_a-nano-freer.o)
 .debug_loc     0x0000000000007de2      0x389 /usr/lib/gcc/arm-none-eabi/6.3.1/../../../arm-none-eabi/lib/thumb/v7e-m/fpv4-sp/hard/libc_nano.a(lib_a-nano-mallocr.o)

.debug_aranges  0x0000000000000000      0x980
 .debug_aranges
                0x0000000000000000       0x58 projects/lab2/out/projects/lab2/src/myLib.o
 .debug_aranges
                0x0000000000000058       0x28 projects/lab2/out/projects/lab2/src/configuracion.o
 .debug_aranges
                0x0000000000000080       0x68 projects/lab2/out/projects/lab2/src/lab2.o
 .debug_aranges
                0x00000000000000e8       0x90 projects/lab2/out/libs/cmsis_core//src/armv7m_startup.o
 .debug_aranges
                0x0000000000000178       0xe0 projects/lab2/out/libs/sys_newlib//src/system.o
 .debug_aranges
                0x0000000000000258       0x38 projects/lab2/out/modules/drivers_bm//src/led.o
 .debug_aranges
                0x0000000000000290       0xc0 projects/lab2/out/libs/lpc_open/boards/edu_ciaa_nxp/src/board.o
 .debug_aranges
                0x0000000000000350       0x30 projects/lab2/out/libs/lpc_open/boards/edu_ciaa_nxp/src/board_sysinit.o
 .debug_aranges
                0x0000000000000380       0xa8 projects/lab2/out/libs/lpc_open/lpc_chip_43xx/src/uart_18xx_43xx.o
 .debug_aranges
                0x0000000000000428       0x90 projects/lab2/out/libs/lpc_open/lpc_chip_43xx/src/adc_18xx_43xx.o
 .debug_aranges
                0x00000000000004b8      0x128 projects/lab2/out/libs/lpc_open/lpc_chip_43xx/src/clock_18xx_43xx.o
 .debug_aranges
                0x00000000000005e0       0x38 projects/lab2/out/libs/lpc_open/lpc_chip_43xx/src/chip_18xx_43xx.o
 .debug_aranges
                0x0000000000000618       0x38 projects/lab2/out/libs/lpc_open/lpc_chip_43xx/src/sysinit_18xx_43xx.o
 .debug_aranges
                0x0000000000000650       0x28 projects/lab2/out/libs/lpc_open/lpc_chip_43xx/src/gpio_18xx_43xx.o
 .debug_aranges
                0x0000000000000678       0xa0 projects/lab2/out/libs/lpc_open/lpc_chip_43xx/src/ssp_18xx_43xx.o
 .debug_aranges
                0x0000000000000718       0xd8 projects/lab2/out/libs/lpc_open/lpc_chip_43xx/src/i2c_18xx_43xx.o
 .debug_aranges
                0x00000000000007f0       0x18 projects/lab2/out/libs/lpc_open/lpc_startup/src/crp.o
 .debug_aranges
                0x0000000000000808       0x20 projects/lab2/out/libs/lpc_open/lpc_startup/src/sysinit.o
 .debug_aranges
                0x0000000000000828       0x20 projects/lab2/out/libs/lpc_open/lpc_startup/src/vendor_interrupt.o
 .debug_aranges
                0x0000000000000848       0x20 /usr/lib/gcc/arm-none-eabi/6.3.1/thumb/v7e-m/fpv4-sp/hard/libgcc.a(_aeabi_uldivmod.o)
 .debug_aranges
                0x0000000000000868       0x20 /usr/lib/gcc/arm-none-eabi/6.3.1/thumb/v7e-m/fpv4-sp/hard/libgcc.a(_udivmoddi4.o)
 .debug_aranges
                0x0000000000000888       0x20 /usr/lib/gcc/arm-none-eabi/6.3.1/thumb/v7e-m/fpv4-sp/hard/libgcc.a(_dvmd_tls.o)
 .debug_aranges
                0x00000000000008a8       0x20 /usr/lib/gcc/arm-none-eabi/6.3.1/../../../arm-none-eabi/lib/thumb/v7e-m/fpv4-sp/hard/libc_nano.a(lib_a-init.o)
 .debug_aranges
                0x00000000000008c8       0x20 /usr/lib/gcc/arm-none-eabi/6.3.1/../../../arm-none-eabi/lib/thumb/v7e-m/fpv4-sp/hard/libc_nano.a(lib_a-malloc.o)
 .debug_aranges
                0x00000000000008e8       0x20 /usr/lib/gcc/arm-none-eabi/6.3.1/../../../arm-none-eabi/lib/thumb/v7e-m/fpv4-sp/hard/libc_nano.a(lib_a-memset.o)
 .debug_aranges
                0x0000000000000908       0x20 /usr/lib/gcc/arm-none-eabi/6.3.1/../../../arm-none-eabi/lib/thumb/v7e-m/fpv4-sp/hard/libc_nano.a(lib_a-nano-freer.o)
 .debug_aranges
                0x0000000000000928       0x20 /usr/lib/gcc/arm-none-eabi/6.3.1/../../../arm-none-eabi/lib/thumb/v7e-m/fpv4-sp/hard/libc_nano.a(lib_a-nano-mallocr.o)
 .debug_aranges
                0x0000000000000948       0x20 /usr/lib/gcc/arm-none-eabi/6.3.1/../../../arm-none-eabi/lib/thumb/v7e-m/fpv4-sp/hard/libc_nano.a(lib_a-strlen.o)
 .debug_aranges
                0x0000000000000968       0x18 /usr/lib/gcc/arm-none-eabi/6.3.1/../../../arm-none-eabi/lib/thumb/v7e-m/fpv4-sp/hard/libc_nano.a(lib_a-impure.o)

.debug_ranges   0x0000000000000000      0x9f0
 .debug_ranges  0x0000000000000000       0xc8 projects/lab2/out/projects/lab2/src/myLib.o
 .debug_ranges  0x00000000000000c8       0x18 projects/lab2/out/projects/lab2/src/configuracion.o
 .debug_ranges  0x00000000000000e0       0x58 projects/lab2/out/projects/lab2/src/lab2.o
 .debug_ranges  0x0000000000000138       0x80 projects/lab2/out/libs/cmsis_core//src/armv7m_startup.o
 .debug_ranges  0x00000000000001b8       0xd0 projects/lab2/out/libs/sys_newlib//src/system.o
 .debug_ranges  0x0000000000000288       0x28 projects/lab2/out/modules/drivers_bm//src/led.o
 .debug_ranges  0x00000000000002b0       0xf8 projects/lab2/out/libs/lpc_open/boards/edu_ciaa_nxp/src/board.o
 .debug_ranges  0x00000000000003a8       0x50 projects/lab2/out/libs/lpc_open/boards/edu_ciaa_nxp/src/board_sysinit.o
 .debug_ranges  0x00000000000003f8       0xb0 projects/lab2/out/libs/lpc_open/lpc_chip_43xx/src/uart_18xx_43xx.o
 .debug_ranges  0x00000000000004a8       0x80 projects/lab2/out/libs/lpc_open/lpc_chip_43xx/src/adc_18xx_43xx.o
 .debug_ranges  0x0000000000000528      0x190 projects/lab2/out/libs/lpc_open/lpc_chip_43xx/src/clock_18xx_43xx.o
 .debug_ranges  0x00000000000006b8       0x28 projects/lab2/out/libs/lpc_open/lpc_chip_43xx/src/chip_18xx_43xx.o
 .debug_ranges  0x00000000000006e0       0x28 projects/lab2/out/libs/lpc_open/lpc_chip_43xx/src/sysinit_18xx_43xx.o
 .debug_ranges  0x0000000000000708       0x18 projects/lab2/out/libs/lpc_open/lpc_chip_43xx/src/gpio_18xx_43xx.o
 .debug_ranges  0x0000000000000720       0xc0 projects/lab2/out/libs/lpc_open/lpc_chip_43xx/src/ssp_18xx_43xx.o
 .debug_ranges  0x00000000000007e0       0xc8 projects/lab2/out/libs/lpc_open/lpc_chip_43xx/src/i2c_18xx_43xx.o
 .debug_ranges  0x00000000000008a8       0x28 projects/lab2/out/libs/lpc_open/lpc_startup/src/sysinit.o
 .debug_ranges  0x00000000000008d0       0x10 projects/lab2/out/libs/lpc_open/lpc_startup/src/vendor_interrupt.o
 .debug_ranges  0x00000000000008e0       0xd0 /usr/lib/gcc/arm-none-eabi/6.3.1/thumb/v7e-m/fpv4-sp/hard/libgcc.a(_udivmoddi4.o)
 .debug_ranges  0x00000000000009b0       0x40 /usr/lib/gcc/arm-none-eabi/6.3.1/../../../arm-none-eabi/lib/thumb/v7e-m/fpv4-sp/hard/libc_nano.a(lib_a-nano-mallocr.o)

.debug_macro    0x0000000000000000     0x9675
 .debug_macro   0x0000000000000000      0x3fe projects/lab2/out/projects/lab2/src/myLib.o
 .debug_macro   0x00000000000003fe      0x8c8 projects/lab2/out/projects/lab2/src/myLib.o
 .debug_macro   0x0000000000000cc6       0x22 projects/lab2/out/projects/lab2/src/myLib.o
 .debug_macro   0x0000000000000ce8       0x4f projects/lab2/out/projects/lab2/src/myLib.o
 .debug_macro   0x0000000000000d37       0x44 projects/lab2/out/projects/lab2/src/myLib.o
 .debug_macro   0x0000000000000d7b       0xfd projects/lab2/out/projects/lab2/src/myLib.o
 .debug_macro   0x0000000000000e78       0x5e projects/lab2/out/projects/lab2/src/myLib.o
 .debug_macro   0x0000000000000ed6      0x1df projects/lab2/out/projects/lab2/src/myLib.o
 .debug_macro   0x00000000000010b5       0x52 projects/lab2/out/projects/lab2/src/myLib.o
 .debug_macro   0x0000000000001107       0x35 projects/lab2/out/projects/lab2/src/myLib.o
 .debug_macro   0x000000000000113c       0x9c projects/lab2/out/projects/lab2/src/myLib.o
 .debug_macro   0x00000000000011d8       0x16 projects/lab2/out/projects/lab2/src/myLib.o
 .debug_macro   0x00000000000011ee      0x10e projects/lab2/out/projects/lab2/src/myLib.o
 .debug_macro   0x00000000000012fc       0x86 projects/lab2/out/projects/lab2/src/myLib.o
 .debug_macro   0x0000000000001382       0x52 projects/lab2/out/projects/lab2/src/myLib.o
 .debug_macro   0x00000000000013d4       0x1f projects/lab2/out/projects/lab2/src/myLib.o
 .debug_macro   0x00000000000013f3       0x43 projects/lab2/out/projects/lab2/src/myLib.o
 .debug_macro   0x0000000000001436       0x20 projects/lab2/out/projects/lab2/src/myLib.o
 .debug_macro   0x0000000000001456      0x187 projects/lab2/out/projects/lab2/src/myLib.o
 .debug_macro   0x00000000000015dd      0x330 projects/lab2/out/projects/lab2/src/myLib.o
 .debug_macro   0x000000000000190d       0x22 projects/lab2/out/projects/lab2/src/myLib.o
 .debug_macro   0x000000000000192f       0x16 projects/lab2/out/projects/lab2/src/myLib.o
 .debug_macro   0x0000000000001945       0x35 projects/lab2/out/projects/lab2/src/myLib.o
 .debug_macro   0x000000000000197a       0x94 projects/lab2/out/projects/lab2/src/myLib.o
 .debug_macro   0x0000000000001a0e       0x10 projects/lab2/out/projects/lab2/src/myLib.o
 .debug_macro   0x0000000000001a1e       0x22 projects/lab2/out/projects/lab2/src/myLib.o
 .debug_macro   0x0000000000001a40       0x6c projects/lab2/out/projects/lab2/src/myLib.o
 .debug_macro   0x0000000000001aac       0x22 projects/lab2/out/projects/lab2/src/myLib.o
 .debug_macro   0x0000000000001ace       0x1c projects/lab2/out/projects/lab2/src/myLib.o
 .debug_macro   0x0000000000001aea       0x22 projects/lab2/out/projects/lab2/src/myLib.o
 .debug_macro   0x0000000000001b0c       0xd9 projects/lab2/out/projects/lab2/src/myLib.o
 .debug_macro   0x0000000000001be5     0x102d projects/lab2/out/projects/lab2/src/myLib.o
 .debug_macro   0x0000000000002c12      0x11f projects/lab2/out/projects/lab2/src/myLib.o
 .debug_macro   0x0000000000002d31      0x2c3 projects/lab2/out/projects/lab2/src/myLib.o
 .debug_macro   0x0000000000002ff4      0x112 projects/lab2/out/projects/lab2/src/myLib.o
 .debug_macro   0x0000000000003106       0x11 projects/lab2/out/projects/lab2/src/myLib.o
 .debug_macro   0x0000000000003117       0x2a projects/lab2/out/projects/lab2/src/myLib.o
 .debug_macro   0x0000000000003141       0x16 projects/lab2/out/projects/lab2/src/myLib.o
 .debug_macro   0x0000000000003157      0x2e6 projects/lab2/out/projects/lab2/src/myLib.o
 .debug_macro   0x000000000000343d       0x82 projects/lab2/out/projects/lab2/src/myLib.o
 .debug_macro   0x00000000000034bf      0x13d projects/lab2/out/projects/lab2/src/myLib.o
 .debug_macro   0x00000000000035fc      0x198 projects/lab2/out/projects/lab2/src/myLib.o
 .debug_macro   0x0000000000003794       0x34 projects/lab2/out/projects/lab2/src/myLib.o
 .debug_macro   0x00000000000037c8       0x58 projects/lab2/out/projects/lab2/src/myLib.o
 .debug_macro   0x0000000000003820      0x236 projects/lab2/out/projects/lab2/src/myLib.o
 .debug_macro   0x0000000000003a56      0x572 projects/lab2/out/projects/lab2/src/myLib.o
 .debug_macro   0x0000000000003fc8       0x16 projects/lab2/out/projects/lab2/src/myLib.o
 .debug_macro   0x0000000000003fde      0x18a projects/lab2/out/projects/lab2/src/myLib.o
 .debug_macro   0x0000000000004168       0x88 projects/lab2/out/projects/lab2/src/myLib.o
 .debug_macro   0x00000000000041f0      0x1b9 projects/lab2/out/projects/lab2/src/myLib.o
 .debug_macro   0x00000000000043a9      0x1da projects/lab2/out/projects/lab2/src/myLib.o
 .debug_macro   0x0000000000004583       0x40 projects/lab2/out/projects/lab2/src/myLib.o
 .debug_macro   0x00000000000045c3       0x1c projects/lab2/out/projects/lab2/src/myLib.o
 .debug_macro   0x00000000000045df       0x2e projects/lab2/out/projects/lab2/src/myLib.o
 .debug_macro   0x000000000000460d       0x2e projects/lab2/out/projects/lab2/src/myLib.o
 .debug_macro   0x000000000000463b       0x22 projects/lab2/out/projects/lab2/src/myLib.o
 .debug_macro   0x000000000000465d      0x201 projects/lab2/out/projects/lab2/src/myLib.o
 .debug_macro   0x000000000000485e       0xe0 projects/lab2/out/projects/lab2/src/myLib.o
 .debug_macro   0x000000000000493e      0x34c projects/lab2/out/projects/lab2/src/myLib.o
 .debug_macro   0x0000000000004c8a       0xdc projects/lab2/out/projects/lab2/src/myLib.o
 .debug_macro   0x0000000000004d66       0xc4 projects/lab2/out/projects/lab2/src/myLib.o
 .debug_macro   0x0000000000004e2a       0x8f projects/lab2/out/projects/lab2/src/myLib.o
 .debug_macro   0x0000000000004eb9       0x94 projects/lab2/out/projects/lab2/src/myLib.o
 .debug_macro   0x0000000000004f4d       0xb8 projects/lab2/out/projects/lab2/src/myLib.o
 .debug_macro   0x0000000000005005       0x4c projects/lab2/out/projects/lab2/src/myLib.o
 .debug_macro   0x0000000000005051       0x16 projects/lab2/out/projects/lab2/src/myLib.o
 .debug_macro   0x0000000000005067      0x328 projects/lab2/out/projects/lab2/src/myLib.o
 .debug_macro   0x000000000000538f       0x3a projects/lab2/out/projects/lab2/src/myLib.o
 .debug_macro   0x00000000000053c9       0xd0 projects/lab2/out/projects/lab2/src/myLib.o
 .debug_macro   0x0000000000005499       0x11 projects/lab2/out/projects/lab2/src/myLib.o
 .debug_macro   0x00000000000054aa       0x22 projects/lab2/out/projects/lab2/src/myLib.o
 .debug_macro   0x00000000000054cc       0x40 projects/lab2/out/projects/lab2/src/myLib.o
 .debug_macro   0x000000000000550c       0x16 projects/lab2/out/projects/lab2/src/myLib.o
 .debug_macro   0x0000000000005522      0x325 projects/lab2/out/projects/lab2/src/configuracion.o
 .debug_macro   0x0000000000005847       0x73 projects/lab2/out/projects/lab2/src/configuracion.o
 .debug_macro   0x00000000000058ba       0xdf projects/lab2/out/projects/lab2/src/configuracion.o
 .debug_macro   0x0000000000005999       0x18 projects/lab2/out/projects/lab2/src/configuracion.o
 .debug_macro   0x00000000000059b1      0x41d projects/lab2/out/projects/lab2/src/lab2.o
 .debug_macro   0x0000000000005dce       0x4c projects/lab2/out/projects/lab2/src/lab2.o
 .debug_macro   0x0000000000005e1a       0x55 projects/lab2/out/projects/lab2/src/lab2.o
 .debug_macro   0x0000000000005e6f       0x4a projects/lab2/out/projects/lab2/src/lab2.o
 .debug_macro   0x0000000000005eb9       0x1d projects/lab2/out/libs/cmsis_core//src/armv7m_startup.o
 .debug_macro   0x0000000000005ed6      0x15e projects/lab2/out/libs/sys_newlib//src/system.o
 .debug_macro   0x0000000000006034      0x16d projects/lab2/out/libs/sys_newlib//src/system.o
 .debug_macro   0x00000000000061a1       0x10 projects/lab2/out/libs/sys_newlib//src/system.o
 .debug_macro   0x00000000000061b1       0x10 projects/lab2/out/libs/sys_newlib//src/system.o
 .debug_macro   0x00000000000061c1      0x241 projects/lab2/out/libs/sys_newlib//src/system.o
 .debug_macro   0x0000000000006402       0x10 projects/lab2/out/libs/sys_newlib//src/system.o
 .debug_macro   0x0000000000006412       0xb6 projects/lab2/out/libs/sys_newlib//src/system.o
 .debug_macro   0x00000000000064c8      0x11a projects/lab2/out/libs/sys_newlib//src/system.o
 .debug_macro   0x00000000000065e2       0x16 projects/lab2/out/libs/sys_newlib//src/system.o
 .debug_macro   0x00000000000065f8      0x3c0 projects/lab2/out/modules/drivers_bm//src/led.o
 .debug_macro   0x00000000000069b8       0x10 projects/lab2/out/modules/drivers_bm//src/led.o
 .debug_macro   0x00000000000069c8      0x433 projects/lab2/out/libs/lpc_open/boards/edu_ciaa_nxp/src/board.o
 .debug_macro   0x0000000000006dfb       0x16 projects/lab2/out/libs/lpc_open/boards/edu_ciaa_nxp/src/board.o
 .debug_macro   0x0000000000006e11       0x97 projects/lab2/out/libs/lpc_open/boards/edu_ciaa_nxp/src/board.o
 .debug_macro   0x0000000000006ea8      0x32a projects/lab2/out/libs/lpc_open/boards/edu_ciaa_nxp/src/board.o
 .debug_macro   0x00000000000071d2       0xf6 projects/lab2/out/libs/lpc_open/boards/edu_ciaa_nxp/src/board.o
 .debug_macro   0x00000000000072c8       0x10 projects/lab2/out/libs/lpc_open/boards/edu_ciaa_nxp/src/board.o
 .debug_macro   0x00000000000072d8       0x16 projects/lab2/out/libs/lpc_open/boards/edu_ciaa_nxp/src/board.o
 .debug_macro   0x00000000000072ee      0x143 projects/lab2/out/libs/lpc_open/boards/edu_ciaa_nxp/src/board.o
 .debug_macro   0x0000000000007431       0x20 projects/lab2/out/libs/lpc_open/boards/edu_ciaa_nxp/src/board.o
 .debug_macro   0x0000000000007451       0xee projects/lab2/out/libs/lpc_open/boards/edu_ciaa_nxp/src/board.o
 .debug_macro   0x000000000000753f      0x421 projects/lab2/out/libs/lpc_open/boards/edu_ciaa_nxp/src/board_sysinit.o
 .debug_macro   0x0000000000007960      0x315 projects/lab2/out/libs/lpc_open/lpc_chip_43xx/src/uart_18xx_43xx.o
 .debug_macro   0x0000000000007c75      0x315 projects/lab2/out/libs/lpc_open/lpc_chip_43xx/src/adc_18xx_43xx.o
 .debug_macro   0x0000000000007f8a      0x31b projects/lab2/out/libs/lpc_open/lpc_chip_43xx/src/clock_18xx_43xx.o
 .debug_macro   0x00000000000082a5      0x315 projects/lab2/out/libs/lpc_open/lpc_chip_43xx/src/chip_18xx_43xx.o
 .debug_macro   0x00000000000085ba      0x315 projects/lab2/out/libs/lpc_open/lpc_chip_43xx/src/sysinit_18xx_43xx.o
 .debug_macro   0x00000000000088cf      0x315 projects/lab2/out/libs/lpc_open/lpc_chip_43xx/src/gpio_18xx_43xx.o
 .debug_macro   0x0000000000008be4      0x315 projects/lab2/out/libs/lpc_open/lpc_chip_43xx/src/ssp_18xx_43xx.o
 .debug_macro   0x0000000000008ef9      0x327 projects/lab2/out/libs/lpc_open/lpc_chip_43xx/src/i2c_18xx_43xx.o
 .debug_macro   0x0000000000009220       0x17 projects/lab2/out/libs/lpc_open/lpc_startup/src/crp.o
 .debug_macro   0x0000000000009237      0x421 projects/lab2/out/libs/lpc_open/lpc_startup/src/sysinit.o
 .debug_macro   0x0000000000009658       0x1d projects/lab2/out/libs/lpc_open/lpc_startup/src/vendor_interrupt.o

.debug_line     0x0000000000000000     0x8943
 .debug_line    0x0000000000000000      0x8c6 projects/lab2/out/projects/lab2/src/myLib.o
 .debug_line    0x00000000000008c6      0x69a projects/lab2/out/projects/lab2/src/configuracion.o
 .debug_line    0x0000000000000f60      0x834 projects/lab2/out/projects/lab2/src/lab2.o
 .debug_line    0x0000000000001794       0xf7 projects/lab2/out/libs/cmsis_core//src/armv7m_startup.o
 .debug_line    0x000000000000188b      0x3bc projects/lab2/out/libs/sys_newlib//src/system.o
 .debug_line    0x0000000000001c47      0x75d projects/lab2/out/modules/drivers_bm//src/led.o
 .debug_line    0x00000000000023a4      0x969 projects/lab2/out/libs/lpc_open/boards/edu_ciaa_nxp/src/board.o
 .debug_line    0x0000000000002d0d      0x788 projects/lab2/out/libs/lpc_open/boards/edu_ciaa_nxp/src/board_sysinit.o
 .debug_line    0x0000000000003495      0x904 projects/lab2/out/libs/lpc_open/lpc_chip_43xx/src/uart_18xx_43xx.o
 .debug_line    0x0000000000003d99      0x748 projects/lab2/out/libs/lpc_open/lpc_chip_43xx/src/adc_18xx_43xx.o
 .debug_line    0x00000000000044e1      0xa3f projects/lab2/out/libs/lpc_open/lpc_chip_43xx/src/clock_18xx_43xx.o
 .debug_line    0x0000000000004f20      0x665 projects/lab2/out/libs/lpc_open/lpc_chip_43xx/src/chip_18xx_43xx.o
 .debug_line    0x0000000000005585      0x6c7 projects/lab2/out/libs/lpc_open/lpc_chip_43xx/src/sysinit_18xx_43xx.o
 .debug_line    0x0000000000005c4c      0x62a projects/lab2/out/libs/lpc_open/lpc_chip_43xx/src/gpio_18xx_43xx.o
 .debug_line    0x0000000000006276      0xa96 projects/lab2/out/libs/lpc_open/lpc_chip_43xx/src/ssp_18xx_43xx.o
 .debug_line    0x0000000000006d0c      0x8fc projects/lab2/out/libs/lpc_open/lpc_chip_43xx/src/i2c_18xx_43xx.o
 .debug_line    0x0000000000007608       0x44 projects/lab2/out/libs/lpc_open/lpc_startup/src/crp.o
 .debug_line    0x000000000000764c      0x72e projects/lab2/out/libs/lpc_open/lpc_startup/src/sysinit.o
 .debug_line    0x0000000000007d7a       0x61 projects/lab2/out/libs/lpc_open/lpc_startup/src/vendor_interrupt.o
 .debug_line    0x0000000000007ddb       0x67 /usr/lib/gcc/arm-none-eabi/6.3.1/thumb/v7e-m/fpv4-sp/hard/libgcc.a(_aeabi_uldivmod.o)
 .debug_line    0x0000000000007e42      0x258 /usr/lib/gcc/arm-none-eabi/6.3.1/thumb/v7e-m/fpv4-sp/hard/libgcc.a(_udivmoddi4.o)
 .debug_line    0x000000000000809a       0x67 /usr/lib/gcc/arm-none-eabi/6.3.1/thumb/v7e-m/fpv4-sp/hard/libgcc.a(_dvmd_tls.o)
 .debug_line    0x0000000000008101       0xbe /usr/lib/gcc/arm-none-eabi/6.3.1/../../../arm-none-eabi/lib/thumb/v7e-m/fpv4-sp/hard/libc_nano.a(lib_a-init.o)
 .debug_line    0x00000000000081bf      0x15a /usr/lib/gcc/arm-none-eabi/6.3.1/../../../arm-none-eabi/lib/thumb/v7e-m/fpv4-sp/hard/libc_nano.a(lib_a-malloc.o)
 .debug_line    0x0000000000008319      0x17c /usr/lib/gcc/arm-none-eabi/6.3.1/../../../arm-none-eabi/lib/thumb/v7e-m/fpv4-sp/hard/libc_nano.a(lib_a-memset.o)
 .debug_line    0x0000000000008495      0x165 /usr/lib/gcc/arm-none-eabi/6.3.1/../../../arm-none-eabi/lib/thumb/v7e-m/fpv4-sp/hard/libc_nano.a(lib_a-nano-freer.o)
 .debug_line    0x00000000000085fa      0x1a8 /usr/lib/gcc/arm-none-eabi/6.3.1/../../../arm-none-eabi/lib/thumb/v7e-m/fpv4-sp/hard/libc_nano.a(lib_a-nano-mallocr.o)
 .debug_line    0x00000000000087a2       0xb2 /usr/lib/gcc/arm-none-eabi/6.3.1/../../../arm-none-eabi/lib/thumb/v7e-m/fpv4-sp/hard/libc_nano.a(lib_a-strlen.o)
 .debug_line    0x0000000000008854       0xef /usr/lib/gcc/arm-none-eabi/6.3.1/../../../arm-none-eabi/lib/thumb/v7e-m/fpv4-sp/hard/libc_nano.a(lib_a-impure.o)

.debug_str      0x0000000000000000    0x1ef88
 .debug_str     0x0000000000000000    0x190a4 projects/lab2/out/projects/lab2/src/myLib.o
                                      0x1938d (size before relaxing)
 .debug_str     0x00000000000190a4      0x5cc projects/lab2/out/projects/lab2/src/configuracion.o
                                      0x16584 (size before relaxing)
 .debug_str     0x0000000000019670      0x27b projects/lab2/out/projects/lab2/src/lab2.o
                                      0x19178 (size before relaxing)
 .debug_str     0x00000000000198eb      0x212 projects/lab2/out/libs/cmsis_core//src/armv7m_startup.o
                                       0x2767 (size before relaxing)
 .debug_str     0x0000000000019afd      0xac5 projects/lab2/out/libs/sys_newlib//src/system.o
                                       0x62a0 (size before relaxing)
 .debug_str     0x000000000001a5c2      0x26a projects/lab2/out/modules/drivers_bm//src/led.o
                                      0x16352 (size before relaxing)
 .debug_str     0x000000000001a82c     0x1bf9 projects/lab2/out/libs/lpc_open/boards/edu_ciaa_nxp/src/board.o
                                      0x1ad6d (size before relaxing)
 .debug_str     0x000000000001c425      0x32a projects/lab2/out/libs/lpc_open/boards/edu_ciaa_nxp/src/board_sysinit.o
                                      0x1a6fe (size before relaxing)
 .debug_str     0x000000000001c74f      0x3d4 projects/lab2/out/libs/lpc_open/lpc_chip_43xx/src/uart_18xx_43xx.o
                                      0x16e6f (size before relaxing)
 .debug_str     0x000000000001cb23      0x14a projects/lab2/out/libs/lpc_open/lpc_chip_43xx/src/adc_18xx_43xx.o
                                      0x1680a (size before relaxing)
 .debug_str     0x000000000001cc6d      0x5cd projects/lab2/out/libs/lpc_open/lpc_chip_43xx/src/clock_18xx_43xx.o
                                      0x17221 (size before relaxing)
 .debug_str     0x000000000001d23a       0x76 projects/lab2/out/libs/lpc_open/lpc_chip_43xx/src/chip_18xx_43xx.o
                                      0x16d5f (size before relaxing)
 .debug_str     0x000000000001d2b0       0xbc projects/lab2/out/libs/lpc_open/lpc_chip_43xx/src/sysinit_18xx_43xx.o
                                      0x16cc0 (size before relaxing)
 .debug_str     0x000000000001d36c       0x42 projects/lab2/out/libs/lpc_open/lpc_chip_43xx/src/gpio_18xx_43xx.o
                                      0x15fc1 (size before relaxing)
 .debug_str     0x000000000001d3ae      0x3da projects/lab2/out/libs/lpc_open/lpc_chip_43xx/src/ssp_18xx_43xx.o
                                      0x16a00 (size before relaxing)
 .debug_str     0x000000000001d788      0x590 projects/lab2/out/libs/lpc_open/lpc_chip_43xx/src/i2c_18xx_43xx.o
                                      0x16fa1 (size before relaxing)
 .debug_str     0x000000000001dd18       0x43 projects/lab2/out/libs/lpc_open/lpc_startup/src/crp.o
                                       0x255e (size before relaxing)
 .debug_str     0x000000000001dd5b       0x65 projects/lab2/out/libs/lpc_open/lpc_startup/src/sysinit.o
                                      0x199d0 (size before relaxing)
 .debug_str     0x000000000001ddc0       0x56 projects/lab2/out/libs/lpc_open/lpc_startup/src/vendor_interrupt.o
                                       0x25b5 (size before relaxing)
 .debug_str     0x000000000001de16      0xc06 /usr/lib/gcc/arm-none-eabi/6.3.1/thumb/v7e-m/fpv4-sp/hard/libgcc.a(_udivmoddi4.o)
                                        0xcf4 (size before relaxing)
 .debug_str     0x000000000001ea1c      0x190 /usr/lib/gcc/arm-none-eabi/6.3.1/../../../arm-none-eabi/lib/thumb/v7e-m/fpv4-sp/hard/libc_nano.a(lib_a-init.o)
                                        0x253 (size before relaxing)
 .debug_str     0x000000000001ebac      0x148 /usr/lib/gcc/arm-none-eabi/6.3.1/../../../arm-none-eabi/lib/thumb/v7e-m/fpv4-sp/hard/libc_nano.a(lib_a-malloc.o)
                                        0x633 (size before relaxing)
 .debug_str     0x000000000001ecf4       0xb4 /usr/lib/gcc/arm-none-eabi/6.3.1/../../../arm-none-eabi/lib/thumb/v7e-m/fpv4-sp/hard/libc_nano.a(lib_a-memset.o)
                                        0x61a (size before relaxing)
 .debug_str     0x000000000001eda8      0x105 /usr/lib/gcc/arm-none-eabi/6.3.1/../../../arm-none-eabi/lib/thumb/v7e-m/fpv4-sp/hard/libc_nano.a(lib_a-nano-freer.o)
                                        0x714 (size before relaxing)
 .debug_str     0x000000000001eead       0x2a /usr/lib/gcc/arm-none-eabi/6.3.1/../../../arm-none-eabi/lib/thumb/v7e-m/fpv4-sp/hard/libc_nano.a(lib_a-nano-mallocr.o)
                                        0x72b (size before relaxing)
 .debug_str     0x000000000001eed7       0xb1 /usr/lib/gcc/arm-none-eabi/6.3.1/../../../arm-none-eabi/lib/thumb/v7e-m/fpv4-sp/hard/libc_nano.a(lib_a-impure.o)
                                        0x602 (size before relaxing)

.comment        0x0000000000000000       0x31
 .comment       0x0000000000000000       0x31 projects/lab2/out/projects/lab2/src/myLib.o
                                         0x32 (size before relaxing)
 .comment       0x0000000000000031       0x32 projects/lab2/out/projects/lab2/src/configuracion.o
 .comment       0x0000000000000031       0x32 projects/lab2/out/projects/lab2/src/lab2.o
 .comment       0x0000000000000031       0x32 projects/lab2/out/libs/cmsis_core//src/armv7m_startup.o
 .comment       0x0000000000000031       0x32 projects/lab2/out/libs/sys_newlib//src/system.o
 .comment       0x0000000000000031       0x32 projects/lab2/out/modules/drivers_bm//src/led.o
 .comment       0x0000000000000031       0x32 projects/lab2/out/libs/lpc_open/boards/edu_ciaa_nxp/src/board.o
 .comment       0x0000000000000031       0x32 projects/lab2/out/libs/lpc_open/boards/edu_ciaa_nxp/src/board_sysinit.o
 .comment       0x0000000000000031       0x32 projects/lab2/out/libs/lpc_open/lpc_chip_43xx/src/uart_18xx_43xx.o
 .comment       0x0000000000000031       0x32 projects/lab2/out/libs/lpc_open/lpc_chip_43xx/src/adc_18xx_43xx.o
 .comment       0x0000000000000031       0x32 projects/lab2/out/libs/lpc_open/lpc_chip_43xx/src/clock_18xx_43xx.o
 .comment       0x0000000000000031       0x32 projects/lab2/out/libs/lpc_open/lpc_chip_43xx/src/chip_18xx_43xx.o
 .comment       0x0000000000000031       0x32 projects/lab2/out/libs/lpc_open/lpc_chip_43xx/src/sysinit_18xx_43xx.o
 .comment       0x0000000000000031       0x32 projects/lab2/out/libs/lpc_open/lpc_chip_43xx/src/gpio_18xx_43xx.o
 .comment       0x0000000000000031       0x32 projects/lab2/out/libs/lpc_open/lpc_chip_43xx/src/ssp_18xx_43xx.o
 .comment       0x0000000000000031       0x32 projects/lab2/out/libs/lpc_open/lpc_chip_43xx/src/i2c_18xx_43xx.o
 .comment       0x0000000000000031       0x32 projects/lab2/out/libs/lpc_open/lpc_startup/src/crp.o
 .comment       0x0000000000000031       0x32 projects/lab2/out/libs/lpc_open/lpc_startup/src/sysinit.o
 .comment       0x0000000000000031       0x32 projects/lab2/out/libs/lpc_open/lpc_startup/src/vendor_interrupt.o
 .comment       0x0000000000000031       0x32 /usr/lib/gcc/arm-none-eabi/6.3.1/thumb/v7e-m/fpv4-sp/hard/libgcc.a(_udivmoddi4.o)
 .comment       0x0000000000000031       0x32 /usr/lib/gcc/arm-none-eabi/6.3.1/../../../arm-none-eabi/lib/thumb/v7e-m/fpv4-sp/hard/libc_nano.a(lib_a-init.o)
 .comment       0x0000000000000031       0x32 /usr/lib/gcc/arm-none-eabi/6.3.1/../../../arm-none-eabi/lib/thumb/v7e-m/fpv4-sp/hard/libc_nano.a(lib_a-malloc.o)
 .comment       0x0000000000000031       0x32 /usr/lib/gcc/arm-none-eabi/6.3.1/../../../arm-none-eabi/lib/thumb/v7e-m/fpv4-sp/hard/libc_nano.a(lib_a-memset.o)
 .comment       0x0000000000000031       0x32 /usr/lib/gcc/arm-none-eabi/6.3.1/../../../arm-none-eabi/lib/thumb/v7e-m/fpv4-sp/hard/libc_nano.a(lib_a-nano-freer.o)
 .comment       0x0000000000000031       0x32 /usr/lib/gcc/arm-none-eabi/6.3.1/../../../arm-none-eabi/lib/thumb/v7e-m/fpv4-sp/hard/libc_nano.a(lib_a-nano-mallocr.o)
 .comment       0x0000000000000031       0x32 /usr/lib/gcc/arm-none-eabi/6.3.1/../../../arm-none-eabi/lib/thumb/v7e-m/fpv4-sp/hard/libc_nano.a(lib_a-impure.o)

.ARM.attributes
                0x0000000000000000       0x37
 .ARM.attributes
                0x0000000000000000       0x39 projects/lab2/out/projects/lab2/src/myLib.o
 .ARM.attributes
                0x0000000000000039       0x39 projects/lab2/out/projects/lab2/src/configuracion.o
 .ARM.attributes
                0x0000000000000072       0x39 projects/lab2/out/projects/lab2/src/lab2.o
 .ARM.attributes
                0x00000000000000ab       0x39 projects/lab2/out/libs/cmsis_core//src/armv7m_startup.o
 .ARM.attributes
                0x00000000000000e4       0x39 projects/lab2/out/libs/sys_newlib//src/system.o
 .ARM.attributes
                0x000000000000011d       0x39 projects/lab2/out/modules/drivers_bm//src/led.o
 .ARM.attributes
                0x0000000000000156       0x39 projects/lab2/out/libs/lpc_open/boards/edu_ciaa_nxp/src/board.o
 .ARM.attributes
                0x000000000000018f       0x39 projects/lab2/out/libs/lpc_open/boards/edu_ciaa_nxp/src/board_sysinit.o
 .ARM.attributes
                0x00000000000001c8       0x39 projects/lab2/out/libs/lpc_open/lpc_chip_43xx/src/uart_18xx_43xx.o
 .ARM.attributes
                0x0000000000000201       0x39 projects/lab2/out/libs/lpc_open/lpc_chip_43xx/src/adc_18xx_43xx.o
 .ARM.attributes
                0x000000000000023a       0x39 projects/lab2/out/libs/lpc_open/lpc_chip_43xx/src/clock_18xx_43xx.o
 .ARM.attributes
                0x0000000000000273       0x39 projects/lab2/out/libs/lpc_open/lpc_chip_43xx/src/chip_18xx_43xx.o
 .ARM.attributes
                0x00000000000002ac       0x39 projects/lab2/out/libs/lpc_open/lpc_chip_43xx/src/sysinit_18xx_43xx.o
 .ARM.attributes
                0x00000000000002e5       0x39 projects/lab2/out/libs/lpc_open/lpc_chip_43xx/src/gpio_18xx_43xx.o
 .ARM.attributes
                0x000000000000031e       0x39 projects/lab2/out/libs/lpc_open/lpc_chip_43xx/src/ssp_18xx_43xx.o
 .ARM.attributes
                0x0000000000000357       0x39 projects/lab2/out/libs/lpc_open/lpc_chip_43xx/src/i2c_18xx_43xx.o
 .ARM.attributes
                0x0000000000000390       0x39 projects/lab2/out/libs/lpc_open/lpc_startup/src/crp.o
 .ARM.attributes
                0x00000000000003c9       0x39 projects/lab2/out/libs/lpc_open/lpc_startup/src/sysinit.o
 .ARM.attributes
                0x0000000000000402       0x39 projects/lab2/out/libs/lpc_open/lpc_startup/src/vendor_interrupt.o
 .ARM.attributes
                0x000000000000043b       0x22 /usr/lib/gcc/arm-none-eabi/6.3.1/thumb/v7e-m/fpv4-sp/hard/libgcc.a(_aeabi_uldivmod.o)
 .ARM.attributes
                0x000000000000045d       0x34 /usr/lib/gcc/arm-none-eabi/6.3.1/thumb/v7e-m/fpv4-sp/hard/libgcc.a(_udivmoddi4.o)
 .ARM.attributes
                0x0000000000000491       0x22 /usr/lib/gcc/arm-none-eabi/6.3.1/thumb/v7e-m/fpv4-sp/hard/libgcc.a(_dvmd_tls.o)
 .ARM.attributes
                0x00000000000004b3       0x34 /usr/lib/gcc/arm-none-eabi/6.3.1/../../../arm-none-eabi/lib/thumb/v7e-m/fpv4-sp/hard/libc_nano.a(lib_a-init.o)
 .ARM.attributes
                0x00000000000004e7       0x34 /usr/lib/gcc/arm-none-eabi/6.3.1/../../../arm-none-eabi/lib/thumb/v7e-m/fpv4-sp/hard/libc_nano.a(lib_a-malloc.o)
 .ARM.attributes
                0x000000000000051b       0x34 /usr/lib/gcc/arm-none-eabi/6.3.1/../../../arm-none-eabi/lib/thumb/v7e-m/fpv4-sp/hard/libc_nano.a(lib_a-memset.o)
 .ARM.attributes
                0x000000000000054f       0x34 /usr/lib/gcc/arm-none-eabi/6.3.1/../../../arm-none-eabi/lib/thumb/v7e-m/fpv4-sp/hard/libc_nano.a(lib_a-nano-freer.o)
 .ARM.attributes
                0x0000000000000583       0x34 /usr/lib/gcc/arm-none-eabi/6.3.1/../../../arm-none-eabi/lib/thumb/v7e-m/fpv4-sp/hard/libc_nano.a(lib_a-nano-mallocr.o)
 .ARM.attributes
                0x00000000000005b7       0x20 /usr/lib/gcc/arm-none-eabi/6.3.1/../../../arm-none-eabi/lib/thumb/v7e-m/fpv4-sp/hard/libc_nano.a(lib_a-strlen.o)
 .ARM.attributes
                0x00000000000005d7       0x34 /usr/lib/gcc/arm-none-eabi/6.3.1/../../../arm-none-eabi/lib/thumb/v7e-m/fpv4-sp/hard/libc_nano.a(lib_a-impure.o)

.debug_frame    0x0000000000000000     0x14dc
 .debug_frame   0x0000000000000000       0xc4 projects/lab2/out/projects/lab2/src/myLib.o
 .debug_frame   0x00000000000000c4       0x44 projects/lab2/out/projects/lab2/src/configuracion.o
 .debug_frame   0x0000000000000108      0x114 projects/lab2/out/projects/lab2/src/lab2.o
 .debug_frame   0x000000000000021c      0x114 projects/lab2/out/libs/cmsis_core//src/armv7m_startup.o
 .debug_frame   0x0000000000000330      0x1d8 projects/lab2/out/libs/sys_newlib//src/system.o
 .debug_frame   0x0000000000000508       0x58 projects/lab2/out/modules/drivers_bm//src/led.o
 .debug_frame   0x0000000000000560      0x204 projects/lab2/out/libs/lpc_open/boards/edu_ciaa_nxp/src/board.o
 .debug_frame   0x0000000000000764       0x5c projects/lab2/out/libs/lpc_open/boards/edu_ciaa_nxp/src/board_sysinit.o
 .debug_frame   0x00000000000007c0      0x1f4 projects/lab2/out/libs/lpc_open/lpc_chip_43xx/src/uart_18xx_43xx.o
 .debug_frame   0x00000000000009b4      0x160 projects/lab2/out/libs/lpc_open/lpc_chip_43xx/src/adc_18xx_43xx.o
 .debug_frame   0x0000000000000b14      0x314 projects/lab2/out/libs/lpc_open/lpc_chip_43xx/src/clock_18xx_43xx.o
 .debug_frame   0x0000000000000e28       0x70 projects/lab2/out/libs/lpc_open/lpc_chip_43xx/src/chip_18xx_43xx.o
 .debug_frame   0x0000000000000e98       0x7c projects/lab2/out/libs/lpc_open/lpc_chip_43xx/src/sysinit_18xx_43xx.o
 .debug_frame   0x0000000000000f14       0x30 projects/lab2/out/libs/lpc_open/lpc_chip_43xx/src/gpio_18xx_43xx.o
 .debug_frame   0x0000000000000f44      0x198 projects/lab2/out/libs/lpc_open/lpc_chip_43xx/src/ssp_18xx_43xx.o
 .debug_frame   0x00000000000010dc      0x25c projects/lab2/out/libs/lpc_open/lpc_chip_43xx/src/i2c_18xx_43xx.o
 .debug_frame   0x0000000000001338       0x28 projects/lab2/out/libs/lpc_open/lpc_startup/src/sysinit.o
 .debug_frame   0x0000000000001360       0x20 projects/lab2/out/libs/lpc_open/lpc_startup/src/vendor_interrupt.o
 .debug_frame   0x0000000000001380       0x2c /usr/lib/gcc/arm-none-eabi/6.3.1/thumb/v7e-m/fpv4-sp/hard/libgcc.a(_aeabi_uldivmod.o)
 .debug_frame   0x00000000000013ac       0x34 /usr/lib/gcc/arm-none-eabi/6.3.1/thumb/v7e-m/fpv4-sp/hard/libgcc.a(_udivmoddi4.o)
 .debug_frame   0x00000000000013e0       0x2c /usr/lib/gcc/arm-none-eabi/6.3.1/../../../arm-none-eabi/lib/thumb/v7e-m/fpv4-sp/hard/libc_nano.a(lib_a-init.o)
 .debug_frame   0x000000000000140c       0x30 /usr/lib/gcc/arm-none-eabi/6.3.1/../../../arm-none-eabi/lib/thumb/v7e-m/fpv4-sp/hard/libc_nano.a(lib_a-malloc.o)
 .debug_frame   0x000000000000143c       0x34 /usr/lib/gcc/arm-none-eabi/6.3.1/../../../arm-none-eabi/lib/thumb/v7e-m/fpv4-sp/hard/libc_nano.a(lib_a-memset.o)
 .debug_frame   0x0000000000001470       0x40 /usr/lib/gcc/arm-none-eabi/6.3.1/../../../arm-none-eabi/lib/thumb/v7e-m/fpv4-sp/hard/libc_nano.a(lib_a-nano-freer.o)
 .debug_frame   0x00000000000014b0       0x2c /usr/lib/gcc/arm-none-eabi/6.3.1/../../../arm-none-eabi/lib/thumb/v7e-m/fpv4-sp/hard/libc_nano.a(lib_a-nano-mallocr.o)

Cross Reference Table

Symbol                                            File
ADC0_IRQHandler                                   projects/lab2/out/libs/lpc_open/lpc_startup/src/vendor_interrupt.o
ADC1_IRQHandler                                   projects/lab2/out/libs/lpc_open/lpc_startup/src/vendor_interrupt.o
ADCHS_IRQHandler                                  projects/lab2/out/libs/lpc_open/lpc_startup/src/vendor_interrupt.o
ATIMER_IRQHandler                                 projects/lab2/out/libs/lpc_open/lpc_startup/src/vendor_interrupt.o
Board_ADC_ReadBegin                               projects/lab2/out/libs/lpc_open/boards/edu_ciaa_nxp/src/board.o
Board_ADC_ReadEnd                                 projects/lab2/out/libs/lpc_open/boards/edu_ciaa_nxp/src/board.o
Board_ADC_ReadWait                                projects/lab2/out/libs/lpc_open/boards/edu_ciaa_nxp/src/board.o
Board_Debug_Init                                  projects/lab2/out/libs/lpc_open/boards/edu_ciaa_nxp/src/board.o
Board_Init                                        projects/lab2/out/libs/lpc_open/boards/edu_ciaa_nxp/src/board.o
                                                  projects/lab2/out/libs/lpc_open/lpc_startup/src/sysinit.o
Board_LED_Set                                     projects/lab2/out/libs/lpc_open/boards/edu_ciaa_nxp/src/board.o
Board_LED_Test                                    projects/lab2/out/libs/lpc_open/boards/edu_ciaa_nxp/src/board.o
Board_LED_Toggle                                  projects/lab2/out/libs/lpc_open/boards/edu_ciaa_nxp/src/board.o
Board_SetupClocking                               projects/lab2/out/libs/lpc_open/boards/edu_ciaa_nxp/src/board_sysinit.o
Board_SetupMuxing                                 projects/lab2/out/libs/lpc_open/boards/edu_ciaa_nxp/src/board_sysinit.o
Board_SystemInit                                  projects/lab2/out/libs/lpc_open/boards/edu_ciaa_nxp/src/board_sysinit.o
                                                  projects/lab2/out/libs/lpc_open/lpc_startup/src/sysinit.o
Board_TEC_GetStatus                               projects/lab2/out/libs/lpc_open/boards/edu_ciaa_nxp/src/board.o
Board_UARTGetChar                                 projects/lab2/out/libs/lpc_open/boards/edu_ciaa_nxp/src/board.o
Board_UARTPutChar                                 projects/lab2/out/libs/lpc_open/boards/edu_ciaa_nxp/src/board.o
Board_UARTPutSTR                                  projects/lab2/out/libs/lpc_open/boards/edu_ciaa_nxp/src/board.o
BusFault_Handler                                  projects/lab2/out/libs/cmsis_core//src/armv7m_startup.o
CAN0_IRQHandler                                   projects/lab2/out/libs/lpc_open/lpc_startup/src/vendor_interrupt.o
CAN1_IRQHandler                                   projects/lab2/out/libs/lpc_open/lpc_startup/src/vendor_interrupt.o
CRP_WORD                                          projects/lab2/out/libs/lpc_open/lpc_startup/src/crp.o
Chip_ADC_DeInit                                   projects/lab2/out/libs/lpc_open/lpc_chip_43xx/src/adc_18xx_43xx.o
Chip_ADC_EnableChannel                            projects/lab2/out/libs/lpc_open/lpc_chip_43xx/src/adc_18xx_43xx.o
                                                  projects/lab2/out/libs/lpc_open/boards/edu_ciaa_nxp/src/board.o
                                                  projects/lab2/out/modules/drivers_bm//src/adc.o
Chip_ADC_Init                                     projects/lab2/out/libs/lpc_open/lpc_chip_43xx/src/adc_18xx_43xx.o
                                                  projects/lab2/out/libs/lpc_open/boards/edu_ciaa_nxp/src/board.o
                                                  projects/lab2/out/modules/drivers_bm//src/adc.o
Chip_ADC_Int_SetChannelCmd                        projects/lab2/out/libs/lpc_open/lpc_chip_43xx/src/adc_18xx_43xx.o
                                                  projects/lab2/out/modules/drivers_bm//src/adc.o
Chip_ADC_ReadByte                                 projects/lab2/out/libs/lpc_open/lpc_chip_43xx/src/adc_18xx_43xx.o
Chip_ADC_ReadStatus                               projects/lab2/out/libs/lpc_open/lpc_chip_43xx/src/adc_18xx_43xx.o
                                                  projects/lab2/out/libs/lpc_open/boards/edu_ciaa_nxp/src/board.o
                                                  projects/lab2/out/modules/drivers_bm//src/adc.o
Chip_ADC_ReadValue                                projects/lab2/out/libs/lpc_open/lpc_chip_43xx/src/adc_18xx_43xx.o
                                                  projects/lab2/out/libs/lpc_open/boards/edu_ciaa_nxp/src/board.o
                                                  projects/lab2/out/modules/drivers_bm//src/adc.o
Chip_ADC_SetBurstCmd                              projects/lab2/out/libs/lpc_open/lpc_chip_43xx/src/adc_18xx_43xx.o
                                                  projects/lab2/out/libs/lpc_open/boards/edu_ciaa_nxp/src/board.o
Chip_ADC_SetResolution                            projects/lab2/out/libs/lpc_open/lpc_chip_43xx/src/adc_18xx_43xx.o
                                                  projects/lab2/out/libs/lpc_open/boards/edu_ciaa_nxp/src/board.o
Chip_ADC_SetSampleRate                            projects/lab2/out/libs/lpc_open/lpc_chip_43xx/src/adc_18xx_43xx.o
                                                  projects/lab2/out/libs/lpc_open/boards/edu_ciaa_nxp/src/board.o
                                                  projects/lab2/out/modules/drivers_bm//src/adc.o
Chip_ADC_SetStartMode                             projects/lab2/out/libs/lpc_open/lpc_chip_43xx/src/adc_18xx_43xx.o
                                                  projects/lab2/out/libs/lpc_open/boards/edu_ciaa_nxp/src/board.o
                                                  projects/lab2/out/modules/drivers_bm//src/adc.o
Chip_AES_Config_DMA                               projects/lab2/out/libs/lpc_open/lpc_chip_43xx/src/aes_18xx_43xx.o
Chip_AES_GetStatusDMA                             projects/lab2/out/libs/lpc_open/lpc_chip_43xx/src/aes_18xx_43xx.o
Chip_AES_Init                                     projects/lab2/out/libs/lpc_open/lpc_chip_43xx/src/aes_18xx_43xx.o
Chip_AES_LoadIV_IC                                projects/lab2/out/libs/lpc_open/lpc_chip_43xx/src/aes_18xx_43xx.o
Chip_AES_LoadIV_SW                                projects/lab2/out/libs/lpc_open/lpc_chip_43xx/src/aes_18xx_43xx.o
Chip_AES_LoadKey                                  projects/lab2/out/libs/lpc_open/lpc_chip_43xx/src/aes_18xx_43xx.o
Chip_AES_LoadKeyRNG                               projects/lab2/out/libs/lpc_open/lpc_chip_43xx/src/aes_18xx_43xx.o
Chip_AES_LoadKeySW                                projects/lab2/out/libs/lpc_open/lpc_chip_43xx/src/aes_18xx_43xx.o
Chip_AES_Operate                                  projects/lab2/out/libs/lpc_open/lpc_chip_43xx/src/aes_18xx_43xx.o
Chip_AES_OperateDMA                               projects/lab2/out/libs/lpc_open/lpc_chip_43xx/src/aes_18xx_43xx.o
Chip_AES_ProgramKey                               projects/lab2/out/libs/lpc_open/lpc_chip_43xx/src/aes_18xx_43xx.o
Chip_AES_SetMode                                  projects/lab2/out/libs/lpc_open/lpc_chip_43xx/src/aes_18xx_43xx.o
Chip_ATIMER_DeInit                                projects/lab2/out/libs/lpc_open/lpc_chip_43xx/src/atimer_18xx_43xx.o
Chip_ATIMER_Init                                  projects/lab2/out/libs/lpc_open/lpc_chip_43xx/src/atimer_18xx_43xx.o
Chip_CCAN_AddReceiveID                            projects/lab2/out/libs/lpc_open/lpc_chip_43xx/src/ccan_18xx_43xx.o
Chip_CCAN_ClearStatus                             projects/lab2/out/libs/lpc_open/lpc_chip_43xx/src/ccan_18xx_43xx.o
Chip_CCAN_DeInit                                  projects/lab2/out/libs/lpc_open/lpc_chip_43xx/src/ccan_18xx_43xx.o
Chip_CCAN_DeleteReceiveID                         projects/lab2/out/libs/lpc_open/lpc_chip_43xx/src/ccan_18xx_43xx.o
Chip_CCAN_GetMsgObject                            projects/lab2/out/libs/lpc_open/lpc_chip_43xx/src/ccan_18xx_43xx.o
Chip_CCAN_Init                                    projects/lab2/out/libs/lpc_open/lpc_chip_43xx/src/ccan_18xx_43xx.o
Chip_CCAN_Send                                    projects/lab2/out/libs/lpc_open/lpc_chip_43xx/src/ccan_18xx_43xx.o
Chip_CCAN_SetBitRate                              projects/lab2/out/libs/lpc_open/lpc_chip_43xx/src/ccan_18xx_43xx.o
Chip_CCAN_SetMsgObject                            projects/lab2/out/libs/lpc_open/lpc_chip_43xx/src/ccan_18xx_43xx.o
Chip_CCAN_SetValidMsg                             projects/lab2/out/libs/lpc_open/lpc_chip_43xx/src/ccan_18xx_43xx.o
Chip_CCAN_TransferMsgObject                       projects/lab2/out/libs/lpc_open/lpc_chip_43xx/src/ccan_18xx_43xx.o
Chip_Clock_CalcMainPLLValue                       projects/lab2/out/libs/lpc_open/lpc_chip_43xx/src/clock_18xx_43xx.o
                                                  projects/lab2/out/libs/lpc_open/lpc_chip_43xx/src/sysinit_18xx_43xx.o
Chip_Clock_ClearPowerDown                         projects/lab2/out/libs/lpc_open/lpc_chip_43xx/src/clock_18xx_43xx.o
Chip_Clock_Disable                                projects/lab2/out/libs/lpc_open/lpc_chip_43xx/src/clock_18xx_43xx.o
                                                  projects/lab2/out/libs/lpc_open/lpc_chip_43xx/src/i2c_18xx_43xx.o
                                                  projects/lab2/out/libs/lpc_open/lpc_chip_43xx/src/ssp_18xx_43xx.o
                                                  projects/lab2/out/libs/lpc_open/lpc_chip_43xx/src/enet_18xx_43xx.o
                                                  projects/lab2/out/libs/lpc_open/lpc_chip_43xx/src/gpdma_18xx_43xx.o