Archive member included to satisfy reference by file (symbol)

/usr/lib/gcc/arm-none-eabi/6.3.1/../../../arm-none-eabi/lib/thumb/v7e-m/fpv4-sp/hard/libm.a(lib_a-s_sin.o)
                              projects/waveGen/out/projects/waveGen/src/waveGen.o (sin)
/usr/lib/gcc/arm-none-eabi/6.3.1/../../../arm-none-eabi/lib/thumb/v7e-m/fpv4-sp/hard/libm.a(lib_a-e_rem_pio2.o)
                              /usr/lib/gcc/arm-none-eabi/6.3.1/../../../arm-none-eabi/lib/thumb/v7e-m/fpv4-sp/hard/libm.a(lib_a-s_sin.o) (__ieee754_rem_pio2)
/usr/lib/gcc/arm-none-eabi/6.3.1/../../../arm-none-eabi/lib/thumb/v7e-m/fpv4-sp/hard/libm.a(lib_a-k_cos.o)
                              /usr/lib/gcc/arm-none-eabi/6.3.1/../../../arm-none-eabi/lib/thumb/v7e-m/fpv4-sp/hard/libm.a(lib_a-s_sin.o) (__kernel_cos)
/usr/lib/gcc/arm-none-eabi/6.3.1/../../../arm-none-eabi/lib/thumb/v7e-m/fpv4-sp/hard/libm.a(lib_a-k_rem_pio2.o)
                              /usr/lib/gcc/arm-none-eabi/6.3.1/../../../arm-none-eabi/lib/thumb/v7e-m/fpv4-sp/hard/libm.a(lib_a-e_rem_pio2.o) (__kernel_rem_pio2)
/usr/lib/gcc/arm-none-eabi/6.3.1/../../../arm-none-eabi/lib/thumb/v7e-m/fpv4-sp/hard/libm.a(lib_a-k_sin.o)
                              /usr/lib/gcc/arm-none-eabi/6.3.1/../../../arm-none-eabi/lib/thumb/v7e-m/fpv4-sp/hard/libm.a(lib_a-s_sin.o) (__kernel_sin)
/usr/lib/gcc/arm-none-eabi/6.3.1/../../../arm-none-eabi/lib/thumb/v7e-m/fpv4-sp/hard/libm.a(lib_a-s_fabs.o)
                              /usr/lib/gcc/arm-none-eabi/6.3.1/../../../arm-none-eabi/lib/thumb/v7e-m/fpv4-sp/hard/libm.a(lib_a-e_rem_pio2.o) (fabs)
/usr/lib/gcc/arm-none-eabi/6.3.1/../../../arm-none-eabi/lib/thumb/v7e-m/fpv4-sp/hard/libm.a(lib_a-s_floor.o)
                              /usr/lib/gcc/arm-none-eabi/6.3.1/../../../arm-none-eabi/lib/thumb/v7e-m/fpv4-sp/hard/libm.a(lib_a-k_rem_pio2.o) (floor)
/usr/lib/gcc/arm-none-eabi/6.3.1/../../../arm-none-eabi/lib/thumb/v7e-m/fpv4-sp/hard/libm.a(lib_a-s_scalbn.o)
                              /usr/lib/gcc/arm-none-eabi/6.3.1/../../../arm-none-eabi/lib/thumb/v7e-m/fpv4-sp/hard/libm.a(lib_a-k_rem_pio2.o) (scalbn)
/usr/lib/gcc/arm-none-eabi/6.3.1/../../../arm-none-eabi/lib/thumb/v7e-m/fpv4-sp/hard/libm.a(lib_a-s_copysign.o)
                              /usr/lib/gcc/arm-none-eabi/6.3.1/../../../arm-none-eabi/lib/thumb/v7e-m/fpv4-sp/hard/libm.a(lib_a-s_scalbn.o) (copysign)
/usr/lib/gcc/arm-none-eabi/6.3.1/thumb/v7e-m/fpv4-sp/hard/libgcc.a(_arm_addsubdf3.o)
                              /usr/lib/gcc/arm-none-eabi/6.3.1/../../../arm-none-eabi/lib/thumb/v7e-m/fpv4-sp/hard/libm.a(lib_a-s_sin.o) (__aeabi_dsub)
/usr/lib/gcc/arm-none-eabi/6.3.1/thumb/v7e-m/fpv4-sp/hard/libgcc.a(_arm_muldivdf3.o)
                              projects/waveGen/out/projects/waveGen/src/waveGen.o (__aeabi_dmul)
/usr/lib/gcc/arm-none-eabi/6.3.1/thumb/v7e-m/fpv4-sp/hard/libgcc.a(_arm_cmpdf2.o)
                              projects/waveGen/out/projects/waveGen/src/waveGen.o (__aeabi_dcmpeq)
/usr/lib/gcc/arm-none-eabi/6.3.1/thumb/v7e-m/fpv4-sp/hard/libgcc.a(_arm_fixdfsi.o)
                              /usr/lib/gcc/arm-none-eabi/6.3.1/../../../arm-none-eabi/lib/thumb/v7e-m/fpv4-sp/hard/libm.a(lib_a-e_rem_pio2.o) (__aeabi_d2iz)
/usr/lib/gcc/arm-none-eabi/6.3.1/thumb/v7e-m/fpv4-sp/hard/libgcc.a(_arm_fixunsdfsi.o)
                              projects/waveGen/out/projects/waveGen/src/waveGen.o (__aeabi_d2uiz)
/usr/lib/gcc/arm-none-eabi/6.3.1/thumb/v7e-m/fpv4-sp/hard/libgcc.a(_aeabi_uldivmod.o)
                              projects/waveGen/out/libs/lpc_open/lpc_chip_43xx/src/i2s_18xx_43xx.o (__aeabi_uldivmod)
/usr/lib/gcc/arm-none-eabi/6.3.1/thumb/v7e-m/fpv4-sp/hard/libgcc.a(_udivmoddi4.o)
                              /usr/lib/gcc/arm-none-eabi/6.3.1/thumb/v7e-m/fpv4-sp/hard/libgcc.a(_aeabi_uldivmod.o) (__udivmoddi4)
/usr/lib/gcc/arm-none-eabi/6.3.1/thumb/v7e-m/fpv4-sp/hard/libgcc.a(_dvmd_tls.o)
                              /usr/lib/gcc/arm-none-eabi/6.3.1/thumb/v7e-m/fpv4-sp/hard/libgcc.a(_aeabi_uldivmod.o) (__aeabi_ldiv0)
/usr/lib/gcc/arm-none-eabi/6.3.1/../../../arm-none-eabi/lib/thumb/v7e-m/fpv4-sp/hard/libc_nano.a(lib_a-init.o)
                              projects/waveGen/out/libs/cmsis_core//src/armv7m_startup.o (__libc_init_array)
/usr/lib/gcc/arm-none-eabi/6.3.1/../../../arm-none-eabi/lib/thumb/v7e-m/fpv4-sp/hard/libc_nano.a(lib_a-malloc.o)
                              projects/waveGen/out/projects/waveGen/src/myLib.o (malloc)
/usr/lib/gcc/arm-none-eabi/6.3.1/../../../arm-none-eabi/lib/thumb/v7e-m/fpv4-sp/hard/libc_nano.a(lib_a-memcpy.o)
                              projects/waveGen/out/libs/lpc_open/lpc_chip_43xx/src/ring_buffer.o (memcpy)
/usr/lib/gcc/arm-none-eabi/6.3.1/../../../arm-none-eabi/lib/thumb/v7e-m/fpv4-sp/hard/libc_nano.a(lib_a-memset.o)
                              projects/waveGen/out/libs/lpc_open/lpc_chip_43xx/src/clock_18xx_43xx.o (memset)
/usr/lib/gcc/arm-none-eabi/6.3.1/../../../arm-none-eabi/lib/thumb/v7e-m/fpv4-sp/hard/libc_nano.a(lib_a-nano-freer.o)
[...]
Memory Configuration

Name             Origin             Length             Attributes
MFlashA512       0x000000001a000000 0x0000000000080000 xr
MFlashB512       0x000000001b000000 0x0000000000080000 xr
RamLoc32         0x0000000010000000 0x0000000000008000 xrw
RamLoc40         0x0000000010080000 0x000000000000a000 xrw
RamAHB32         0x0000000020000000 0x0000000000008000 xrw
RamAHB16         0x0000000020008000 0x0000000000004000 xrw
RamAHB_ETB16     0x000000002000c000 0x0000000000004000 xrw
*default*        0x0000000000000000 0xffffffffffffffff

Linker script and memory map

START GROUP
LOAD projects/waveGen/out/projects/waveGen/src/myLib.o
LOAD projects/waveGen/out/projects/waveGen/src/configuracion.o
LOAD projects/waveGen/out/projects/waveGen/src/waveGen.o
LOAD projects/waveGen/out/libs/cmsis_core//src/armv7m_startup.o
LOAD projects/waveGen/out/libs/sys_newlib//src/system.o
LOAD projects/waveGen/out/modules/drivers_bm//src/display.o
LOAD projects/waveGen/out/modules/drivers_bm//src/uart.o
LOAD projects/waveGen/out/modules/drivers_bm//src/soc.o
LOAD projects/waveGen/out/modules/drivers_bm//src/led.o
LOAD projects/waveGen/out/modules/drivers_bm//src/itoa.o
LOAD projects/waveGen/out/modules/drivers_bm//src/unt.o
LOAD projects/waveGen/out/modules/drivers_bm//src/dac.o
LOAD projects/waveGen/out/modules/drivers_bm//src/adc.o
LOAD projects/waveGen/out/modules/drivers_bm//src/timer.o
LOAD projects/waveGen/out/modules/drivers_bm//src/switch.o
LOAD projects/waveGen/out/libs/lpc_open/boards/edu_ciaa_nxp/src/board.o
LOAD projects/waveGen/out/libs/lpc_open/boards/edu_ciaa_nxp/src/board_sysinit.o
LOAD projects/waveGen/out/libs/lpc_open/lpc_chip_43xx/src/ccan_18xx_43xx.o
LOAD projects/waveGen/out/libs/lpc_open/lpc_chip_43xx/src/gpiogroup_18xx_43xx.o
LOAD projects/waveGen/out/libs/lpc_open/lpc_chip_43xx/src/dac_18xx_43xx.o
LOAD projects/waveGen/out/libs/lpc_open/lpc_chip_43xx/src/ritimer_18xx_43xx.o
LOAD projects/waveGen/out/libs/lpc_open/lpc_chip_43xx/src/i2s_18xx_43xx.o
LOAD projects/waveGen/out/libs/lpc_open/lpc_chip_43xx/src/lcd_18xx_43xx.o
LOAD projects/waveGen/out/libs/lpc_open/lpc_chip_43xx/src/uart_18xx_43xx.o
LOAD projects/waveGen/out/libs/lpc_open/lpc_chip_43xx/src/adc_18xx_43xx.o
LOAD projects/waveGen/out/libs/lpc_open/lpc_chip_43xx/src/stopwatch_18xx_43xx.o
LOAD projects/waveGen/out/libs/lpc_open/lpc_chip_43xx/src/clock_18xx_43xx.o
LOAD projects/waveGen/out/libs/lpc_open/lpc_chip_43xx/src/chip_18xx_43xx.o
LOAD projects/waveGen/out/libs/lpc_open/lpc_chip_43xx/src/pmc_18xx_43xx.o
LOAD projects/waveGen/out/libs/lpc_open/lpc_chip_43xx/src/otp_18xx_43xx.o
LOAD projects/waveGen/out/libs/lpc_open/lpc_chip_43xx/src/aes_18xx_43xx.o
LOAD projects/waveGen/out/libs/lpc_open/lpc_chip_43xx/src/sysinit_18xx_43xx.o
LOAD projects/waveGen/out/libs/lpc_open/lpc_chip_43xx/src/atimer_18xx_43xx.o
LOAD projects/waveGen/out/libs/lpc_open/lpc_chip_43xx/src/sdif_18xx_43xx.o
LOAD projects/waveGen/out/libs/lpc_open/lpc_chip_43xx/src/timer_18xx_43xx.o
LOAD projects/waveGen/out/libs/lpc_open/lpc_chip_43xx/src/iap_18xx_43xx.o
LOAD projects/waveGen/out/libs/lpc_open/lpc_chip_43xx/src/wwdt_18xx_43xx.o
LOAD projects/waveGen/out/libs/lpc_open/lpc_chip_43xx/src/ring_buffer.o
LOAD projects/waveGen/out/libs/lpc_open/lpc_chip_43xx/src/i2cm_18xx_43xx.o
LOAD projects/waveGen/out/libs/lpc_open/lpc_chip_43xx/src/pinint_18xx_43xx.o
LOAD projects/waveGen/out/libs/lpc_open/lpc_chip_43xx/src/eeprom_18xx_43xx.o
LOAD projects/waveGen/out/libs/lpc_open/lpc_chip_43xx/src/rtc_18xx_43xx.o
LOAD projects/waveGen/out/libs/lpc_open/lpc_chip_43xx/src/sct_18xx_43xx.o
LOAD projects/waveGen/out/libs/lpc_open/lpc_chip_43xx/src/emc_18xx_43xx.o
LOAD projects/waveGen/out/libs/lpc_open/lpc_chip_43xx/src/sdio_18xx_43xx.o
LOAD projects/waveGen/out/libs/lpc_open/lpc_chip_43xx/src/spi_18xx_43xx.o
LOAD projects/waveGen/out/libs/lpc_open/lpc_chip_43xx/src/gpio_18xx_43xx.o
LOAD projects/waveGen/out/libs/lpc_open/lpc_chip_43xx/src/sdmmc_18xx_43xx.o
LOAD projects/waveGen/out/libs/lpc_open/lpc_chip_43xx/src/gpdma_18xx_43xx.o
LOAD projects/waveGen/out/libs/lpc_open/lpc_chip_43xx/src/evrt_18xx_43xx.o
LOAD projects/waveGen/out/libs/lpc_open/lpc_chip_43xx/src/sct_pwm_18xx_43xx.o
LOAD projects/waveGen/out/libs/lpc_open/lpc_chip_43xx/src/enet_18xx_43xx.o
LOAD projects/waveGen/out/libs/lpc_open/lpc_chip_43xx/src/ssp_18xx_43xx.o
LOAD projects/waveGen/out/libs/lpc_open/lpc_chip_43xx/src/i2c_18xx_43xx.o
LOAD projects/waveGen/out/libs/lpc_open/lpc_startup/src/crp.o
LOAD projects/waveGen/out/libs/lpc_open/lpc_startup/src/sysinit.o
LOAD projects/waveGen/out/libs/lpc_open/lpc_startup/src/vendor_interrupt.o
END GROUP
LOAD /usr/lib/gcc/arm-none-eabi/6.3.1/../../../arm-none-eabi/lib/thumb/v7e-m/fpv4-sp/hard/libstdc++_nano.a
LOAD /usr/lib/gcc/arm-none-eabi/6.3.1/../../../arm-none-eabi/lib/thumb/v7e-m/fpv4-sp/hard/libm.a
START GROUP
LOAD /usr/lib/gcc/arm-none-eabi/6.3.1/thumb/v7e-m/fpv4-sp/hard/libgcc.a
LOAD /usr/lib/gcc/arm-none-eabi/6.3.1/../../../arm-none-eabi/lib/thumb/v7e-m/fpv4-sp/hard/libc_nano.a
END GROUP
START GROUP
LOAD /usr/lib/gcc/arm-none-eabi/6.3.1/thumb/v7e-m/fpv4-sp/hard/libgcc.a
LOAD /usr/lib/gcc/arm-none-eabi/6.3.1/../../../arm-none-eabi/lib/thumb/v7e-m/fpv4-sp/hard/libc_nano.a
END GROUP
                0x000000001a080000                __top_MFlashA512 = 0x1a080000
                0x000000001b080000                __top_MFlashB512 = 0x1b080000
                0x0000000010008000                __top_RamLoc32 = 0x10008000
                0x000000001008a000                __top_RamLoc40 = 0x1008a000
                0x0000000020008000                __top_RamAHB32 = 0x20008000
                0x000000002000c000                __top_RamAHB16 = 0x2000c000
                0x0000000020010000                __top_RamAHB_ETB16 = 0x20010000
START GROUP
LOAD /usr/lib/gcc/arm-none-eabi/6.3.1/thumb/v7e-m/fpv4-sp/hard/libgcc.a
LOAD /usr/lib/gcc/arm-none-eabi/6.3.1/../../../arm-none-eabi/lib/thumb/v7e-m/fpv4-sp/hard/libc.a
LOAD /usr/lib/gcc/arm-none-eabi/6.3.1/../../../arm-none-eabi/lib/thumb/v7e-m/fpv4-sp/hard/libm.a
END GROUP

.text_Flash2    0x000000001b000000        0x0
 FILL mask 0xff
 *(.text_Flash2*)
 *(.text_MFlashB512*)
 *(.text.$Flash2*)
 *(.text.$MFlashB512*)
 *(.rodata.$Flash2*)
 *(.rodata.$MFlashB512*)

.text           0x000000001a000000     0x3810
 FILL mask 0xff
                0x000000001a000000                __vectors_start__ = ABSOLUTE (.)
 *(.isr_vector)
 .isr_vector    0x000000001a000000       0x40 projects/waveGen/out/libs/cmsis_core//src/armv7m_startup.o
                0x000000001a000000                g_pfnVectors
 *(.isr_vendor_vector)
 .isr_vendor_vector
                0x000000001a000040       0xd4 projects/waveGen/out/libs/lpc_open/lpc_startup/src/vendor_interrupt.o
                0x000000001a000040                g_pfnVendorVectors
                0x000000001a000114                . = ALIGN (0x4)
                0x000000001a000114                __section_table_start = .
                0x000000001a000114                __data_section_table = .
                0x000000001a000114        0x4 LONG 0x1a00381c LOADADDR (.data)
                0x000000001a000118        0x4 LONG 0x10000000 ADDR (.data)
                0x000000001a00011c        0x4 LONG 0x38 SIZEOF (.data)
                0x000000001a000120        0x4 LONG 0x1a00381c LOADADDR (.data_RAM2)
                0x000000001a000124        0x4 LONG 0x10080000 ADDR (.data_RAM2)
                0x000000001a000128        0x4 LONG 0x0 SIZEOF (.data_RAM2)
                0x000000001a00012c        0x4 LONG 0x1a00381c LOADADDR (.data_RAM3)
                0x000000001a000130        0x4 LONG 0x20000000 ADDR (.data_RAM3)
                0x000000001a000134        0x4 LONG 0x0 SIZEOF (.data_RAM3)
                0x000000001a000138        0x4 LONG 0x1a00381c LOADADDR (.data_RAM4)
                0x000000001a00013c        0x4 LONG 0x20008000 ADDR (.data_RAM4)
                0x000000001a000140        0x4 LONG 0x0 SIZEOF (.data_RAM4)
                0x000000001a000144        0x4 LONG 0x1a00381c LOADADDR (.data_RAM5)
                0x000000001a000148        0x4 LONG 0x2000c000 ADDR (.data_RAM5)
                0x000000001a00014c        0x4 LONG 0x0 SIZEOF (.data_RAM5)
                0x000000001a000150                __data_section_table_end = .
                0x000000001a000150                __bss_section_table = .
                0x000000001a000150        0x4 LONG 0x10000038 ADDR (.bss)
                0x000000001a000154        0x4 LONG 0xc SIZEOF (.bss)
                0x000000001a000158        0x4 LONG 0x10080000 ADDR (.bss_RAM2)
                0x000000001a00015c        0x4 LONG 0x0 SIZEOF (.bss_RAM2)
                0x000000001a000160        0x4 LONG 0x20000000 ADDR (.bss_RAM3)
                0x000000001a000164        0x4 LONG 0x0 SIZEOF (.bss_RAM3)
                0x000000001a000168        0x4 LONG 0x20008000 ADDR (.bss_RAM4)
                0x000000001a00016c        0x4 LONG 0x0 SIZEOF (.bss_RAM4)
                0x000000001a000170        0x4 LONG 0x2000c000 ADDR (.bss_RAM5)
                0x000000001a000174        0x4 LONG 0x0 SIZEOF (.bss_RAM5)
                0x000000001a000178                __bss_section_table_end = .
                0x000000001a000178                __section_table_end = .
 *(.after_vectors*)
 .after_vectors
                0x000000001a000178       0x42 projects/waveGen/out/libs/cmsis_core//src/armv7m_startup.o
                0x000000001a000178                NMI_Handler
                0x000000001a00017a                HardFault_Handler
                0x000000001a00017c                MemManage_Handler
                0x000000001a00017e                BusFault_Handler
                0x000000001a000180                UsageFault_Handler
                0x000000001a000182                SVC_Handler
                0x000000001a000184                DebugMon_Handler
                0x000000001a000186                PendSV_Handler
                0x000000001a000188                SysTick_Handler
                0x000000001a00018a                data_init
                0x000000001a0001a8                bss_init
 .after_vectors
                0x000000001a0001ba        0x2 projects/waveGen/out/libs/lpc_open/lpc_startup/src/vendor_interrupt.o
                0x000000001a0001ba                TIMER2_IRQHandler
                0x000000001a0001ba                RIT_IRQHandler
                0x000000001a0001ba                ADCHS_IRQHandler
                0x000000001a0001ba                FLASH_EEPROM_IRQHandler
                0x000000001a0001ba                I2C0_IRQHandler
                0x000000001a0001ba                SDIO_IRQHandler
                0x000000001a0001ba                ATIMER_IRQHandler
                0x000000001a0001ba                I2C1_IRQHandler
                0x000000001a0001ba                UART1_IRQHandler
                0x000000001a0001ba                GPIO5_IRQHandler
                0x000000001a0001ba                CAN1_IRQHandler
                0x000000001a0001ba                USB1_IRQHandler
                0x000000001a0001ba                I2S0_IRQHandler
                0x000000001a0001ba                TIMER3_IRQHandler
                0x000000001a0001ba                UART0_IRQHandler
                0x000000001a0001ba                SGPIO_IRQHandler
                0x000000001a0001ba                ADC0_IRQHandler
                0x000000001a0001ba                GPIO6_IRQHandler
                0x000000001a0001ba                IntDefaultHandler
                0x000000001a0001ba                GPIO1_IRQHandler
                0x000000001a0001ba                SSP0_IRQHandler
                0x000000001a0001ba                ADC1_IRQHandler
                0x000000001a0001ba                RTC_IRQHandler
                0x000000001a0001ba                TIMER0_IRQHandler
                0x000000001a0001ba                SPI_IRQHandler
                0x000000001a0001ba                LCD_IRQHandler
                0x000000001a0001ba                TIMER1_IRQHandler
                0x000000001a0001ba                UART2_IRQHandler
                0x000000001a0001ba                GPIO2_IRQHandler
                0x000000001a0001ba                I2S1_IRQHandler
                0x000000001a0001ba                SSP1_IRQHandler
                0x000000001a0001ba                USB0_IRQHandler
                0x000000001a0001ba                GPIO3_IRQHandler
                0x000000001a0001ba                SCT_IRQHandler
                0x000000001a0001ba                WDT_IRQHandler
                0x000000001a0001ba                GPIO7_IRQHandler
                0x000000001a0001ba                SPIFI_IRQHandler
                0x000000001a0001ba                QEI_IRQHandler
                0x000000001a0001ba                ETH_IRQHandler
                0x000000001a0001ba                CAN0_IRQHandler
                0x000000001a0001ba                GINT0_IRQHandler
                0x000000001a0001ba                M0SUB_IRQHandler
                0x000000001a0001ba                GPIO0_IRQHandler
                0x000000001a0001ba                DMA_IRQHandler
                0x000000001a0001ba                EVRT_IRQHandler
                0x000000001a0001ba                UART3_IRQHandler
                0x000000001a0001ba                MCPWM_IRQHandler
                0x000000001a0001ba                M0APP_IRQHandler
                0x000000001a0001ba                GINT1_IRQHandler
                0x000000001a0001ba                GPIO4_IRQHandler
                0x00000000000002fc                . = 0x2fc
 *fill*         0x000000001a0001bc      0x140 ff
                0x000000001a0002fc                PROVIDE (__CRP_WORD_START__, .)
 *(.crp)
 .crp           0x000000001a0002fc        0x4 projects/waveGen/out/libs/lpc_open/lpc_startup/src/crp.o
                0x000000001a0002fc                CRP_WORD
                0x000000001a000300                PROVIDE (__CRP_WORD_END__, .)
                0x0000000000000001                ASSERT (! ((__CRP_WORD_START__ == __CRP_WORD_END__)), Linker CRP Enabled, but no CRP_WORD provided within application)
 *(.text*)
 .text.ConfigurarDAC
                0x000000001a000300       0x54 projects/waveGen/out/projects/waveGen/src/configuracion.o
                0x000000001a000300                ConfigurarDAC
 .text.ConfigurarPuertosLaboratorio
                0x000000001a000354       0x94 projects/waveGen/out/projects/waveGen/src/configuracion.o
                0x000000001a000354                ConfigurarPuertosLaboratorio
 .text.DAC_IRQHandler
                0x000000001a0003e8       0xfc projects/waveGen/out/projects/waveGen/src/waveGen.o
                0x000000001a0003e8                DAC_IRQHandler
 .text.main     0x000000001a0004e4       0x14 projects/waveGen/out/projects/waveGen/src/waveGen.o
                0x000000001a0004e4                main
 .text.initialise_monitor_handles
                0x000000001a0004f8        0x2 projects/waveGen/out/libs/cmsis_core//src/armv7m_startup.o
                0x000000001a0004f8                initialise_monitor_handles
 *fill*         0x000000001a0004fa        0x2 ff
 .text.Reset_Handler
                0x000000001a0004fc       0x88 projects/waveGen/out/libs/cmsis_core//src/armv7m_startup.o
                0x000000001a0004fc                Reset_Handler
 .text._fini    0x000000001a000584        0x2 projects/waveGen/out/libs/cmsis_core//src/armv7m_startup.o
                0x000000001a000584                _fini
 .text._init    0x000000001a000586        0x2 projects/waveGen/out/libs/cmsis_core//src/armv7m_startup.o
                0x000000001a000586                _init
 .text.Led_On   0x000000001a000588       0x78 projects/waveGen/out/modules/drivers_bm//src/led.o
                0x000000001a000588                Led_On
 .text.Led_Off  0x000000001a000600       0x78 projects/waveGen/out/modules/drivers_bm//src/led.o
                0x000000001a000600                Led_Off
 .text.Board_LED_Init
                0x000000001a000678       0x44 projects/waveGen/out/libs/lpc_open/boards/edu_ciaa_nxp/src/board.o
 .text.Board_TEC_Init
                0x000000001a0006bc       0x40 projects/waveGen/out/libs/lpc_open/boards/edu_ciaa_nxp/src/board.o
 .text.Board_GPIO_Init
                0x000000001a0006fc       0x40 projects/waveGen/out/libs/lpc_open/boards/edu_ciaa_nxp/src/board.o
 .text.Board_ADC_Init
                0x000000001a00073c       0x30 projects/waveGen/out/libs/lpc_open/boards/edu_ciaa_nxp/src/board.o
 .text.Board_SPI_Init
                0x000000001a00076c       0x38 projects/waveGen/out/libs/lpc_open/boards/edu_ciaa_nxp/src/board.o
 .text.Board_I2C_Init
                0x000000001a0007a4       0x24 projects/waveGen/out/libs/lpc_open/boards/edu_ciaa_nxp/src/board.o
 .text.Board_Debug_Init
                0x000000001a0007c8       0x24 projects/waveGen/out/libs/lpc_open/boards/edu_ciaa_nxp/src/board.o
                0x000000001a0007c8                Board_Debug_Init
 .text.Board_Init
                0x000000001a0007ec       0x2c projects/waveGen/out/libs/lpc_open/boards/edu_ciaa_nxp/src/board.o
                0x000000001a0007ec                Board_Init
 .text.__stdio_init
                0x000000001a000818        0x8 projects/waveGen/out/libs/lpc_open/boards/edu_ciaa_nxp/src/board.o
                0x000000001a000818                __stdio_init
 .text.Board_SetupMuxing
                0x000000001a000820       0x38 projects/waveGen/out/libs/lpc_open/boards/edu_ciaa_nxp/src/board_sysinit.o
                0x000000001a000820                Board_SetupMuxing
 .text.Board_SetupClocking
                0x000000001a000858       0x6c projects/waveGen/out/libs/lpc_open/boards/edu_ciaa_nxp/src/board_sysinit.o
                0x000000001a000858                Board_SetupClocking
 .text.Board_SystemInit
                0x000000001a0008c4        0xc projects/waveGen/out/libs/lpc_open/boards/edu_ciaa_nxp/src/board_sysinit.o
                0x000000001a0008c4                Board_SystemInit
 .text.Chip_DAC_UpdateValue
                0x000000001a0008d0       0x10 projects/waveGen/out/libs/lpc_open/lpc_chip_43xx/src/dac_18xx_43xx.o
                0x000000001a0008d0                Chip_DAC_UpdateValue
 .text.Chip_DAC_SetBias
                0x000000001a0008e0       0x18 projects/waveGen/out/libs/lpc_open/lpc_chip_43xx/src/dac_18xx_43xx.o
                0x000000001a0008e0                Chip_DAC_SetBias
 .text.Chip_DAC_Init
                0x000000001a0008f8       0x1a projects/waveGen/out/libs/lpc_open/lpc_chip_43xx/src/dac_18xx_43xx.o
                0x000000001a0008f8                Chip_DAC_Init
 *fill*         0x000000001a000912        0x2 ff
 .text.Chip_UART_GetIndex
                0x000000001a000914       0x2c projects/waveGen/out/libs/lpc_open/lpc_chip_43xx/src/uart_18xx_43xx.o
 .text.Chip_UART_Init
                0x000000001a000940       0x54 projects/waveGen/out/libs/lpc_open/lpc_chip_43xx/src/uart_18xx_43xx.o
                0x000000001a000940                Chip_UART_Init
 .text.Chip_UART_SetBaudFDR
                0x000000001a000994       0xe8 projects/waveGen/out/libs/lpc_open/lpc_chip_43xx/src/uart_18xx_43xx.o
                0x000000001a000994                Chip_UART_SetBaudFDR
 .text.Chip_ADC_GetClockIndex
                0x000000001a000a7c       0x14 projects/waveGen/out/libs/lpc_open/lpc_chip_43xx/src/adc_18xx_43xx.o
 .text.getClkDiv
                0x000000001a000a90       0x32 projects/waveGen/out/libs/lpc_open/lpc_chip_43xx/src/adc_18xx_43xx.o
 *fill*         0x000000001a000ac2        0x2 ff
 .text.Chip_ADC_Init
                0x000000001a000ac4       0x40 projects/waveGen/out/libs/lpc_open/lpc_chip_43xx/src/adc_18xx_43xx.o
                0x000000001a000ac4                Chip_ADC_Init
 .text.Chip_ADC_SetSampleRate
                0x000000001a000b04       0x32 projects/waveGen/out/libs/lpc_open/lpc_chip_43xx/src/adc_18xx_43xx.o
                0x000000001a000b04                Chip_ADC_SetSampleRate
 .text.Chip_ADC_SetResolution
                0x000000001a000b36        0xc projects/waveGen/out/libs/lpc_open/lpc_chip_43xx/src/adc_18xx_43xx.o
                0x000000001a000b36                Chip_ADC_SetResolution
 *fill*         0x000000001a000b42        0x2 ff
 .text.pll_calc_divs
                0x000000001a000b44       0xa0 projects/waveGen/out/libs/lpc_open/lpc_chip_43xx/src/clock_18xx_43xx.o
 .text.pll_get_frac
                0x000000001a000be4      0x10c projects/waveGen/out/libs/lpc_open/lpc_chip_43xx/src/clock_18xx_43xx.o
 .text.Chip_Clock_FindBaseClock
                0x000000001a000cf0       0x4c projects/waveGen/out/libs/lpc_open/lpc_chip_43xx/src/clock_18xx_43xx.o
 .text.Chip_Clock_EnableCrystal
                0x000000001a000d3c       0x4c projects/waveGen/out/libs/lpc_open/lpc_chip_43xx/src/clock_18xx_43xx.o
                0x000000001a000d3c                Chip_Clock_EnableCrystal
 .text.Chip_Clock_GetDividerSource
                0x000000001a000d88       0x1c projects/waveGen/out/libs/lpc_open/lpc_chip_43xx/src/clock_18xx_43xx.o
                0x000000001a000d88                Chip_Clock_GetDividerSource
 .text.Chip_Clock_GetDividerDivisor
                0x000000001a000da4       0x1c projects/waveGen/out/libs/lpc_open/lpc_chip_43xx/src/clock_18xx_43xx.o
                0x000000001a000da4                Chip_Clock_GetDividerDivisor
 .text.Chip_Clock_GetClockInputHz
                0x000000001a000dc0       0xb8 projects/waveGen/out/libs/lpc_open/lpc_chip_43xx/src/clock_18xx_43xx.o
                0x000000001a000dc0                Chip_Clock_GetClockInputHz
 .text.Chip_Clock_CalcMainPLLValue
                0x000000001a000e78       0x80 projects/waveGen/out/libs/lpc_open/lpc_chip_43xx/src/clock_18xx_43xx.o
                0x000000001a000e78                Chip_Clock_CalcMainPLLValue
 .text.Chip_Clock_GetMainPLLHz
                0x000000001a000ef8       0x6c projects/waveGen/out/libs/lpc_open/lpc_chip_43xx/src/clock_18xx_43xx.o
                0x000000001a000ef8                Chip_Clock_GetMainPLLHz
 .text.Chip_Clock_GetDivRate
                0x000000001a000f64       0x22 projects/waveGen/out/libs/lpc_open/lpc_chip_43xx/src/clock_18xx_43xx.o
 *fill*         0x000000001a000f86        0x2 ff
 .text.Chip_Clock_SetBaseClock
                0x000000001a000f88       0x58 projects/waveGen/out/libs/lpc_open/lpc_chip_43xx/src/clock_18xx_43xx.o
                0x000000001a000f88                Chip_Clock_SetBaseClock
 .text.Chip_Clock_GetBaseClock
                0x000000001a000fe0       0x26 projects/waveGen/out/libs/lpc_open/lpc_chip_43xx/src/clock_18xx_43xx.o
                0x000000001a000fe0                Chip_Clock_GetBaseClock
 .text.Chip_Clock_GetBaseClocktHz
                0x000000001a001006        0xc projects/waveGen/out/libs/lpc_open/lpc_chip_43xx/src/clock_18xx_43xx.o
                0x000000001a001006                Chip_Clock_GetBaseClocktHz
 *fill*         0x000000001a001012        0x2 ff
 .text.Chip_Clock_EnableOpts
                0x000000001a001014       0x3c projects/waveGen/out/libs/lpc_open/lpc_chip_43xx/src/clock_18xx_43xx.o
                0x000000001a001014                Chip_Clock_EnableOpts
 .text.Chip_Clock_Enable
                0x000000001a001050       0x34 projects/waveGen/out/libs/lpc_open/lpc_chip_43xx/src/clock_18xx_43xx.o
                0x000000001a001050                Chip_Clock_Enable
 .text.Chip_Clock_GetRate
                0x000000001a001084       0x4c projects/waveGen/out/libs/lpc_open/lpc_chip_43xx/src/clock_18xx_43xx.o
                0x000000001a001084                Chip_Clock_GetRate
 .text.Chip_SetupCoreClock
                0x000000001a0010d0      0x154 projects/waveGen/out/libs/lpc_open/lpc_chip_43xx/src/sysinit_18xx_43xx.o
                0x000000001a0010d0                Chip_SetupCoreClock
 .text.Chip_GPIO_Init
                0x000000001a001224        0x2 projects/waveGen/out/libs/lpc_open/lpc_chip_43xx/src/gpio_18xx_43xx.o
                0x000000001a001224                Chip_GPIO_Init
 *fill*         0x000000001a001226        0x2 ff
 .text.Chip_SSP_GetClockIndex
                0x000000001a001228       0x14 projects/waveGen/out/libs/lpc_open/lpc_chip_43xx/src/ssp_18xx_43xx.o
 .text.Chip_SSP_GetPeriphClockIndex
                0x000000001a00123c       0x18 projects/waveGen/out/libs/lpc_open/lpc_chip_43xx/src/ssp_18xx_43xx.o
 .text.Chip_SSP_SetClockRate
                0x000000001a001254       0x12 projects/waveGen/out/libs/lpc_open/lpc_chip_43xx/src/ssp_18xx_43xx.o
                0x000000001a001254                Chip_SSP_SetClockRate
 .text.Chip_SSP_SetBitRate
                0x000000001a001266       0x3e projects/waveGen/out/libs/lpc_open/lpc_chip_43xx/src/ssp_18xx_43xx.o
                0x000000001a001266                Chip_SSP_SetBitRate
 .text.Chip_SSP_Init
                0x000000001a0012a4       0x38 projects/waveGen/out/libs/lpc_open/lpc_chip_43xx/src/ssp_18xx_43xx.o
                0x000000001a0012a4                Chip_SSP_Init
 .text.Chip_I2C_EventHandler
                0x000000001a0012dc       0x20 projects/waveGen/out/libs/lpc_open/lpc_chip_43xx/src/i2c_18xx_43xx.o
                0x000000001a0012dc                Chip_I2C_EventHandler
 .text.Chip_I2C_Init
                0x000000001a0012fc       0x24 projects/waveGen/out/libs/lpc_open/lpc_chip_43xx/src/i2c_18xx_43xx.o
                0x000000001a0012fc                Chip_I2C_Init
 .text.Chip_I2C_SetClockRate
                0x000000001a001320       0x38 projects/waveGen/out/libs/lpc_open/lpc_chip_43xx/src/i2c_18xx_43xx.o
                0x000000001a001320                Chip_I2C_SetClockRate
 .text.SystemInit
                0x000000001a001358       0x40 projects/waveGen/out/libs/lpc_open/lpc_startup/src/sysinit.o
                0x000000001a001358                SystemInit
 .text          0x000000001a001398       0xc0 /usr/lib/gcc/arm-none-eabi/6.3.1/../../../arm-none-eabi/lib/thumb/v7e-m/fpv4-sp/hard/libm.a(lib_a-s_sin.o)
                0x000000001a001398                sin
 .text          0x000000001a001458      0x44c /usr/lib/gcc/arm-none-eabi/6.3.1/../../../arm-none-eabi/lib/thumb/v7e-m/fpv4-sp/hard/libm.a(lib_a-e_rem_pio2.o)
                0x000000001a001458                __ieee754_rem_pio2
 *fill*         0x000000001a0018a4        0x4 ff
 .text          0x000000001a0018a8      0x284 /usr/lib/gcc/arm-none-eabi/6.3.1/../../../arm-none-eabi/lib/thumb/v7e-m/fpv4-sp/hard/libm.a(lib_a-k_cos.o)
                0x000000001a0018a8                __kernel_cos
 *fill*         0x000000001a001b2c        0x4 ff
 .text          0x000000001a001b30      0x870 /usr/lib/gcc/arm-none-eabi/6.3.1/../../../arm-none-eabi/lib/thumb/v7e-m/fpv4-sp/hard/libm.a(lib_a-k_rem_pio2.o)
                0x000000001a001b30                __kernel_rem_pio2
 .text          0x000000001a0023a0      0x194 /usr/lib/gcc/arm-none-eabi/6.3.1/../../../arm-none-eabi/lib/thumb/v7e-m/fpv4-sp/hard/libm.a(lib_a-k_sin.o)
                0x000000001a0023a0                __kernel_sin
 .text          0x000000001a002534       0x10 /usr/lib/gcc/arm-none-eabi/6.3.1/../../../arm-none-eabi/lib/thumb/v7e-m/fpv4-sp/hard/libm.a(lib_a-s_fabs.o)
                0x000000001a002534                fabs
 *fill*         0x000000001a002544        0x4 ff
 .text          0x000000001a002548      0x120 /usr/lib/gcc/arm-none-eabi/6.3.1/../../../arm-none-eabi/lib/thumb/v7e-m/fpv4-sp/hard/libm.a(lib_a-s_floor.o)
                0x000000001a002548                floor
 .text          0x000000001a002668      0x10c /usr/lib/gcc/arm-none-eabi/6.3.1/../../../arm-none-eabi/lib/thumb/v7e-m/fpv4-sp/hard/libm.a(lib_a-s_scalbn.o)
                0x000000001a002668                scalbn
 .text          0x000000001a002774       0x1c /usr/lib/gcc/arm-none-eabi/6.3.1/../../../arm-none-eabi/lib/thumb/v7e-m/fpv4-sp/hard/libm.a(lib_a-s_copysign.o)
                0x000000001a002774                copysign
 .text          0x000000001a002790      0x370 /usr/lib/gcc/arm-none-eabi/6.3.1/thumb/v7e-m/fpv4-sp/hard/libgcc.a(_arm_addsubdf3.o)
                0x000000001a002790                __aeabi_drsub
                0x000000001a002798                __aeabi_dsub
                0x000000001a002798                __subdf3
                0x000000001a00279c                __adddf3
                0x000000001a00279c                __aeabi_dadd
                0x000000001a002a14                __aeabi_ui2d
                0x000000001a002a14                __floatunsidf
                0x000000001a002a34                __floatsidf
                0x000000001a002a34                __aeabi_i2d
                0x000000001a002a58                __extendsfdf2
                0x000000001a002a58                __aeabi_f2d
                0x000000001a002a94                __aeabi_ul2d
                0x000000001a002a94                __floatundidf
                0x000000001a002aa4                __floatdidf
                0x000000001a002aa4                __aeabi_l2d
 .text          0x000000001a002b00      0x424 /usr/lib/gcc/arm-none-eabi/6.3.1/thumb/v7e-m/fpv4-sp/hard/libgcc.a(_arm_muldivdf3.o)
                0x000000001a002b00                __aeabi_dmul
                0x000000001a002b00                __muldf3
                0x000000001a002d54                __aeabi_ddiv
                0x000000001a002d54                __divdf3
 .text          0x000000001a002f24      0x110 /usr/lib/gcc/arm-none-eabi/6.3.1/thumb/v7e-m/fpv4-sp/hard/libgcc.a(_arm_cmpdf2.o)
                0x000000001a002f24                __gtdf2
                0x000000001a002f24                __gedf2
                0x000000001a002f2c                __ltdf2
                0x000000001a002f2c                __ledf2
                0x000000001a002f34                __cmpdf2
                0x000000001a002f34                __eqdf2
                0x000000001a002f34                __nedf2
                0x000000001a002fb0                __aeabi_cdrcmple
                0x000000001a002fc0                __aeabi_cdcmple
                0x000000001a002fc0                __aeabi_cdcmpeq
                0x000000001a002fd0                __aeabi_dcmpeq
                0x000000001a002fe4                __aeabi_dcmplt
                0x000000001a002ff8                __aeabi_dcmple
                0x000000001a00300c                __aeabi_dcmpge
                0x000000001a003020                __aeabi_dcmpgt
 .text          0x000000001a003034       0x50 /usr/lib/gcc/arm-none-eabi/6.3.1/thumb/v7e-m/fpv4-sp/hard/libgcc.a(_arm_fixdfsi.o)
                0x000000001a003034                __fixdfsi
                0x000000001a003034                __aeabi_d2iz
 .text          0x000000001a003084       0x40 /usr/lib/gcc/arm-none-eabi/6.3.1/thumb/v7e-m/fpv4-sp/hard/libgcc.a(_arm_fixunsdfsi.o)
                0x000000001a003084                __fixunsdfsi
                0x000000001a003084                __aeabi_d2uiz
 .text          0x000000001a0030c4       0x30 /usr/lib/gcc/arm-none-eabi/6.3.1/thumb/v7e-m/fpv4-sp/hard/libgcc.a(_aeabi_uldivmod.o)
                0x000000001a0030c4                __aeabi_uldivmod
 .text          0x000000001a0030f4      0x2dc /usr/lib/gcc/arm-none-eabi/6.3.1/thumb/v7e-m/fpv4-sp/hard/libgcc.a(_udivmoddi4.o)
                0x000000001a0030f4                __udivmoddi4
 .text          0x000000001a0033d0        0x4 /usr/lib/gcc/arm-none-eabi/6.3.1/thumb/v7e-m/fpv4-sp/hard/libgcc.a(_dvmd_tls.o)
                0x000000001a0033d0                __aeabi_ldiv0
                0x000000001a0033d0                __aeabi_idiv0
 .text          0x000000001a0033d4       0x50 /usr/lib/gcc/arm-none-eabi/6.3.1/../../../arm-none-eabi/lib/thumb/v7e-m/fpv4-sp/hard/libc_nano.a(lib_a-init.o)
                0x000000001a0033d4                __libc_init_array
 .text          0x000000001a003424       0x9c /usr/lib/gcc/arm-none-eabi/6.3.1/../../../arm-none-eabi/lib/thumb/v7e-m/fpv4-sp/hard/libc_nano.a(lib_a-memset.o)
                0x000000001a003424                memset
 *(.rodata .rodata.* .constdata .constdata.*)
 .rodata.ExtRateIn
                0x000000001a0034c0        0x4 projects/waveGen/out/libs/lpc_open/boards/edu_ciaa_nxp/src/board.o
                0x000000001a0034c0                ExtRateIn
 .rodata.GpioButtons
                0x000000001a0034c4        0x8 projects/waveGen/out/libs/lpc_open/boards/edu_ciaa_nxp/src/board.o
 .rodata.GpioLeds
                0x000000001a0034cc        0xc projects/waveGen/out/libs/lpc_open/boards/edu_ciaa_nxp/src/board.o
 .rodata.GpioPorts
                0x000000001a0034d8       0x12 projects/waveGen/out/libs/lpc_open/boards/edu_ciaa_nxp/src/board.o
 *fill*         0x000000001a0034ea        0x2 ff
 .rodata.OscRateIn
                0x000000001a0034ec        0x4 projects/waveGen/out/libs/lpc_open/boards/edu_ciaa_nxp/src/board.o
                0x000000001a0034ec                OscRateIn
 .rodata.InitClkStates
                0x000000001a0034f0        0x4 projects/waveGen/out/libs/lpc_open/boards/edu_ciaa_nxp/src/board_sysinit.o
 .rodata.pinmuxing
                0x000000001a0034f4       0x74 projects/waveGen/out/libs/lpc_open/boards/edu_ciaa_nxp/src/board_sysinit.o
 .rodata.UART_BClock
                0x000000001a003568        0x8 projects/waveGen/out/libs/lpc_open/lpc_chip_43xx/src/uart_18xx_43xx.o
 .rodata.UART_PClock
                0x000000001a003570        0x8 projects/waveGen/out/libs/lpc_open/lpc_chip_43xx/src/uart_18xx_43xx.o
 .rodata        0x000000001a003578        0x4 projects/waveGen/out/libs/lpc_open/lpc_chip_43xx/src/clock_18xx_43xx.o
 .rodata.Chip_Clock_SetDivider.str1.4
                0x000000001a00357c        0x8 projects/waveGen/out/libs/lpc_open/lpc_chip_43xx/src/clock_18xx_43xx.o
                                          0x6 (size before relaxing)
 .rodata.periph_to_base
                0x000000001a003584       0x6c projects/waveGen/out/libs/lpc_open/lpc_chip_43xx/src/clock_18xx_43xx.o
 .rodata.InitClkStates
                0x000000001a0035f0       0x48 projects/waveGen/out/libs/lpc_open/lpc_chip_43xx/src/sysinit_18xx_43xx.o
 .rodata        0x000000001a003638      0x188 /usr/lib/gcc/arm-none-eabi/6.3.1/../../../arm-none-eabi/lib/thumb/v7e-m/fpv4-sp/hard/libm.a(lib_a-e_rem_pio2.o)
 .rodata        0x000000001a0037c0       0x50 /usr/lib/gcc/arm-none-eabi/6.3.1/../../../arm-none-eabi/lib/thumb/v7e-m/fpv4-sp/hard/libm.a(lib_a-k_rem_pio2.o)
                0x000000001a003810                . = ALIGN (0x4)

.glue_7         0x000000001a003810        0x0
 .glue_7        0x000000001a003810        0x0 linker stubs

.glue_7t        0x000000001a003810        0x0
 .glue_7t       0x000000001a003810        0x0 linker stubs

.vfp11_veneer   0x000000001a003810        0x0
 .vfp11_veneer  0x000000001a003810        0x0 linker stubs

.v4_bx          0x000000001a003810        0x0
 .v4_bx         0x000000001a003810        0x0 linker stubs

.iplt           0x000000001a003810        0x0
 .iplt          0x000000001a003810        0x0 projects/waveGen/out/projects/waveGen/src/myLib.o
                0x000000001a003810                . = ALIGN (0x4)

.preinit_array  0x000000001a003810        0x0
                0x000000001a003810                PROVIDE (__preinit_array_start, .)
 *(.preinit_array*)
                0x000000001a003810                PROVIDE (__preinit_array_end, .)

.init_array     0x000000001a003810        0x4
                0x000000001a003810                PROVIDE (__init_array_start, .)
 *(SORT(.init_array.*))
 *(.init_array*)
 .init_array    0x000000001a003810        0x4 projects/waveGen/out/libs/sys_newlib//src/system.o
                0x000000001a003814                PROVIDE (__init_array_end, .)
                0x000000001a003814                . = ALIGN (0x4)

.ARM.extab
 *(.ARM.extab* .gnu.linkonce.armextab.*)
                0x000000001a003814                __exidx_start = .

.ARM.exidx      0x000000001a003814        0x8
 *(.ARM.exidx* .gnu.linkonce.armexidx.*)
 .ARM.exidx     0x000000001a003814        0x8 /usr/lib/gcc/arm-none-eabi/6.3.1/thumb/v7e-m/fpv4-sp/hard/libgcc.a(_udivmoddi4.o)
                0x000000001a00381c                __exidx_end = .
                0x000000001a00381c                _etext = .

.rel.dyn        0x000000001a00381c        0x0
 .rel.iplt      0x000000001a00381c        0x0 projects/waveGen/out/projects/waveGen/src/myLib.o

.data_RAM2      0x0000000010080000        0x0 load address 0x000000001a00381c
 FILL mask 0xff
 *(.ramfunc.$RAM2)
 *(.ramfunc.$RamLoc40)
 *(.data.$RAM2*)
 *(.data.$RamLoc40*)
                0x0000000010080000                . = ALIGN (0x4)

.data_RAM3      0x0000000020000000        0x0 load address 0x000000001a00381c
 FILL mask 0xff
 *(.ramfunc.$RAM3)
 *(.ramfunc.$RamAHB32)
 *(.data.$RAM3*)
 *(.data.$RamAHB32*)
                0x0000000020000000                . = ALIGN (0x4)

.data_RAM4      0x0000000020008000        0x0 load address 0x000000001a00381c
 FILL mask 0xff
 *(.ramfunc.$RAM4)
 *(.ramfunc.$RamAHB16)
 *(.data.$RAM4*)
 *(.data.$RamAHB16*)
                0x0000000020008000                . = ALIGN (0x4)

.data_RAM5      0x000000002000c000        0x0 load address 0x000000001a00381c
 FILL mask 0xff
 *(.ramfunc.$RAM5)
 *(.ramfunc.$RamAHB_ETB16)
 *(.data.$RAM5*)
 *(.data.$RamAHB_ETB16*)
                0x000000002000c000                . = ALIGN (0x4)

.uninit_RESERVED
                0x0000000010000000        0x0
 *(.bss.$RESERVED*)
                0x0000000010000000                . = ALIGN (0x4)
                0x0000000010000000                _end_uninit_RESERVED = .

.data           0x0000000010000000       0x38 load address 0x000000001a00381c
 FILL mask 0xff
                0x0000000010000000                _data = .
 *(vtable)
 *(.ramfunc*)
 *(.data*)
 .data.i2c      0x0000000010000000       0x38 projects/waveGen/out/libs/lpc_open/lpc_chip_43xx/src/i2c_18xx_43xx.o
                0x0000000010000038                . = ALIGN (0x4)
                0x0000000010000038                _edata = .

.igot.plt       0x0000000010000038        0x0 load address 0x000000001a003854
 .igot.plt      0x0000000010000038        0x0 projects/waveGen/out/projects/waveGen/src/myLib.o

.bss_RAM2       0x0000000010080000        0x0
 *(.bss.$RAM2*)
 *(.bss.$RamLoc40*)
                0x0000000010080000                . = ALIGN (0x4)

.bss_RAM3       0x0000000020000000        0x0
 *(.bss.$RAM3*)
 *(.bss.$RamAHB32*)
                0x0000000020000000                . = ALIGN (0x4)

.bss_RAM4       0x0000000020008000        0x0
 *(.bss.$RAM4*)
 *(.bss.$RamAHB16*)
                0x0000000020008000                . = ALIGN (0x4)

.bss_RAM5       0x000000002000c000        0x0
 *(.bss.$RAM5*)
 *(.bss.$RamAHB_ETB16*)
                0x000000002000c000                . = ALIGN (0x4)

.bss            0x0000000010000038        0xc
                0x0000000010000038                _bss = .
 *(.bss*)
 .bss.x         0x0000000010000038        0x2 projects/waveGen/out/projects/waveGen/src/waveGen.o
                0x0000000010000038                x
 *fill*         0x000000001000003a        0x2 
 .bss.audio_usb_pll_freq
                0x000000001000003c        0x8 projects/waveGen/out/libs/lpc_open/lpc_chip_43xx/src/clock_18xx_43xx.o
 *(COMMON)
                0x0000000010000044                . = ALIGN (0x4)
                0x0000000010000044                _ebss = .
                [!provide]                        PROVIDE (end, .)

.noinit_RAM2    0x0000000010080000        0x0
 *(.noinit.$RAM2*)
 *(.noinit.$RamLoc40*)
                0x0000000010080000                . = ALIGN (0x4)

.noinit_RAM3    0x0000000020000000        0x0
 *(.noinit.$RAM3*)
 *(.noinit.$RamAHB32*)
                0x0000000020000000                . = ALIGN (0x4)

.noinit_RAM4    0x0000000020008000        0x0
 *(.noinit.$RAM4*)
 *(.noinit.$RamAHB16*)
                0x0000000020008000                . = ALIGN (0x4)

.noinit_RAM5    0x000000002000c000        0x0
 *(.noinit.$RAM5*)
 *(.noinit.$RamAHB_ETB16*)
                0x000000002000c000                . = ALIGN (0x4)

.noinit         0x0000000010000044        0x0
                0x0000000010000044                _noinit = .
 *(.noinit*)
                0x0000000010000044                . = ALIGN (0x4)
                0x0000000010000044                _end_noinit = .
                0x0000000010000044                PROVIDE (_pvHeapStart, .)
                0x0000000010008000                PROVIDE (_vStackTop, (__top_RamLoc32 - 0x0))
                0xffffffff53ff7392                PROVIDE (__valid_user_code_checksum, (0x0 - ((((((_vStackTop + (Reset_Handler + 0x1)) + (NMI_Handler + 0x1)) + (HardFault_Handler + 0x1)) + (DEFINED (MemManage_Handler)?MemManage_Handler:0x0 + 0x1)) + (DEFINED (BusFault_Handler)?BusFault_Handler:0x0 + 0x1)) + (DEFINED (UsageFault_Handler)?UsageFault_Handler:0x0 + 0x1))))
OUTPUT(projects/waveGen/out/waveGen.elf elf32-littlearm)

.debug_info     0x0000000000000000    0x16e60
 .debug_info    0x0000000000000000      0xe1a projects/waveGen/out/projects/waveGen/src/configuracion.o
 .debug_info    0x0000000000000e1a      0xfb2 projects/waveGen/out/projects/waveGen/src/waveGen.o
 .debug_info    0x0000000000001dcc      0x308 projects/waveGen/out/libs/cmsis_core//src/armv7m_startup.o
 .debug_info    0x00000000000020d4      0xf34 projects/waveGen/out/libs/sys_newlib//src/system.o
 .debug_info    0x0000000000003008      0xd0f projects/waveGen/out/modules/drivers_bm//src/led.o
 .debug_info    0x0000000000003d17     0x210c projects/waveGen/out/libs/lpc_open/boards/edu_ciaa_nxp/src/board.o
 .debug_info    0x0000000000005e23     0x14ab projects/waveGen/out/libs/lpc_open/boards/edu_ciaa_nxp/src/board_sysinit.o
 .debug_info    0x00000000000072ce      0x434 projects/waveGen/out/libs/lpc_open/lpc_chip_43xx/src/dac_18xx_43xx.o
 .debug_info    0x0000000000007702     0x164c projects/waveGen/out/libs/lpc_open/lpc_chip_43xx/src/uart_18xx_43xx.o
 .debug_info    0x0000000000008d4e      0xaed projects/waveGen/out/libs/lpc_open/lpc_chip_43xx/src/adc_18xx_43xx.o
 .debug_info    0x000000000000983b     0x18e4 projects/waveGen/out/libs/lpc_open/lpc_chip_43xx/src/clock_18xx_43xx.o
 .debug_info    0x000000000000b11f      0xaae projects/waveGen/out/libs/lpc_open/lpc_chip_43xx/src/sysinit_18xx_43xx.o
 .debug_info    0x000000000000bbcd      0x220 projects/waveGen/out/libs/lpc_open/lpc_chip_43xx/src/gpio_18xx_43xx.o
 .debug_info    0x000000000000bded     0x1605 projects/waveGen/out/libs/lpc_open/lpc_chip_43xx/src/ssp_18xx_43xx.o
 .debug_info    0x000000000000d3f2     0x1361 projects/waveGen/out/libs/lpc_open/lpc_chip_43xx/src/i2c_18xx_43xx.o
 .debug_info    0x000000000000e753       0x3f projects/waveGen/out/libs/lpc_open/lpc_startup/src/crp.o
 .debug_info    0x000000000000e792      0xbaa projects/waveGen/out/libs/lpc_open/lpc_startup/src/sysinit.o
 .debug_info    0x000000000000f33c       0x74 projects/waveGen/out/libs/lpc_open/lpc_startup/src/vendor_interrupt.o
 .debug_info    0x000000000000f3b0      0xa45 /usr/lib/gcc/arm-none-eabi/6.3.1/../../../arm-none-eabi/lib/thumb/v7e-m/fpv4-sp/hard/libm.a(lib_a-s_sin.o)
 .debug_info    0x000000000000fdf5      0xc29 /usr/lib/gcc/arm-none-eabi/6.3.1/../../../arm-none-eabi/lib/thumb/v7e-m/fpv4-sp/hard/libm.a(lib_a-e_rem_pio2.o)
 .debug_info    0x0000000000010a1e      0xa68 /usr/lib/gcc/arm-none-eabi/6.3.1/../../../arm-none-eabi/lib/thumb/v7e-m/fpv4-sp/hard/libm.a(lib_a-k_cos.o)
 .debug_info    0x0000000000011486      0xbdf /usr/lib/gcc/arm-none-eabi/6.3.1/../../../arm-none-eabi/lib/thumb/v7e-m/fpv4-sp/hard/libm.a(lib_a-k_rem_pio2.o)
 .debug_info    0x0000000000012065      0xa3d /usr/lib/gcc/arm-none-eabi/6.3.1/../../../arm-none-eabi/lib/thumb/v7e-m/fpv4-sp/hard/libm.a(lib_a-k_sin.o)
 .debug_info    0x0000000000012aa2      0x986 /usr/lib/gcc/arm-none-eabi/6.3.1/../../../arm-none-eabi/lib/thumb/v7e-m/fpv4-sp/hard/libm.a(lib_a-s_fabs.o)
 .debug_info    0x0000000000013428      0x9e0 /usr/lib/gcc/arm-none-eabi/6.3.1/../../../arm-none-eabi/lib/thumb/v7e-m/fpv4-sp/hard/libm.a(lib_a-s_floor.o)
 .debug_info    0x0000000000013e08      0xa95 /usr/lib/gcc/arm-none-eabi/6.3.1/../../../arm-none-eabi/lib/thumb/v7e-m/fpv4-sp/hard/libm.a(lib_a-s_scalbn.o)
 .debug_info    0x000000000001489d      0x9b3 /usr/lib/gcc/arm-none-eabi/6.3.1/../../../arm-none-eabi/lib/thumb/v7e-m/fpv4-sp/hard/libm.a(lib_a-s_copysign.o)
 .debug_info    0x0000000000015250       0xd4 /usr/lib/gcc/arm-none-eabi/6.3.1/thumb/v7e-m/fpv4-sp/hard/libgcc.a(_arm_addsubdf3.o)
 .debug_info    0x0000000000015324       0xd4 /usr/lib/gcc/arm-none-eabi/6.3.1/thumb/v7e-m/fpv4-sp/hard/libgcc.a(_arm_muldivdf3.o)
 .debug_info    0x00000000000153f8       0xd4 /usr/lib/gcc/arm-none-eabi/6.3.1/thumb/v7e-m/fpv4-sp/hard/libgcc.a(_arm_cmpdf2.o)
 .debug_info    0x00000000000154cc       0xd4 /usr/lib/gcc/arm-none-eabi/6.3.1/thumb/v7e-m/fpv4-sp/hard/libgcc.a(_arm_fixdfsi.o)
 .debug_info    0x00000000000155a0       0xd4 /usr/lib/gcc/arm-none-eabi/6.3.1/thumb/v7e-m/fpv4-sp/hard/libgcc.a(_arm_fixunsdfsi.o)
 .debug_info    0x0000000000015674       0xcf /usr/lib/gcc/arm-none-eabi/6.3.1/thumb/v7e-m/fpv4-sp/hard/libgcc.a(_aeabi_uldivmod.o)
 .debug_info    0x0000000000015743      0xc24 /usr/lib/gcc/arm-none-eabi/6.3.1/thumb/v7e-m/fpv4-sp/hard/libgcc.a(_udivmoddi4.o)
 .debug_info    0x0000000000016367       0xd3 /usr/lib/gcc/arm-none-eabi/6.3.1/thumb/v7e-m/fpv4-sp/hard/libgcc.a(_dvmd_tls.o)
 .debug_info    0x000000000001643a      0x110 /usr/lib/gcc/arm-none-eabi/6.3.1/../../../arm-none-eabi/lib/thumb/v7e-m/fpv4-sp/hard/libc_nano.a(lib_a-init.o)
 .debug_info    0x000000000001654a      0x916 /usr/lib/gcc/arm-none-eabi/6.3.1/../../../arm-none-eabi/lib/thumb/v7e-m/fpv4-sp/hard/libc_nano.a(lib_a-memset.o)

.debug_abbrev   0x0000000000000000     0x4122
 .debug_abbrev  0x0000000000000000      0x26a projects/waveGen/out/projects/waveGen/src/configuracion.o
 .debug_abbrev  0x000000000000026a      0x287 projects/waveGen/out/projects/waveGen/src/waveGen.o
 .debug_abbrev  0x00000000000004f1      0x10d projects/waveGen/out/libs/cmsis_core//src/armv7m_startup.o
 .debug_abbrev  0x00000000000005fe      0x2b7 projects/waveGen/out/libs/sys_newlib//src/system.o
 .debug_abbrev  0x00000000000008b5      0x1f8 projects/waveGen/out/modules/drivers_bm//src/led.o
 .debug_abbrev  0x0000000000000aad      0x46f projects/waveGen/out/libs/lpc_open/boards/edu_ciaa_nxp/src/board.o
 .debug_abbrev  0x0000000000000f1c      0x2eb projects/waveGen/out/libs/lpc_open/boards/edu_ciaa_nxp/src/board_sysinit.o
 .debug_abbrev  0x0000000000001207      0x13d projects/waveGen/out/libs/lpc_open/lpc_chip_43xx/src/dac_18xx_43xx.o
 .debug_abbrev  0x0000000000001344      0x3b3 projects/waveGen/out/libs/lpc_open/lpc_chip_43xx/src/uart_18xx_43xx.o
 .debug_abbrev  0x00000000000016f7      0x1f5 projects/waveGen/out/libs/lpc_open/lpc_chip_43xx/src/adc_18xx_43xx.o
 .debug_abbrev  0x00000000000018ec      0x36f projects/waveGen/out/libs/lpc_open/lpc_chip_43xx/src/clock_18xx_43xx.o
 .debug_abbrev  0x0000000000001c5b      0x1ff projects/waveGen/out/libs/lpc_open/lpc_chip_43xx/src/sysinit_18xx_43xx.o
 .debug_abbrev  0x0000000000001e5a      0x100 projects/waveGen/out/libs/lpc_open/lpc_chip_43xx/src/gpio_18xx_43xx.o
 .debug_abbrev  0x0000000000001f5a      0x33d projects/waveGen/out/libs/lpc_open/lpc_chip_43xx/src/ssp_18xx_43xx.o
 .debug_abbrev  0x0000000000002297      0x340 projects/waveGen/out/libs/lpc_open/lpc_chip_43xx/src/i2c_18xx_43xx.o
 .debug_abbrev  0x00000000000025d7       0x36 projects/waveGen/out/libs/lpc_open/lpc_startup/src/crp.o
 .debug_abbrev  0x000000000000260d      0x216 projects/waveGen/out/libs/lpc_open/lpc_startup/src/sysinit.o
 .debug_abbrev  0x0000000000002823       0x74 projects/waveGen/out/libs/lpc_open/lpc_startup/src/vendor_interrupt.o
 .debug_abbrev  0x0000000000002897      0x253 /usr/lib/gcc/arm-none-eabi/6.3.1/../../../arm-none-eabi/lib/thumb/v7e-m/fpv4-sp/hard/libm.a(lib_a-s_sin.o)
 .debug_abbrev  0x0000000000002aea      0x274 /usr/lib/gcc/arm-none-eabi/6.3.1/../../../arm-none-eabi/lib/thumb/v7e-m/fpv4-sp/hard/libm.a(lib_a-e_rem_pio2.o)
 .debug_abbrev  0x0000000000002d5e      0x21a /usr/lib/gcc/arm-none-eabi/6.3.1/../../../arm-none-eabi/lib/thumb/v7e-m/fpv4-sp/hard/libm.a(lib_a-k_cos.o)
 .debug_abbrev  0x0000000000002f78      0x288 /usr/lib/gcc/arm-none-eabi/6.3.1/../../../arm-none-eabi/lib/thumb/v7e-m/fpv4-sp/hard/libm.a(lib_a-k_rem_pio2.o)
 .debug_abbrev  0x0000000000003200      0x20f /usr/lib/gcc/arm-none-eabi/6.3.1/../../../arm-none-eabi/lib/thumb/v7e-m/fpv4-sp/hard/libm.a(lib_a-k_sin.o)
 .debug_abbrev  0x000000000000340f      0x20b /usr/lib/gcc/arm-none-eabi/6.3.1/../../../arm-none-eabi/lib/thumb/v7e-m/fpv4-sp/hard/libm.a(lib_a-s_fabs.o)
 .debug_abbrev  0x000000000000361a      0x21c /usr/lib/gcc/arm-none-eabi/6.3.1/../../../arm-none-eabi/lib/thumb/v7e-m/fpv4-sp/hard/libm.a(lib_a-s_floor.o)
 .debug_abbrev  0x0000000000003836      0x25c /usr/lib/gcc/arm-none-eabi/6.3.1/../../../arm-none-eabi/lib/thumb/v7e-m/fpv4-sp/hard/libm.a(lib_a-s_scalbn.o)
 .debug_abbrev  0x0000000000003a92      0x227 /usr/lib/gcc/arm-none-eabi/6.3.1/../../../arm-none-eabi/lib/thumb/v7e-m/fpv4-sp/hard/libm.a(lib_a-s_copysign.o)
 .debug_abbrev  0x0000000000003cb9       0x14 /usr/lib/gcc/arm-none-eabi/6.3.1/thumb/v7e-m/fpv4-sp/hard/libgcc.a(_arm_addsubdf3.o)
 .debug_abbrev  0x0000000000003ccd       0x14 /usr/lib/gcc/arm-none-eabi/6.3.1/thumb/v7e-m/fpv4-sp/hard/libgcc.a(_arm_muldivdf3.o)
 .debug_abbrev  0x0000000000003ce1       0x14 /usr/lib/gcc/arm-none-eabi/6.3.1/thumb/v7e-m/fpv4-sp/hard/libgcc.a(_arm_cmpdf2.o)
 .debug_abbrev  0x0000000000003cf5       0x14 /usr/lib/gcc/arm-none-eabi/6.3.1/thumb/v7e-m/fpv4-sp/hard/libgcc.a(_arm_fixdfsi.o)
 .debug_abbrev  0x0000000000003d09       0x14 /usr/lib/gcc/arm-none-eabi/6.3.1/thumb/v7e-m/fpv4-sp/hard/libgcc.a(_arm_fixunsdfsi.o)
 .debug_abbrev  0x0000000000003d1d       0x14 /usr/lib/gcc/arm-none-eabi/6.3.1/thumb/v7e-m/fpv4-sp/hard/libgcc.a(_aeabi_uldivmod.o)
 .debug_abbrev  0x0000000000003d31      0x18c /usr/lib/gcc/arm-none-eabi/6.3.1/thumb/v7e-m/fpv4-sp/hard/libgcc.a(_udivmoddi4.o)
 .debug_abbrev  0x0000000000003ebd       0x14 /usr/lib/gcc/arm-none-eabi/6.3.1/thumb/v7e-m/fpv4-sp/hard/libgcc.a(_dvmd_tls.o)
 .debug_abbrev  0x0000000000003ed1       0xba /usr/lib/gcc/arm-none-eabi/6.3.1/../../../arm-none-eabi/lib/thumb/v7e-m/fpv4-sp/hard/libc_nano.a(lib_a-init.o)
 .debug_abbrev  0x0000000000003f8b      0x197 /usr/lib/gcc/arm-none-eabi/6.3.1/../../../arm-none-eabi/lib/thumb/v7e-m/fpv4-sp/hard/libc_nano.a(lib_a-memset.o)

.debug_loc      0x0000000000000000     0x8d0b
 .debug_loc     0x0000000000000000      0x60c projects/waveGen/out/projects/waveGen/src/configuracion.o
 .debug_loc     0x000000000000060c      0x206 projects/waveGen/out/libs/cmsis_core//src/armv7m_startup.o
 .debug_loc     0x0000000000000812      0x586 projects/waveGen/out/libs/sys_newlib//src/system.o
 .debug_loc     0x0000000000000d98      0xab8 projects/waveGen/out/modules/drivers_bm//src/led.o
 .debug_loc     0x0000000000001850      0x5b0 projects/waveGen/out/libs/lpc_open/boards/edu_ciaa_nxp/src/board.o
 .debug_loc     0x0000000000001e00       0xf5 projects/waveGen/out/libs/lpc_open/boards/edu_ciaa_nxp/src/board_sysinit.o
 .debug_loc     0x0000000000001ef5       0x60 projects/waveGen/out/libs/lpc_open/lpc_chip_43xx/src/dac_18xx_43xx.o
 .debug_loc     0x0000000000001f55      0xd25 projects/waveGen/out/libs/lpc_open/lpc_chip_43xx/src/uart_18xx_43xx.o
 .debug_loc     0x0000000000002c7a      0x673 projects/waveGen/out/libs/lpc_open/lpc_chip_43xx/src/adc_18xx_43xx.o
 .debug_loc     0x00000000000032ed     0x1295 projects/waveGen/out/libs/lpc_open/lpc_chip_43xx/src/clock_18xx_43xx.o
 .debug_loc     0x0000000000004582      0x1b5 projects/waveGen/out/libs/lpc_open/lpc_chip_43xx/src/sysinit_18xx_43xx.o
 .debug_loc     0x0000000000004737      0xd79 projects/waveGen/out/libs/lpc_open/lpc_chip_43xx/src/ssp_18xx_43xx.o
 .debug_loc     0x00000000000054b0      0xc42 projects/waveGen/out/libs/lpc_open/lpc_chip_43xx/src/i2c_18xx_43xx.o
 .debug_loc     0x00000000000060f2       0x13 projects/waveGen/out/libs/lpc_open/lpc_startup/src/sysinit.o
 .debug_loc     0x0000000000006105       0xe8 /usr/lib/gcc/arm-none-eabi/6.3.1/../../../arm-none-eabi/lib/thumb/v7e-m/fpv4-sp/hard/libm.a(lib_a-s_sin.o)
 .debug_loc     0x00000000000061ed      0x64d /usr/lib/gcc/arm-none-eabi/6.3.1/../../../arm-none-eabi/lib/thumb/v7e-m/fpv4-sp/hard/libm.a(lib_a-e_rem_pio2.o)
 .debug_loc     0x000000000000683a      0x24c /usr/lib/gcc/arm-none-eabi/6.3.1/../../../arm-none-eabi/lib/thumb/v7e-m/fpv4-sp/hard/libm.a(lib_a-k_cos.o)
 .debug_loc     0x0000000000006a86      0xb3c /usr/lib/gcc/arm-none-eabi/6.3.1/../../../arm-none-eabi/lib/thumb/v7e-m/fpv4-sp/hard/libm.a(lib_a-k_rem_pio2.o)
 .debug_loc     0x00000000000075c2      0x1d2 /usr/lib/gcc/arm-none-eabi/6.3.1/../../../arm-none-eabi/lib/thumb/v7e-m/fpv4-sp/hard/libm.a(lib_a-k_sin.o)
 .debug_loc     0x0000000000007794       0x3d /usr/lib/gcc/arm-none-eabi/6.3.1/../../../arm-none-eabi/lib/thumb/v7e-m/fpv4-sp/hard/libm.a(lib_a-s_fabs.o)
 .debug_loc     0x00000000000077d1      0x30a /usr/lib/gcc/arm-none-eabi/6.3.1/../../../arm-none-eabi/lib/thumb/v7e-m/fpv4-sp/hard/libm.a(lib_a-s_floor.o)
 .debug_loc     0x0000000000007adb      0x211 /usr/lib/gcc/arm-none-eabi/6.3.1/../../../arm-none-eabi/lib/thumb/v7e-m/fpv4-sp/hard/libm.a(lib_a-s_scalbn.o)
 .debug_loc     0x0000000000007cec       0x3d /usr/lib/gcc/arm-none-eabi/6.3.1/../../../arm-none-eabi/lib/thumb/v7e-m/fpv4-sp/hard/libm.a(lib_a-s_copysign.o)
 .debug_loc     0x0000000000007d29      0xd77 /usr/lib/gcc/arm-none-eabi/6.3.1/thumb/v7e-m/fpv4-sp/hard/libgcc.a(_udivmoddi4.o)
 .debug_loc     0x0000000000008aa0       0xae /usr/lib/gcc/arm-none-eabi/6.3.1/../../../arm-none-eabi/lib/thumb/v7e-m/fpv4-sp/hard/libc_nano.a(lib_a-init.o)
 .debug_loc     0x0000000000008b4e      0x1bd /usr/lib/gcc/arm-none-eabi/6.3.1/../../../arm-none-eabi/lib/thumb/v7e-m/fpv4-sp/hard/libc_nano.a(lib_a-memset.o)

.debug_aranges  0x0000000000000000      0xa10
 .debug_aranges
                0x0000000000000000       0x28 projects/waveGen/out/projects/waveGen/src/configuracion.o
 .debug_aranges
                0x0000000000000028       0x28 projects/waveGen/out/projects/waveGen/src/waveGen.o
 .debug_aranges
                0x0000000000000050       0x90 projects/waveGen/out/libs/cmsis_core//src/armv7m_startup.o
 .debug_aranges
                0x00000000000000e0       0xe0 projects/waveGen/out/libs/sys_newlib//src/system.o
 .debug_aranges
                0x00000000000001c0       0x38 projects/waveGen/out/modules/drivers_bm//src/led.o
 .debug_aranges
                0x00000000000001f8       0xc0 projects/waveGen/out/libs/lpc_open/boards/edu_ciaa_nxp/src/board.o
 .debug_aranges
                0x00000000000002b8       0x30 projects/waveGen/out/libs/lpc_open/boards/edu_ciaa_nxp/src/board_sysinit.o
 .debug_aranges
                0x00000000000002e8       0x38 projects/waveGen/out/libs/lpc_open/lpc_chip_43xx/src/dac_18xx_43xx.o
 .debug_aranges
                0x0000000000000320       0xa8 projects/waveGen/out/libs/lpc_open/lpc_chip_43xx/src/uart_18xx_43xx.o
 .debug_aranges
                0x00000000000003c8       0x90 projects/waveGen/out/libs/lpc_open/lpc_chip_43xx/src/adc_18xx_43xx.o
 .debug_aranges
                0x0000000000000458      0x128 projects/waveGen/out/libs/lpc_open/lpc_chip_43xx/src/clock_18xx_43xx.o
 .debug_aranges
                0x0000000000000580       0x38 projects/waveGen/out/libs/lpc_open/lpc_chip_43xx/src/sysinit_18xx_43xx.o
 .debug_aranges
                0x00000000000005b8       0x28 projects/waveGen/out/libs/lpc_open/lpc_chip_43xx/src/gpio_18xx_43xx.o
 .debug_aranges
                0x00000000000005e0       0xa0 projects/waveGen/out/libs/lpc_open/lpc_chip_43xx/src/ssp_18xx_43xx.o
 .debug_aranges
                0x0000000000000680       0xd8 projects/waveGen/out/libs/lpc_open/lpc_chip_43xx/src/i2c_18xx_43xx.o
 .debug_aranges
                0x0000000000000758       0x18 projects/waveGen/out/libs/lpc_open/lpc_startup/src/crp.o
 .debug_aranges
                0x0000000000000770       0x20 projects/waveGen/out/libs/lpc_open/lpc_startup/src/sysinit.o
 .debug_aranges
                0x0000000000000790       0x20 projects/waveGen/out/libs/lpc_open/lpc_startup/src/vendor_interrupt.o
 .debug_aranges
                0x00000000000007b0       0x20 /usr/lib/gcc/arm-none-eabi/6.3.1/../../../arm-none-eabi/lib/thumb/v7e-m/fpv4-sp/hard/libm.a(lib_a-s_sin.o)
 .debug_aranges
                0x00000000000007d0       0x20 /usr/lib/gcc/arm-none-eabi/6.3.1/../../../arm-none-eabi/lib/thumb/v7e-m/fpv4-sp/hard/libm.a(lib_a-e_rem_pio2.o)
 .debug_aranges
                0x00000000000007f0       0x20 /usr/lib/gcc/arm-none-eabi/6.3.1/../../../arm-none-eabi/lib/thumb/v7e-m/fpv4-sp/hard/libm.a(lib_a-k_cos.o)
 .debug_aranges
                0x0000000000000810       0x20 /usr/lib/gcc/arm-none-eabi/6.3.1/../../../arm-none-eabi/lib/thumb/v7e-m/fpv4-sp/hard/libm.a(lib_a-k_rem_pio2.o)
 .debug_aranges
                0x0000000000000830       0x20 /usr/lib/gcc/arm-none-eabi/6.3.1/../../../arm-none-eabi/lib/thumb/v7e-m/fpv4-sp/hard/libm.a(lib_a-k_sin.o)
 .debug_aranges
                0x0000000000000850       0x20 /usr/lib/gcc/arm-none-eabi/6.3.1/../../../arm-none-eabi/lib/thumb/v7e-m/fpv4-sp/hard/libm.a(lib_a-s_fabs.o)
 .debug_aranges
                0x0000000000000870       0x20 /usr/lib/gcc/arm-none-eabi/6.3.1/../../../arm-none-eabi/lib/thumb/v7e-m/fpv4-sp/hard/libm.a(lib_a-s_floor.o)
 .debug_aranges
                0x0000000000000890       0x20 /usr/lib/gcc/arm-none-eabi/6.3.1/../../../arm-none-eabi/lib/thumb/v7e-m/fpv4-sp/hard/libm.a(lib_a-s_scalbn.o)
 .debug_aranges
                0x00000000000008b0       0x20 /usr/lib/gcc/arm-none-eabi/6.3.1/../../../arm-none-eabi/lib/thumb/v7e-m/fpv4-sp/hard/libm.a(lib_a-s_copysign.o)
 .debug_aranges
                0x00000000000008d0       0x20 /usr/lib/gcc/arm-none-eabi/6.3.1/thumb/v7e-m/fpv4-sp/hard/libgcc.a(_arm_addsubdf3.o)
 .debug_aranges
                0x00000000000008f0       0x20 /usr/lib/gcc/arm-none-eabi/6.3.1/thumb/v7e-m/fpv4-sp/hard/libgcc.a(_arm_muldivdf3.o)
 .debug_aranges
                0x0000000000000910       0x20 /usr/lib/gcc/arm-none-eabi/6.3.1/thumb/v7e-m/fpv4-sp/hard/libgcc.a(_arm_cmpdf2.o)
 .debug_aranges
                0x0000000000000930       0x20 /usr/lib/gcc/arm-none-eabi/6.3.1/thumb/v7e-m/fpv4-sp/hard/libgcc.a(_arm_fixdfsi.o)
 .debug_aranges
                0x0000000000000950       0x20 /usr/lib/gcc/arm-none-eabi/6.3.1/thumb/v7e-m/fpv4-sp/hard/libgcc.a(_arm_fixunsdfsi.o)
 .debug_aranges
                0x0000000000000970       0x20 /usr/lib/gcc/arm-none-eabi/6.3.1/thumb/v7e-m/fpv4-sp/hard/libgcc.a(_aeabi_uldivmod.o)
 .debug_aranges
                0x0000000000000990       0x20 /usr/lib/gcc/arm-none-eabi/6.3.1/thumb/v7e-m/fpv4-sp/hard/libgcc.a(_udivmoddi4.o)
 .debug_aranges
                0x00000000000009b0       0x20 /usr/lib/gcc/arm-none-eabi/6.3.1/thumb/v7e-m/fpv4-sp/hard/libgcc.a(_dvmd_tls.o)
 .debug_aranges
                0x00000000000009d0       0x20 /usr/lib/gcc/arm-none-eabi/6.3.1/../../../arm-none-eabi/lib/thumb/v7e-m/fpv4-sp/hard/libc_nano.a(lib_a-init.o)
 .debug_aranges
                0x00000000000009f0       0x20 /usr/lib/gcc/arm-none-eabi/6.3.1/../../../arm-none-eabi/lib/thumb/v7e-m/fpv4-sp/hard/libc_nano.a(lib_a-memset.o)

.debug_ranges   0x0000000000000000      0x910
 .debug_ranges  0x0000000000000000       0x18 projects/waveGen/out/projects/waveGen/src/configuracion.o
 .debug_ranges  0x0000000000000018       0x18 projects/waveGen/out/projects/waveGen/src/waveGen.o
 .debug_ranges  0x0000000000000030       0x80 projects/waveGen/out/libs/cmsis_core//src/armv7m_startup.o
 .debug_ranges  0x00000000000000b0       0xd0 projects/waveGen/out/libs/sys_newlib//src/system.o
 .debug_ranges  0x0000000000000180       0x28 projects/waveGen/out/modules/drivers_bm//src/led.o
 .debug_ranges  0x00000000000001a8       0xf8 projects/waveGen/out/libs/lpc_open/boards/edu_ciaa_nxp/src/board.o
 .debug_ranges  0x00000000000002a0       0x50 projects/waveGen/out/libs/lpc_open/boards/edu_ciaa_nxp/src/board_sysinit.o
 .debug_ranges  0x00000000000002f0       0x28 projects/waveGen/out/libs/lpc_open/lpc_chip_43xx/src/dac_18xx_43xx.o
 .debug_ranges  0x0000000000000318       0xb0 projects/waveGen/out/libs/lpc_open/lpc_chip_43xx/src/uart_18xx_43xx.o
 .debug_ranges  0x00000000000003c8       0x80 projects/waveGen/out/libs/lpc_open/lpc_chip_43xx/src/adc_18xx_43xx.o
 .debug_ranges  0x0000000000000448      0x190 projects/waveGen/out/libs/lpc_open/lpc_chip_43xx/src/clock_18xx_43xx.o
 .debug_ranges  0x00000000000005d8       0x28 projects/waveGen/out/libs/lpc_open/lpc_chip_43xx/src/sysinit_18xx_43xx.o
 .debug_ranges  0x0000000000000600       0x18 projects/waveGen/out/libs/lpc_open/lpc_chip_43xx/src/gpio_18xx_43xx.o
 .debug_ranges  0x0000000000000618       0xc0 projects/waveGen/out/libs/lpc_open/lpc_chip_43xx/src/ssp_18xx_43xx.o
 .debug_ranges  0x00000000000006d8       0xc8 projects/waveGen/out/libs/lpc_open/lpc_chip_43xx/src/i2c_18xx_43xx.o
 .debug_ranges  0x00000000000007a0       0x28 projects/waveGen/out/libs/lpc_open/lpc_startup/src/sysinit.o
 .debug_ranges  0x00000000000007c8       0x10 projects/waveGen/out/libs/lpc_open/lpc_startup/src/vendor_interrupt.o
 .debug_ranges  0x00000000000007d8       0x38 /usr/lib/gcc/arm-none-eabi/6.3.1/../../../arm-none-eabi/lib/thumb/v7e-m/fpv4-sp/hard/libm.a(lib_a-e_rem_pio2.o)
 .debug_ranges  0x0000000000000810       0x18 /usr/lib/gcc/arm-none-eabi/6.3.1/../../../arm-none-eabi/lib/thumb/v7e-m/fpv4-sp/hard/libm.a(lib_a-s_floor.o)
 .debug_ranges  0x0000000000000828       0x18 /usr/lib/gcc/arm-none-eabi/6.3.1/../../../arm-none-eabi/lib/thumb/v7e-m/fpv4-sp/hard/libm.a(lib_a-s_scalbn.o)
 .debug_ranges  0x0000000000000840       0xd0 /usr/lib/gcc/arm-none-eabi/6.3.1/thumb/v7e-m/fpv4-sp/hard/libgcc.a(_udivmoddi4.o)

.debug_macro    0x0000000000000000     0x4290
 .debug_macro   0x0000000000000000      0x325 projects/waveGen/out/projects/waveGen/src/configuracion.o
 .debug_macro   0x0000000000000325       0x73 projects/waveGen/out/projects/waveGen/src/configuracion.o
 .debug_macro   0x0000000000000398       0xdf projects/waveGen/out/projects/waveGen/src/configuracion.o
 .debug_macro   0x0000000000000477       0x18 projects/waveGen/out/projects/waveGen/src/configuracion.o
 .debug_macro   0x000000000000048f      0x41b projects/waveGen/out/projects/waveGen/src/waveGen.o
 .debug_macro   0x00000000000008aa       0x4c projects/waveGen/out/projects/waveGen/src/waveGen.o
 .debug_macro   0x00000000000008f6       0x55 projects/waveGen/out/projects/waveGen/src/waveGen.o
 .debug_macro   0x000000000000094b       0x4a projects/waveGen/out/projects/waveGen/src/waveGen.o
 .debug_macro   0x0000000000000995       0x16 projects/waveGen/out/projects/waveGen/src/waveGen.o
 .debug_macro   0x00000000000009ab       0x16 projects/waveGen/out/projects/waveGen/src/waveGen.o
 .debug_macro   0x00000000000009c1       0x35 projects/waveGen/out/projects/waveGen/src/waveGen.o
 .debug_macro   0x00000000000009f6       0xde projects/waveGen/out/projects/waveGen/src/waveGen.o
 .debug_macro   0x0000000000000ad4       0x1d projects/waveGen/out/libs/cmsis_core//src/armv7m_startup.o
 .debug_macro   0x0000000000000af1      0x15e projects/waveGen/out/libs/sys_newlib//src/system.o
 .debug_macro   0x0000000000000c4f      0x16d projects/waveGen/out/libs/sys_newlib//src/system.o
 .debug_macro   0x0000000000000dbc       0x10 projects/waveGen/out/libs/sys_newlib//src/system.o
 .debug_macro   0x0000000000000dcc       0x10 projects/waveGen/out/libs/sys_newlib//src/system.o
 .debug_macro   0x0000000000000ddc      0x241 projects/waveGen/out/libs/sys_newlib//src/system.o
 .debug_macro   0x000000000000101d       0x10 projects/waveGen/out/libs/sys_newlib//src/system.o
 .debug_macro   0x000000000000102d       0xb6 projects/waveGen/out/libs/sys_newlib//src/system.o
 .debug_macro   0x00000000000010e3      0x11a projects/waveGen/out/libs/sys_newlib//src/system.o
 .debug_macro   0x00000000000011fd       0x16 projects/waveGen/out/libs/sys_newlib//src/system.o
 .debug_macro   0x0000000000001213      0x3c0 projects/waveGen/out/modules/drivers_bm//src/led.o
 .debug_macro   0x00000000000015d3       0x10 projects/waveGen/out/modules/drivers_bm//src/led.o
 .debug_macro   0x00000000000015e3      0x433 projects/waveGen/out/libs/lpc_open/boards/edu_ciaa_nxp/src/board.o
 .debug_macro   0x0000000000001a16       0x16 projects/waveGen/out/libs/lpc_open/boards/edu_ciaa_nxp/src/board.o
 .debug_macro   0x0000000000001a2c       0x97 projects/waveGen/out/libs/lpc_open/boards/edu_ciaa_nxp/src/board.o
 .debug_macro   0x0000000000001ac3      0x32a projects/waveGen/out/libs/lpc_open/boards/edu_ciaa_nxp/src/board.o
 .debug_macro   0x0000000000001ded       0xf6 projects/waveGen/out/libs/lpc_open/boards/edu_ciaa_nxp/src/board.o
 .debug_macro   0x0000000000001ee3       0x10 projects/waveGen/out/libs/lpc_open/boards/edu_ciaa_nxp/src/board.o
 .debug_macro   0x0000000000001ef3       0x16 projects/waveGen/out/libs/lpc_open/boards/edu_ciaa_nxp/src/board.o
 .debug_macro   0x0000000000001f09      0x143 projects/waveGen/out/libs/lpc_open/boards/edu_ciaa_nxp/src/board.o
 .debug_macro   0x000000000000204c       0x20 projects/waveGen/out/libs/lpc_open/boards/edu_ciaa_nxp/src/board.o
 .debug_macro   0x000000000000206c       0xee projects/waveGen/out/libs/lpc_open/boards/edu_ciaa_nxp/src/board.o
 .debug_macro   0x000000000000215a      0x421 projects/waveGen/out/libs/lpc_open/boards/edu_ciaa_nxp/src/board_sysinit.o
 .debug_macro   0x000000000000257b      0x315 projects/waveGen/out/libs/lpc_open/lpc_chip_43xx/src/dac_18xx_43xx.o
 .debug_macro   0x0000000000002890      0x315 projects/waveGen/out/libs/lpc_open/lpc_chip_43xx/src/uart_18xx_43xx.o
 .debug_macro   0x0000000000002ba5      0x315 projects/waveGen/out/libs/lpc_open/lpc_chip_43xx/src/adc_18xx_43xx.o
 .debug_macro   0x0000000000002eba      0x31b projects/waveGen/out/libs/lpc_open/lpc_chip_43xx/src/clock_18xx_43xx.o
 .debug_macro   0x00000000000031d5      0x315 projects/waveGen/out/libs/lpc_open/lpc_chip_43xx/src/sysinit_18xx_43xx.o
 .debug_macro   0x00000000000034ea      0x315 projects/waveGen/out/libs/lpc_open/lpc_chip_43xx/src/gpio_18xx_43xx.o
 .debug_macro   0x00000000000037ff      0x315 projects/waveGen/out/libs/lpc_open/lpc_chip_43xx/src/ssp_18xx_43xx.o
 .debug_macro   0x0000000000003b14      0x327 projects/waveGen/out/libs/lpc_open/lpc_chip_43xx/src/i2c_18xx_43xx.o
 .debug_macro   0x0000000000003e3b       0x17 projects/waveGen/out/libs/lpc_open/lpc_startup/src/crp.o
 .debug_macro   0x0000000000003e52      0x421 projects/waveGen/out/libs/lpc_open/lpc_startup/src/sysinit.o
 .debug_macro   0x0000000000004273       0x1d projects/waveGen/out/libs/lpc_open/lpc_startup/src/vendor_interrupt.o

.debug_line     0x0000000000000000     0x92b7
 .debug_line    0x0000000000000000      0x697 projects/waveGen/out/projects/waveGen/src/configuracion.o
 .debug_line    0x0000000000000697      0x73c projects/waveGen/out/projects/waveGen/src/waveGen.o
 .debug_line    0x0000000000000dd3       0xf7 projects/waveGen/out/libs/cmsis_core//src/armv7m_startup.o
 .debug_line    0x0000000000000eca      0x3bc projects/waveGen/out/libs/sys_newlib//src/system.o
 .debug_line    0x0000000000001286      0x75d projects/waveGen/out/modules/drivers_bm//src/led.o
 .debug_line    0x00000000000019e3      0x969 projects/waveGen/out/libs/lpc_open/boards/edu_ciaa_nxp/src/board.o
 .debug_line    0x000000000000234c      0x788 projects/waveGen/out/libs/lpc_open/boards/edu_ciaa_nxp/src/board_sysinit.o
 .debug_line    0x0000000000002ad4      0x653 projects/waveGen/out/libs/lpc_open/lpc_chip_43xx/src/dac_18xx_43xx.o
 .debug_line    0x0000000000003127      0x904 projects/waveGen/out/libs/lpc_open/lpc_chip_43xx/src/uart_18xx_43xx.o
 .debug_line    0x0000000000003a2b      0x748 projects/waveGen/out/libs/lpc_open/lpc_chip_43xx/src/adc_18xx_43xx.o
 .debug_line    0x0000000000004173      0xa3f projects/waveGen/out/libs/lpc_open/lpc_chip_43xx/src/clock_18xx_43xx.o
 .debug_line    0x0000000000004bb2      0x6c7 projects/waveGen/out/libs/lpc_open/lpc_chip_43xx/src/sysinit_18xx_43xx.o
 .debug_line    0x0000000000005279      0x62a projects/waveGen/out/libs/lpc_open/lpc_chip_43xx/src/gpio_18xx_43xx.o
 .debug_line    0x00000000000058a3      0xa96 projects/waveGen/out/libs/lpc_open/lpc_chip_43xx/src/ssp_18xx_43xx.o
 .debug_line    0x0000000000006339      0x8fc projects/waveGen/out/libs/lpc_open/lpc_chip_43xx/src/i2c_18xx_43xx.o
 .debug_line    0x0000000000006c35       0x44 projects/waveGen/out/libs/lpc_open/lpc_startup/src/crp.o
 .debug_line    0x0000000000006c79      0x72e projects/waveGen/out/libs/lpc_open/lpc_startup/src/sysinit.o
 .debug_line    0x00000000000073a7       0x61 projects/waveGen/out/libs/lpc_open/lpc_startup/src/vendor_interrupt.o
 .debug_line    0x0000000000007408      0x210 /usr/lib/gcc/arm-none-eabi/6.3.1/../../../arm-none-eabi/lib/thumb/v7e-m/fpv4-sp/hard/libm.a(lib_a-s_sin.o)
 .debug_line    0x0000000000007618      0x295 /usr/lib/gcc/arm-none-eabi/6.3.1/../../../arm-none-eabi/lib/thumb/v7e-m/fpv4-sp/hard/libm.a(lib_a-e_rem_pio2.o)
 .debug_line    0x00000000000078ad      0x210 /usr/lib/gcc/arm-none-eabi/6.3.1/../../../arm-none-eabi/lib/thumb/v7e-m/fpv4-sp/hard/libm.a(lib_a-k_cos.o)
 .debug_line    0x0000000000007abd      0x3cc /usr/lib/gcc/arm-none-eabi/6.3.1/../../../arm-none-eabi/lib/thumb/v7e-m/fpv4-sp/hard/libm.a(lib_a-k_rem_pio2.o)
 .debug_line    0x0000000000007e89      0x204 /usr/lib/gcc/arm-none-eabi/6.3.1/../../../arm-none-eabi/lib/thumb/v7e-m/fpv4-sp/hard/libm.a(lib_a-k_sin.o)
 .debug_line    0x000000000000808d      0x1e7 /usr/lib/gcc/arm-none-eabi/6.3.1/../../../arm-none-eabi/lib/thumb/v7e-m/fpv4-sp/hard/libm.a(lib_a-s_fabs.o)
 .debug_line    0x0000000000008274      0x25b /usr/lib/gcc/arm-none-eabi/6.3.1/../../../arm-none-eabi/lib/thumb/v7e-m/fpv4-sp/hard/libm.a(lib_a-s_floor.o)
 .debug_line    0x00000000000084cf      0x1e3 /usr/lib/gcc/arm-none-eabi/6.3.1/../../../arm-none-eabi/lib/thumb/v7e-m/fpv4-sp/hard/libm.a(lib_a-s_scalbn.o)
 .debug_line    0x00000000000086b2      0x1b7 /usr/lib/gcc/arm-none-eabi/6.3.1/../../../arm-none-eabi/lib/thumb/v7e-m/fpv4-sp/hard/libm.a(lib_a-s_copysign.o)
 .debug_line    0x0000000000008869      0x189 /usr/lib/gcc/arm-none-eabi/6.3.1/thumb/v7e-m/fpv4-sp/hard/libgcc.a(_arm_addsubdf3.o)
 .debug_line    0x00000000000089f2      0x1a5 /usr/lib/gcc/arm-none-eabi/6.3.1/thumb/v7e-m/fpv4-sp/hard/libgcc.a(_arm_muldivdf3.o)
 .debug_line    0x0000000000008b97       0xc4 /usr/lib/gcc/arm-none-eabi/6.3.1/thumb/v7e-m/fpv4-sp/hard/libgcc.a(_arm_cmpdf2.o)
 .debug_line    0x0000000000008c5b       0x80 /usr/lib/gcc/arm-none-eabi/6.3.1/thumb/v7e-m/fpv4-sp/hard/libgcc.a(_arm_fixdfsi.o)
 .debug_line    0x0000000000008cdb       0x7c /usr/lib/gcc/arm-none-eabi/6.3.1/thumb/v7e-m/fpv4-sp/hard/libgcc.a(_arm_fixunsdfsi.o)
 .debug_line    0x0000000000008d57       0x67 /usr/lib/gcc/arm-none-eabi/6.3.1/thumb/v7e-m/fpv4-sp/hard/libgcc.a(_aeabi_uldivmod.o)
 .debug_line    0x0000000000008dbe      0x258 /usr/lib/gcc/arm-none-eabi/6.3.1/thumb/v7e-m/fpv4-sp/hard/libgcc.a(_udivmoddi4.o)
 .debug_line    0x0000000000009016       0x67 /usr/lib/gcc/arm-none-eabi/6.3.1/thumb/v7e-m/fpv4-sp/hard/libgcc.a(_dvmd_tls.o)
 .debug_line    0x000000000000907d       0xbe /usr/lib/gcc/arm-none-eabi/6.3.1/../../../arm-none-eabi/lib/thumb/v7e-m/fpv4-sp/hard/libc_nano.a(lib_a-init.o)
 .debug_line    0x000000000000913b      0x17c /usr/lib/gcc/arm-none-eabi/6.3.1/../../../arm-none-eabi/lib/thumb/v7e-m/fpv4-sp/hard/libc_nano.a(lib_a-memset.o)

.debug_str      0x0000000000000000    0x1f08a
 .debug_str     0x0000000000000000    0x16357 projects/waveGen/out/projects/waveGen/src/configuracion.o
                                      0x16593 (size before relaxing)
 .debug_str     0x0000000000016357     0x3db0 projects/waveGen/out/projects/waveGen/src/waveGen.o
                                      0x19e2e (size before relaxing)
 .debug_str     0x000000000001a107      0x222 projects/waveGen/out/libs/cmsis_core//src/armv7m_startup.o
                                       0x2767 (size before relaxing)
 .debug_str     0x000000000001a329      0xac5 projects/waveGen/out/libs/sys_newlib//src/system.o
                                       0x62a0 (size before relaxing)
 .debug_str     0x000000000001adee      0x275 projects/waveGen/out/modules/drivers_bm//src/led.o
                                      0x16352 (size before relaxing)
 .debug_str     0x000000000001b063     0x1265 projects/waveGen/out/libs/lpc_open/boards/edu_ciaa_nxp/src/board.o
                                      0x1ad6d (size before relaxing)
 .debug_str     0x000000000001c2c8      0x336 projects/waveGen/out/libs/lpc_open/boards/edu_ciaa_nxp/src/board_sysinit.o
                                      0x1a6fe (size before relaxing)
 .debug_str     0x000000000001c5fe       0x78 projects/waveGen/out/libs/lpc_open/lpc_chip_43xx/src/dac_18xx_43xx.o
                                      0x16422 (size before relaxing)
 .debug_str     0x000000000001c676      0x3b1 projects/waveGen/out/libs/lpc_open/lpc_chip_43xx/src/uart_18xx_43xx.o
                                      0x16e6f (size before relaxing)
 .debug_str     0x000000000001ca27      0x145 projects/waveGen/out/libs/lpc_open/lpc_chip_43xx/src/adc_18xx_43xx.o
                                      0x1680a (size before relaxing)
 .debug_str     0x000000000001cb6c      0x5cd projects/waveGen/out/libs/lpc_open/lpc_chip_43xx/src/clock_18xx_43xx.o
                                      0x17221 (size before relaxing)
 .debug_str     0x000000000001d139       0xbc projects/waveGen/out/libs/lpc_open/lpc_chip_43xx/src/sysinit_18xx_43xx.o
                                      0x16cc0 (size before relaxing)
 .debug_str     0x000000000001d1f5       0x42 projects/waveGen/out/libs/lpc_open/lpc_chip_43xx/src/gpio_18xx_43xx.o
                                      0x15fc1 (size before relaxing)
 .debug_str     0x000000000001d237      0x3e8 projects/waveGen/out/libs/lpc_open/lpc_chip_43xx/src/ssp_18xx_43xx.o
                                      0x16a00 (size before relaxing)
 .debug_str     0x000000000001d61f      0x590 projects/waveGen/out/libs/lpc_open/lpc_chip_43xx/src/i2c_18xx_43xx.o
                                      0x16fa1 (size before relaxing)
 .debug_str     0x000000000001dbaf       0x43 projects/waveGen/out/libs/lpc_open/lpc_startup/src/crp.o
                                       0x255e (size before relaxing)
 .debug_str     0x000000000001dbf2       0xb9 projects/waveGen/out/libs/lpc_open/lpc_startup/src/sysinit.o
                                      0x199d0 (size before relaxing)
 .debug_str     0x000000000001dcab       0x56 projects/waveGen/out/libs/lpc_open/lpc_startup/src/vendor_interrupt.o
                                       0x25b5 (size before relaxing)
 .debug_str     0x000000000001dd01      0x1e8 /usr/lib/gcc/arm-none-eabi/6.3.1/../../../arm-none-eabi/lib/thumb/v7e-m/fpv4-sp/hard/libm.a(lib_a-s_sin.o)
                                        0x683 (size before relaxing)
 .debug_str     0x000000000001dee9       0xbe /usr/lib/gcc/arm-none-eabi/6.3.1/../../../arm-none-eabi/lib/thumb/v7e-m/fpv4-sp/hard/libm.a(lib_a-e_rem_pio2.o)
                                        0x6f3 (size before relaxing)
 .debug_str     0x000000000001dfa7       0x39 /usr/lib/gcc/arm-none-eabi/6.3.1/../../../arm-none-eabi/lib/thumb/v7e-m/fpv4-sp/hard/libm.a(lib_a-k_cos.o)
                                        0x668 (size before relaxing)
 .debug_str     0x000000000001dfe0       0x70 /usr/lib/gcc/arm-none-eabi/6.3.1/../../../arm-none-eabi/lib/thumb/v7e-m/fpv4-sp/hard/libm.a(lib_a-k_rem_pio2.o)
                                        0x681 (size before relaxing)
 .debug_str     0x000000000001e050       0x34 /usr/lib/gcc/arm-none-eabi/6.3.1/../../../arm-none-eabi/lib/thumb/v7e-m/fpv4-sp/hard/libm.a(lib_a-k_sin.o)
                                        0x668 (size before relaxing)
 .debug_str     0x000000000001e084       0x35 /usr/lib/gcc/arm-none-eabi/6.3.1/../../../arm-none-eabi/lib/thumb/v7e-m/fpv4-sp/hard/libm.a(lib_a-s_fabs.o)
                                        0x65c (size before relaxing)
 .debug_str     0x000000000001e0b9       0xba /usr/lib/gcc/arm-none-eabi/6.3.1/../../../arm-none-eabi/lib/thumb/v7e-m/fpv4-sp/hard/libm.a(lib_a-s_floor.o)
                                        0x679 (size before relaxing)
 .debug_str     0x000000000001e173       0xbf /usr/lib/gcc/arm-none-eabi/6.3.1/../../../arm-none-eabi/lib/thumb/v7e-m/fpv4-sp/hard/libm.a(lib_a-s_scalbn.o)
                                        0x68e (size before relaxing)
 .debug_str     0x000000000001e232       0x3b /usr/lib/gcc/arm-none-eabi/6.3.1/../../../arm-none-eabi/lib/thumb/v7e-m/fpv4-sp/hard/libm.a(lib_a-s_copysign.o)
                                        0x663 (size before relaxing)
 .debug_str     0x000000000001e26d      0xc01 /usr/lib/gcc/arm-none-eabi/6.3.1/thumb/v7e-m/fpv4-sp/hard/libgcc.a(_udivmoddi4.o)
                                        0xcf4 (size before relaxing)
 .debug_str     0x000000000001ee6e       0xef /usr/lib/gcc/arm-none-eabi/6.3.1/../../../arm-none-eabi/lib/thumb/v7e-m/fpv4-sp/hard/libc_nano.a(lib_a-init.o)
                                        0x253 (size before relaxing)
 .debug_str     0x000000000001ef5d      0x12d /usr/lib/gcc/arm-none-eabi/6.3.1/../../../arm-none-eabi/lib/thumb/v7e-m/fpv4-sp/hard/libc_nano.a(lib_a-memset.o)
                                        0x61a (size before relaxing)

.comment        0x0000000000000000       0x31
 .comment       0x0000000000000000       0x31 projects/waveGen/out/projects/waveGen/src/configuracion.o
                                         0x32 (size before relaxing)
 .comment       0x0000000000000031       0x32 projects/waveGen/out/projects/waveGen/src/waveGen.o
 .comment       0x0000000000000031       0x32 projects/waveGen/out/libs/cmsis_core//src/armv7m_startup.o
 .comment       0x0000000000000031       0x32 projects/waveGen/out/libs/sys_newlib//src/system.o
 .comment       0x0000000000000031       0x32 projects/waveGen/out/modules/drivers_bm//src/led.o
 .comment       0x0000000000000031       0x32 projects/waveGen/out/libs/lpc_open/boards/edu_ciaa_nxp/src/board.o
 .comment       0x0000000000000031       0x32 projects/waveGen/out/libs/lpc_open/boards/edu_ciaa_nxp/src/board_sysinit.o
 .comment       0x0000000000000031       0x32 projects/waveGen/out/libs/lpc_open/lpc_chip_43xx/src/dac_18xx_43xx.o
 .comment       0x0000000000000031       0x32 projects/waveGen/out/libs/lpc_open/lpc_chip_43xx/src/uart_18xx_43xx.o
 .comment       0x0000000000000031       0x32 projects/waveGen/out/libs/lpc_open/lpc_chip_43xx/src/adc_18xx_43xx.o
 .comment       0x0000000000000031       0x32 projects/waveGen/out/libs/lpc_open/lpc_chip_43xx/src/clock_18xx_43xx.o
 .comment       0x0000000000000031       0x32 projects/waveGen/out/libs/lpc_open/lpc_chip_43xx/src/sysinit_18xx_43xx.o
 .comment       0x0000000000000031       0x32 projects/waveGen/out/libs/lpc_open/lpc_chip_43xx/src/gpio_18xx_43xx.o
 .comment       0x0000000000000031       0x32 projects/waveGen/out/libs/lpc_open/lpc_chip_43xx/src/ssp_18xx_43xx.o
 .comment       0x0000000000000031       0x32 projects/waveGen/out/libs/lpc_open/lpc_chip_43xx/src/i2c_18xx_43xx.o
 .comment       0x0000000000000031       0x32 projects/waveGen/out/libs/lpc_open/lpc_startup/src/crp.o
 .comment       0x0000000000000031       0x32 projects/waveGen/out/libs/lpc_open/lpc_startup/src/sysinit.o
 .comment       0x0000000000000031       0x32 projects/waveGen/out/libs/lpc_open/lpc_startup/src/vendor_interrupt.o
 .comment       0x0000000000000031       0x32 /usr/lib/gcc/arm-none-eabi/6.3.1/../../../arm-none-eabi/lib/thumb/v7e-m/fpv4-sp/hard/libm.a(lib_a-s_sin.o)
 .comment       0x0000000000000031       0x32 /usr/lib/gcc/arm-none-eabi/6.3.1/../../../arm-none-eabi/lib/thumb/v7e-m/fpv4-sp/hard/libm.a(lib_a-e_rem_pio2.o)
 .comment       0x0000000000000031       0x32 /usr/lib/gcc/arm-none-eabi/6.3.1/../../../arm-none-eabi/lib/thumb/v7e-m/fpv4-sp/hard/libm.a(lib_a-k_cos.o)
 .comment       0x0000000000000031       0x32 /usr/lib/gcc/arm-none-eabi/6.3.1/../../../arm-none-eabi/lib/thumb/v7e-m/fpv4-sp/hard/libm.a(lib_a-k_rem_pio2.o)
 .comment       0x0000000000000031       0x32 /usr/lib/gcc/arm-none-eabi/6.3.1/../../../arm-none-eabi/lib/thumb/v7e-m/fpv4-sp/hard/libm.a(lib_a-k_sin.o)
 .comment       0x0000000000000031       0x32 /usr/lib/gcc/arm-none-eabi/6.3.1/../../../arm-none-eabi/lib/thumb/v7e-m/fpv4-sp/hard/libm.a(lib_a-s_fabs.o)
 .comment       0x0000000000000031       0x32 /usr/lib/gcc/arm-none-eabi/6.3.1/../../../arm-none-eabi/lib/thumb/v7e-m/fpv4-sp/hard/libm.a(lib_a-s_floor.o)
 .comment       0x0000000000000031       0x32 /usr/lib/gcc/arm-none-eabi/6.3.1/../../../arm-none-eabi/lib/thumb/v7e-m/fpv4-sp/hard/libm.a(lib_a-s_scalbn.o)
 .comment       0x0000000000000031       0x32 /usr/lib/gcc/arm-none-eabi/6.3.1/../../../arm-none-eabi/lib/thumb/v7e-m/fpv4-sp/hard/libm.a(lib_a-s_copysign.o)
 .comment       0x0000000000000031       0x32 /usr/lib/gcc/arm-none-eabi/6.3.1/thumb/v7e-m/fpv4-sp/hard/libgcc.a(_udivmoddi4.o)
 .comment       0x0000000000000031       0x32 /usr/lib/gcc/arm-none-eabi/6.3.1/../../../arm-none-eabi/lib/thumb/v7e-m/fpv4-sp/hard/libc_nano.a(lib_a-init.o)
 .comment       0x0000000000000031       0x32 /usr/lib/gcc/arm-none-eabi/6.3.1/../../../arm-none-eabi/lib/thumb/v7e-m/fpv4-sp/hard/libc_nano.a(lib_a-memset.o)

.ARM.attributes
                0x0000000000000000       0x37
 .ARM.attributes
                0x0000000000000000       0x39 projects/waveGen/out/projects/waveGen/src/configuracion.o
 .ARM.attributes
                0x0000000000000039       0x39 projects/waveGen/out/projects/waveGen/src/waveGen.o
 .ARM.attributes
                0x0000000000000072       0x39 projects/waveGen/out/libs/cmsis_core//src/armv7m_startup.o
 .ARM.attributes
                0x00000000000000ab       0x39 projects/waveGen/out/libs/sys_newlib//src/system.o
 .ARM.attributes
                0x00000000000000e4       0x39 projects/waveGen/out/modules/drivers_bm//src/led.o
 .ARM.attributes
                0x000000000000011d       0x39 projects/waveGen/out/libs/lpc_open/boards/edu_ciaa_nxp/src/board.o
 .ARM.attributes
                0x0000000000000156       0x39 projects/waveGen/out/libs/lpc_open/boards/edu_ciaa_nxp/src/board_sysinit.o
 .ARM.attributes
                0x000000000000018f       0x39 projects/waveGen/out/libs/lpc_open/lpc_chip_43xx/src/dac_18xx_43xx.o
 .ARM.attributes
                0x00000000000001c8       0x39 projects/waveGen/out/libs/lpc_open/lpc_chip_43xx/src/uart_18xx_43xx.o
 .ARM.attributes
                0x0000000000000201       0x39 projects/waveGen/out/libs/lpc_open/lpc_chip_43xx/src/adc_18xx_43xx.o
 .ARM.attributes
                0x000000000000023a       0x39 projects/waveGen/out/libs/lpc_open/lpc_chip_43xx/src/clock_18xx_43xx.o
 .ARM.attributes
                0x0000000000000273       0x39 projects/waveGen/out/libs/lpc_open/lpc_chip_43xx/src/sysinit_18xx_43xx.o
 .ARM.attributes
                0x00000000000002ac       0x39 projects/waveGen/out/libs/lpc_open/lpc_chip_43xx/src/gpio_18xx_43xx.o
 .ARM.attributes
                0x00000000000002e5       0x39 projects/waveGen/out/libs/lpc_open/lpc_chip_43xx/src/ssp_18xx_43xx.o
 .ARM.attributes
                0x000000000000031e       0x39 projects/waveGen/out/libs/lpc_open/lpc_chip_43xx/src/i2c_18xx_43xx.o
 .ARM.attributes
                0x0000000000000357       0x39 projects/waveGen/out/libs/lpc_open/lpc_startup/src/crp.o
 .ARM.attributes
                0x0000000000000390       0x39 projects/waveGen/out/libs/lpc_open/lpc_startup/src/sysinit.o
 .ARM.attributes
                0x00000000000003c9       0x39 projects/waveGen/out/libs/lpc_open/lpc_startup/src/vendor_interrupt.o
 .ARM.attributes
                0x0000000000000402       0x34 /usr/lib/gcc/arm-none-eabi/6.3.1/../../../arm-none-eabi/lib/thumb/v7e-m/fpv4-sp/hard/libm.a(lib_a-s_sin.o)
 .ARM.attributes
                0x0000000000000436       0x34 /usr/lib/gcc/arm-none-eabi/6.3.1/../../../arm-none-eabi/lib/thumb/v7e-m/fpv4-sp/hard/libm.a(lib_a-e_rem_pio2.o)
 .ARM.attributes
                0x000000000000046a       0x34 /usr/lib/gcc/arm-none-eabi/6.3.1/../../../arm-none-eabi/lib/thumb/v7e-m/fpv4-sp/hard/libm.a(lib_a-k_cos.o)
 .ARM.attributes
                0x000000000000049e       0x34 /usr/lib/gcc/arm-none-eabi/6.3.1/../../../arm-none-eabi/lib/thumb/v7e-m/fpv4-sp/hard/libm.a(lib_a-k_rem_pio2.o)
 .ARM.attributes
                0x00000000000004d2       0x34 /usr/lib/gcc/arm-none-eabi/6.3.1/../../../arm-none-eabi/lib/thumb/v7e-m/fpv4-sp/hard/libm.a(lib_a-k_sin.o)
 .ARM.attributes
                0x0000000000000506       0x34 /usr/lib/gcc/arm-none-eabi/6.3.1/../../../arm-none-eabi/lib/thumb/v7e-m/fpv4-sp/hard/libm.a(lib_a-s_fabs.o)
 .ARM.attributes
                0x000000000000053a       0x34 /usr/lib/gcc/arm-none-eabi/6.3.1/../../../arm-none-eabi/lib/thumb/v7e-m/fpv4-sp/hard/libm.a(lib_a-s_floor.o)
 .ARM.attributes
                0x000000000000056e       0x34 /usr/lib/gcc/arm-none-eabi/6.3.1/../../../arm-none-eabi/lib/thumb/v7e-m/fpv4-sp/hard/libm.a(lib_a-s_scalbn.o)
 .ARM.attributes
                0x00000000000005a2       0x34 /usr/lib/gcc/arm-none-eabi/6.3.1/../../../arm-none-eabi/lib/thumb/v7e-m/fpv4-sp/hard/libm.a(lib_a-s_copysign.o)
 .ARM.attributes
                0x00000000000005d6       0x22 /usr/lib/gcc/arm-none-eabi/6.3.1/thumb/v7e-m/fpv4-sp/hard/libgcc.a(_arm_addsubdf3.o)
 .ARM.attributes
                0x00000000000005f8       0x22 /usr/lib/gcc/arm-none-eabi/6.3.1/thumb/v7e-m/fpv4-sp/hard/libgcc.a(_arm_muldivdf3.o)
 .ARM.attributes
                0x000000000000061a       0x22 /usr/lib/gcc/arm-none-eabi/6.3.1/thumb/v7e-m/fpv4-sp/hard/libgcc.a(_arm_cmpdf2.o)
 .ARM.attributes
                0x000000000000063c       0x22 /usr/lib/gcc/arm-none-eabi/6.3.1/thumb/v7e-m/fpv4-sp/hard/libgcc.a(_arm_fixdfsi.o)
 .ARM.attributes
                0x000000000000065e       0x22 /usr/lib/gcc/arm-none-eabi/6.3.1/thumb/v7e-m/fpv4-sp/hard/libgcc.a(_arm_fixunsdfsi.o)
 .ARM.attributes
                0x0000000000000680       0x22 /usr/lib/gcc/arm-none-eabi/6.3.1/thumb/v7e-m/fpv4-sp/hard/libgcc.a(_aeabi_uldivmod.o)
 .ARM.attributes
                0x00000000000006a2       0x34 /usr/lib/gcc/arm-none-eabi/6.3.1/thumb/v7e-m/fpv4-sp/hard/libgcc.a(_udivmoddi4.o)
 .ARM.attributes
                0x00000000000006d6       0x22 /usr/lib/gcc/arm-none-eabi/6.3.1/thumb/v7e-m/fpv4-sp/hard/libgcc.a(_dvmd_tls.o)
 .ARM.attributes
                0x00000000000006f8       0x34 /usr/lib/gcc/arm-none-eabi/6.3.1/../../../arm-none-eabi/lib/thumb/v7e-m/fpv4-sp/hard/libc_nano.a(lib_a-init.o)
 .ARM.attributes
                0x000000000000072c       0x34 /usr/lib/gcc/arm-none-eabi/6.3.1/../../../arm-none-eabi/lib/thumb/v7e-m/fpv4-sp/hard/libc_nano.a(lib_a-memset.o)

.debug_frame    0x0000000000000000     0x16dc
 .debug_frame   0x0000000000000000       0x44 projects/waveGen/out/projects/waveGen/src/configuracion.o
 .debug_frame   0x0000000000000044       0x40 projects/waveGen/out/projects/waveGen/src/waveGen.o
 .debug_frame   0x0000000000000084      0x114 projects/waveGen/out/libs/cmsis_core//src/armv7m_startup.o
 .debug_frame   0x0000000000000198      0x1d8 projects/waveGen/out/libs/sys_newlib//src/system.o
 .debug_frame   0x0000000000000370       0x58 projects/waveGen/out/modules/drivers_bm//src/led.o
 .debug_frame   0x00000000000003c8      0x204 projects/waveGen/out/libs/lpc_open/boards/edu_ciaa_nxp/src/board.o
 .debug_frame   0x00000000000005cc       0x5c projects/waveGen/out/libs/lpc_open/boards/edu_ciaa_nxp/src/board_sysinit.o
 .debug_frame   0x0000000000000628       0x60 projects/waveGen/out/libs/lpc_open/lpc_chip_43xx/src/dac_18xx_43xx.o
 .debug_frame   0x0000000000000688      0x1f4 projects/waveGen/out/libs/lpc_open/lpc_chip_43xx/src/uart_18xx_43xx.o
 .debug_frame   0x000000000000087c      0x160 projects/waveGen/out/libs/lpc_open/lpc_chip_43xx/src/adc_18xx_43xx.o
 .debug_frame   0x00000000000009dc      0x314 projects/waveGen/out/libs/lpc_open/lpc_chip_43xx/src/clock_18xx_43xx.o
 .debug_frame   0x0000000000000cf0       0x7c projects/waveGen/out/libs/lpc_open/lpc_chip_43xx/src/sysinit_18xx_43xx.o
 .debug_frame   0x0000000000000d6c       0x30 projects/waveGen/out/libs/lpc_open/lpc_chip_43xx/src/gpio_18xx_43xx.o
 .debug_frame   0x0000000000000d9c      0x198 projects/waveGen/out/libs/lpc_open/lpc_chip_43xx/src/ssp_18xx_43xx.o
 .debug_frame   0x0000000000000f34      0x25c projects/waveGen/out/libs/lpc_open/lpc_chip_43xx/src/i2c_18xx_43xx.o
 .debug_frame   0x0000000000001190       0x28 projects/waveGen/out/libs/lpc_open/lpc_startup/src/sysinit.o
 .debug_frame   0x00000000000011b8       0x20 projects/waveGen/out/libs/lpc_open/lpc_startup/src/vendor_interrupt.o
 .debug_frame   0x00000000000011d8       0x3c /usr/lib/gcc/arm-none-eabi/6.3.1/../../../arm-none-eabi/lib/thumb/v7e-m/fpv4-sp/hard/libm.a(lib_a-s_sin.o)
 .debug_frame   0x0000000000001214       0x44 /usr/lib/gcc/arm-none-eabi/6.3.1/../../../arm-none-eabi/lib/thumb/v7e-m/fpv4-sp/hard/libm.a(lib_a-e_rem_pio2.o)
 .debug_frame   0x0000000000001258       0x68 /usr/lib/gcc/arm-none-eabi/6.3.1/../../../arm-none-eabi/lib/thumb/v7e-m/fpv4-sp/hard/libm.a(lib_a-k_cos.o)
 .debug_frame   0x00000000000012c0       0x50 /usr/lib/gcc/arm-none-eabi/6.3.1/../../../arm-none-eabi/lib/thumb/v7e-m/fpv4-sp/hard/libm.a(lib_a-k_rem_pio2.o)
 .debug_frame   0x0000000000001310       0x68 /usr/lib/gcc/arm-none-eabi/6.3.1/../../../arm-none-eabi/lib/thumb/v7e-m/fpv4-sp/hard/libm.a(lib_a-k_sin.o)
 .debug_frame   0x0000000000001378       0x20 /usr/lib/gcc/arm-none-eabi/6.3.1/../../../arm-none-eabi/lib/thumb/v7e-m/fpv4-sp/hard/libm.a(lib_a-s_fabs.o)
 .debug_frame   0x0000000000001398       0x30 /usr/lib/gcc/arm-none-eabi/6.3.1/../../../arm-none-eabi/lib/thumb/v7e-m/fpv4-sp/hard/libm.a(lib_a-s_floor.o)
 .debug_frame   0x00000000000013c8       0x2c /usr/lib/gcc/arm-none-eabi/6.3.1/../../../arm-none-eabi/lib/thumb/v7e-m/fpv4-sp/hard/libm.a(lib_a-s_scalbn.o)
 .debug_frame   0x00000000000013f4       0x20 /usr/lib/gcc/arm-none-eabi/6.3.1/../../../arm-none-eabi/lib/thumb/v7e-m/fpv4-sp/hard/libm.a(lib_a-s_copysign.o)
 .debug_frame   0x0000000000001414       0xac /usr/lib/gcc/arm-none-eabi/6.3.1/thumb/v7e-m/fpv4-sp/hard/libgcc.a(_arm_addsubdf3.o)
 .debug_frame   0x00000000000014c0       0x50 /usr/lib/gcc/arm-none-eabi/6.3.1/thumb/v7e-m/fpv4-sp/hard/libgcc.a(_arm_muldivdf3.o)
 .debug_frame   0x0000000000001510       0xc4 /usr/lib/gcc/arm-none-eabi/6.3.1/thumb/v7e-m/fpv4-sp/hard/libgcc.a(_arm_cmpdf2.o)
 .debug_frame   0x00000000000015d4       0x24 /usr/lib/gcc/arm-none-eabi/6.3.1/thumb/v7e-m/fpv4-sp/hard/libgcc.a(_arm_fixdfsi.o)
 .debug_frame   0x00000000000015f8       0x24 /usr/lib/gcc/arm-none-eabi/6.3.1/thumb/v7e-m/fpv4-sp/hard/libgcc.a(_arm_fixunsdfsi.o)
 .debug_frame   0x000000000000161c       0x2c /usr/lib/gcc/arm-none-eabi/6.3.1/thumb/v7e-m/fpv4-sp/hard/libgcc.a(_aeabi_uldivmod.o)
 .debug_frame   0x0000000000001648       0x34 /usr/lib/gcc/arm-none-eabi/6.3.1/thumb/v7e-m/fpv4-sp/hard/libgcc.a(_udivmoddi4.o)
 .debug_frame   0x000000000000167c       0x2c /usr/lib/gcc/arm-none-eabi/6.3.1/../../../arm-none-eabi/lib/thumb/v7e-m/fpv4-sp/hard/libc_nano.a(lib_a-init.o)
 .debug_frame   0x00000000000016a8       0x34 /usr/lib/gcc/arm-none-eabi/6.3.1/../../../arm-none-eabi/lib/thumb/v7e-m/fpv4-sp/hard/libc_nano.a(lib_a-memset.o)

Cross Reference Table

Symbol                                            File
ADC0_IRQHandler                                   projects/waveGen/out/libs/lpc_open/lpc_startup/src/vendor_interrupt.o
ADC1_IRQHandler                                   projects/waveGen/out/libs/lpc_open/lpc_startup/src/vendor_interrupt.o
ADCHS_IRQHandler                                  projects/waveGen/out/libs/lpc_open/lpc_startup/src/vendor_interrupt.o
ATIMER_IRQHandler                                 projects/waveGen/out/libs/lpc_open/lpc_startup/src/vendor_interrupt.o
Board_ADC_ReadBegin                               projects/waveGen/out/libs/lpc_open/boards/edu_ciaa_nxp/src/board.o
Board_ADC_ReadEnd                                 projects/waveGen/out/libs/lpc_open/boards/edu_ciaa_nxp/src/board.o
Board_ADC_ReadWait                                projects/waveGen/out/libs/lpc_open/boards/edu_ciaa_nxp/src/board.o
Board_Debug_Init                                  projects/waveGen/out/libs/lpc_open/boards/edu_ciaa_nxp/src/board.o
Board_Init                                        projects/waveGen/out/libs/lpc_open/boards/edu_ciaa_nxp/src/board.o
                                                  projects/waveGen/out/libs/lpc_open/lpc_startup/src/sysinit.o
Board_LED_Set                                     projects/waveGen/out/libs/lpc_open/boards/edu_ciaa_nxp/src/board.o
Board_LED_Test                                    projects/waveGen/out/libs/lpc_open/boards/edu_ciaa_nxp/src/board.o
Board_LED_Toggle                                  projects/waveGen/out/libs/lpc_open/boards/edu_ciaa_nxp/src/board.o
Board_SetupClocking                               projects/waveGen/out/libs/lpc_open/boards/edu_ciaa_nxp/src/board_sysinit.o
Board_SetupMuxing                                 projects/waveGen/out/libs/lpc_open/boards/edu_ciaa_nxp/src/board_sysinit.o
Board_SystemInit                                  projects/waveGen/out/libs/lpc_open/boards/edu_ciaa_nxp/src/board_sysinit.o
                                                  projects/waveGen/out/libs/lpc_open/lpc_startup/src/sysinit.o
Board_TEC_GetStatus                               projects/waveGen/out/libs/lpc_open/boards/edu_ciaa_nxp/src/board.o
Board_UARTGetChar                                 projects/waveGen/out/libs/lpc_open/boards/edu_ciaa_nxp/src/board.o
Board_UARTPutChar                                 projects/waveGen/out/libs/lpc_open/boards/edu_ciaa_nxp/src/board.o
Board_UARTPutSTR                                  projects/waveGen/out/libs/lpc_open/boards/edu_ciaa_nxp/src/board.o
BusFault_Handler                                  projects/waveGen/out/libs/cmsis_core//src/armv7m_startup.o
CAN0_IRQHandler                                   projects/waveGen/out/libs/lpc_open/lpc_startup/src/vendor_interrupt.o
CAN1_IRQHandler                                   projects/waveGen/out/libs/lpc_open/lpc_startup/src/vendor_interrupt.o
CRP_WORD                                          projects/waveGen/out/libs/lpc_open/lpc_startup/src/crp.o
Chip_ADC_DeInit                                   projects/waveGen/out/libs/lpc_open/lpc_chip_43xx/src/adc_18xx_43xx.o
Chip_ADC_EnableChannel                            projects/waveGen/out/libs/lpc_open/lpc_chip_43xx/src/adc_18xx_43xx.o
                                                  projects/waveGen/out/libs/lpc_open/boards/edu_ciaa_nxp/src/board.o
                                                  projects/waveGen/out/modules/drivers_bm//src/adc.o