Archive member included to satisfy reference by file (symbol)

/usr/lib/gcc/arm-none-eabi/6.3.1/thumb/v7e-m/fpv4-sp/hard/libgcc.a(_aeabi_uldivmod.o)
                              projects/lab2Leo/out/libs/lpc_open/lpc_chip_43xx/src/i2s_18xx_43xx.o (__aeabi_uldivmod)
/usr/lib/gcc/arm-none-eabi/6.3.1/thumb/v7e-m/fpv4-sp/hard/libgcc.a(_udivmoddi4.o)
                              /usr/lib/gcc/arm-none-eabi/6.3.1/thumb/v7e-m/fpv4-sp/hard/libgcc.a(_aeabi_uldivmod.o) (__udivmoddi4)
/usr/lib/gcc/arm-none-eabi/6.3.1/thumb/v7e-m/fpv4-sp/hard/libgcc.a(_dvmd_tls.o)
                              /usr/lib/gcc/arm-none-eabi/6.3.1/thumb/v7e-m/fpv4-sp/hard/libgcc.a(_aeabi_uldivmod.o) (__aeabi_ldiv0)
/usr/lib/gcc/arm-none-eabi/6.3.1/../../../arm-none-eabi/lib/thumb/v7e-m/fpv4-sp/hard/libc_nano.a(lib_a-init.o)
                              projects/lab2Leo/out/libs/cmsis_core//src/armv7m_startup.o (__libc_init_array)
/usr/lib/gcc/arm-none-eabi/6.3.1/../../../arm-none-eabi/lib/thumb/v7e-m/fpv4-sp/hard/libc_nano.a(lib_a-memcpy.o)
                              projects/lab2Leo/out/libs/lpc_open/lpc_chip_43xx/src/ring_buffer.o (memcpy)
/usr/lib/gcc/arm-none-eabi/6.3.1/../../../arm-none-eabi/lib/thumb/v7e-m/fpv4-sp/hard/libc_nano.a(lib_a-memset.o)
                              projects/lab2Leo/out/libs/lpc_open/lpc_chip_43xx/src/clock_18xx_43xx.o (memset)
/usr/lib/gcc/arm-none-eabi/6.3.1/../../../arm-none-eabi/lib/thumb/v7e-m/fpv4-sp/hard/libc_nano.a(lib_a-strlen.o)
                              projects/lab2Leo/out/projects/lab2Leo/src/lab2Leo.o (strlen)

Allocating common symbols
Common symbol       size              file

pIsrADC0            0x4               projects/lab2Leo/out/modules/drivers_bm//src/adc.o
SystemCoreClock     0x4               projects/lab2Leo/out/libs/lpc_open/lpc_chip_43xx/src/chip_18xx_43xx.o
pIsrTimer           0x4               projects/lab2Leo/out/modules/drivers_bm//src/timer.o

Discarded input sections

 .group         0x0000000000000000        0x8 projects/lab2Leo/out/projects/lab2Leo/src/configuracion.o
 .group         0x0000000000000000        0x8 projects/lab2Leo/out/projects/lab2Leo/src/configuracion.o
 .group         0x0000000000000000        0x8 projects/lab2Leo/out/projects/lab2Leo/src/configuracion.o
 .group         0x0000000000000000        0x8 projects/lab2Leo/out/projects/lab2Leo/src/configuracion.o
 .group         0x0000000000000000        0x8 projects/lab2Leo/out/projects/lab2Leo/src/configuracion.o
 .group         0x0000000000000000        0x8 projects/lab2Leo/out/projects/lab2Leo/src/configuracion.o
 .group         0x0000000000000000        0x8 projects/lab2Leo/out/projects/lab2Leo/src/configuracion.o
 .group         0x0000000000000000        0x8 projects/lab2Leo/out/projects/lab2Leo/src/configuracion.o
 .group         0x0000000000000000        0x8 projects/lab2Leo/out/projects/lab2Leo/src/configuracion.o
 .group         0x0000000000000000        0x8 projects/lab2Leo/out/projects/lab2Leo/src/configuracion.o
 .group         0x0000000000000000        0x8 projects/lab2Leo/out/projects/lab2Leo/src/configuracion.o
 .group         0x0000000000000000        0x8 projects/lab2Leo/out/projects/lab2Leo/src/configuracion.o
 .group         0x0000000000000000        0x8 projects/lab2Leo/out/projects/lab2Leo/src/configuracion.o
 .group         0x0000000000000000        0x8 projects/lab2Leo/out/projects/lab2Leo/src/configuracion.o
 .group         0x0000000000000000        0x8 projects/lab2Leo/out/projects/lab2Leo/src/configuracion.o
 .group         0x0000000000000000        0x8 projects/lab2Leo/out/projects/lab2Leo/src/configuracion.o
 .group         0x0000000000000000        0x8 projects/lab2Leo/out/projects/lab2Leo/src/configuracion.o
 .group         0x0000000000000000        0x8 projects/lab2Leo/out/projects/lab2Leo/src/configuracion.o
 .group         0x0000000000000000        0x8 projects/lab2Leo/out/projects/lab2Leo/src/configuracion.o
 .group         0x0000000000000000        0x8 projects/lab2Leo/out/projects/lab2Leo/src/configuracion.o
 .group         0x0000000000000000        0x8 projects/lab2Leo/out/projects/lab2Leo/src/configuracion.o
 .group         0x0000000000000000        0x8 projects/lab2Leo/out/projects/lab2Leo/src/configuracion.o
 .group         0x0000000000000000        0x8 projects/lab2Leo/out/projects/lab2Leo/src/configuracion.o
 .group         0x0000000000000000        0x8 projects/lab2Leo/out/projects/lab2Leo/src/configuracion.o
 .group         0x0000000000000000        0x8 projects/lab2Leo/out/projects/lab2Leo/src/configuracion.o
 .group         0x0000000000000000        0x8 projects/lab2Leo/out/projects/lab2Leo/src/configuracion.o
 .group         0x0000000000000000        0x8 projects/lab2Leo/out/projects/lab2Leo/src/configuracion.o
 .group         0x0000000000000000        0x8 projects/lab2Leo/out/projects/lab2Leo/src/configuracion.o
 .group         0x0000000000000000        0x8 projects/lab2Leo/out/projects/lab2Leo/src/configuracion.o
[...]
Memory Configuration

Name             Origin             Length             Attributes
MFlashA512       0x000000001a000000 0x0000000000080000 xr
MFlashB512       0x000000001b000000 0x0000000000080000 xr
RamLoc32         0x0000000010000000 0x0000000000008000 xrw
RamLoc40         0x0000000010080000 0x000000000000a000 xrw
RamAHB32         0x0000000020000000 0x0000000000008000 xrw
RamAHB16         0x0000000020008000 0x0000000000004000 xrw
RamAHB_ETB16     0x000000002000c000 0x0000000000004000 xrw
*default*        0x0000000000000000 0xffffffffffffffff

Linker script and memory map

START GROUP
LOAD projects/lab2Leo/out/projects/lab2Leo/src/configuracion.o
LOAD projects/lab2Leo/out/projects/lab2Leo/src/lab2Leo.o
LOAD projects/lab2Leo/out/libs/cmsis_core//src/armv7m_startup.o
LOAD projects/lab2Leo/out/libs/sys_newlib//src/system.o
LOAD projects/lab2Leo/out/modules/drivers_bm//src/display.o
LOAD projects/lab2Leo/out/modules/drivers_bm//src/uart.o
LOAD projects/lab2Leo/out/modules/drivers_bm//src/soc.o
LOAD projects/lab2Leo/out/modules/drivers_bm//src/led.o
LOAD projects/lab2Leo/out/modules/drivers_bm//src/itoa.o
LOAD projects/lab2Leo/out/modules/drivers_bm//src/unt.o
LOAD projects/lab2Leo/out/modules/drivers_bm//src/dac.o
LOAD projects/lab2Leo/out/modules/drivers_bm//src/adc.o
LOAD projects/lab2Leo/out/modules/drivers_bm//src/timer.o
LOAD projects/lab2Leo/out/modules/drivers_bm//src/switch.o
LOAD projects/lab2Leo/out/libs/lpc_open/boards/edu_ciaa_nxp/src/board.o
LOAD projects/lab2Leo/out/libs/lpc_open/boards/edu_ciaa_nxp/src/board_sysinit.o
LOAD projects/lab2Leo/out/libs/lpc_open/lpc_chip_43xx/src/ccan_18xx_43xx.o
LOAD projects/lab2Leo/out/libs/lpc_open/lpc_chip_43xx/src/gpiogroup_18xx_43xx.o
LOAD projects/lab2Leo/out/libs/lpc_open/lpc_chip_43xx/src/dac_18xx_43xx.o
LOAD projects/lab2Leo/out/libs/lpc_open/lpc_chip_43xx/src/ritimer_18xx_43xx.o
LOAD projects/lab2Leo/out/libs/lpc_open/lpc_chip_43xx/src/i2s_18xx_43xx.o
LOAD projects/lab2Leo/out/libs/lpc_open/lpc_chip_43xx/src/lcd_18xx_43xx.o
LOAD projects/lab2Leo/out/libs/lpc_open/lpc_chip_43xx/src/uart_18xx_43xx.o
LOAD projects/lab2Leo/out/libs/lpc_open/lpc_chip_43xx/src/adc_18xx_43xx.o
LOAD projects/lab2Leo/out/libs/lpc_open/lpc_chip_43xx/src/stopwatch_18xx_43xx.o
LOAD projects/lab2Leo/out/libs/lpc_open/lpc_chip_43xx/src/clock_18xx_43xx.o
LOAD projects/lab2Leo/out/libs/lpc_open/lpc_chip_43xx/src/chip_18xx_43xx.o
LOAD projects/lab2Leo/out/libs/lpc_open/lpc_chip_43xx/src/pmc_18xx_43xx.o
LOAD projects/lab2Leo/out/libs/lpc_open/lpc_chip_43xx/src/otp_18xx_43xx.o
LOAD projects/lab2Leo/out/libs/lpc_open/lpc_chip_43xx/src/aes_18xx_43xx.o
LOAD projects/lab2Leo/out/libs/lpc_open/lpc_chip_43xx/src/sysinit_18xx_43xx.o
LOAD projects/lab2Leo/out/libs/lpc_open/lpc_chip_43xx/src/atimer_18xx_43xx.o
LOAD projects/lab2Leo/out/libs/lpc_open/lpc_chip_43xx/src/sdif_18xx_43xx.o
LOAD projects/lab2Leo/out/libs/lpc_open/lpc_chip_43xx/src/timer_18xx_43xx.o
LOAD projects/lab2Leo/out/libs/lpc_open/lpc_chip_43xx/src/iap_18xx_43xx.o
LOAD projects/lab2Leo/out/libs/lpc_open/lpc_chip_43xx/src/wwdt_18xx_43xx.o
LOAD projects/lab2Leo/out/libs/lpc_open/lpc_chip_43xx/src/ring_buffer.o
LOAD projects/lab2Leo/out/libs/lpc_open/lpc_chip_43xx/src/i2cm_18xx_43xx.o
LOAD projects/lab2Leo/out/libs/lpc_open/lpc_chip_43xx/src/pinint_18xx_43xx.o
LOAD projects/lab2Leo/out/libs/lpc_open/lpc_chip_43xx/src/eeprom_18xx_43xx.o
LOAD projects/lab2Leo/out/libs/lpc_open/lpc_chip_43xx/src/rtc_18xx_43xx.o
LOAD projects/lab2Leo/out/libs/lpc_open/lpc_chip_43xx/src/sct_18xx_43xx.o
LOAD projects/lab2Leo/out/libs/lpc_open/lpc_chip_43xx/src/emc_18xx_43xx.o
LOAD projects/lab2Leo/out/libs/lpc_open/lpc_chip_43xx/src/sdio_18xx_43xx.o
LOAD projects/lab2Leo/out/libs/lpc_open/lpc_chip_43xx/src/spi_18xx_43xx.o
LOAD projects/lab2Leo/out/libs/lpc_open/lpc_chip_43xx/src/gpio_18xx_43xx.o
LOAD projects/lab2Leo/out/libs/lpc_open/lpc_chip_43xx/src/sdmmc_18xx_43xx.o
LOAD projects/lab2Leo/out/libs/lpc_open/lpc_chip_43xx/src/gpdma_18xx_43xx.o
LOAD projects/lab2Leo/out/libs/lpc_open/lpc_chip_43xx/src/evrt_18xx_43xx.o
LOAD projects/lab2Leo/out/libs/lpc_open/lpc_chip_43xx/src/sct_pwm_18xx_43xx.o
LOAD projects/lab2Leo/out/libs/lpc_open/lpc_chip_43xx/src/enet_18xx_43xx.o
LOAD projects/lab2Leo/out/libs/lpc_open/lpc_chip_43xx/src/ssp_18xx_43xx.o
LOAD projects/lab2Leo/out/libs/lpc_open/lpc_chip_43xx/src/i2c_18xx_43xx.o
LOAD projects/lab2Leo/out/libs/lpc_open/lpc_startup/src/crp.o
LOAD projects/lab2Leo/out/libs/lpc_open/lpc_startup/src/sysinit.o
LOAD projects/lab2Leo/out/libs/lpc_open/lpc_startup/src/vendor_interrupt.o
END GROUP
LOAD /usr/lib/gcc/arm-none-eabi/6.3.1/../../../arm-none-eabi/lib/thumb/v7e-m/fpv4-sp/hard/libstdc++_nano.a
LOAD /usr/lib/gcc/arm-none-eabi/6.3.1/../../../arm-none-eabi/lib/thumb/v7e-m/fpv4-sp/hard/libm.a
START GROUP
LOAD /usr/lib/gcc/arm-none-eabi/6.3.1/thumb/v7e-m/fpv4-sp/hard/libgcc.a
LOAD /usr/lib/gcc/arm-none-eabi/6.3.1/../../../arm-none-eabi/lib/thumb/v7e-m/fpv4-sp/hard/libc_nano.a
END GROUP
START GROUP
LOAD /usr/lib/gcc/arm-none-eabi/6.3.1/thumb/v7e-m/fpv4-sp/hard/libgcc.a
LOAD /usr/lib/gcc/arm-none-eabi/6.3.1/../../../arm-none-eabi/lib/thumb/v7e-m/fpv4-sp/hard/libc_nano.a
END GROUP
                0x000000001a080000                __top_MFlashA512 = 0x1a080000
                0x000000001b080000                __top_MFlashB512 = 0x1b080000
                0x0000000010008000                __top_RamLoc32 = 0x10008000
                0x000000001008a000                __top_RamLoc40 = 0x1008a000
                0x0000000020008000                __top_RamAHB32 = 0x20008000
                0x000000002000c000                __top_RamAHB16 = 0x2000c000
                0x0000000020010000                __top_RamAHB_ETB16 = 0x20010000
START GROUP
LOAD /usr/lib/gcc/arm-none-eabi/6.3.1/thumb/v7e-m/fpv4-sp/hard/libgcc.a
LOAD /usr/lib/gcc/arm-none-eabi/6.3.1/../../../arm-none-eabi/lib/thumb/v7e-m/fpv4-sp/hard/libc.a
LOAD /usr/lib/gcc/arm-none-eabi/6.3.1/../../../arm-none-eabi/lib/thumb/v7e-m/fpv4-sp/hard/libm.a
END GROUP

.text_Flash2    0x000000001b000000        0x0
 FILL mask 0xff
 *(.text_Flash2*)
 *(.text_MFlashB512*)
 *(.text.$Flash2*)
 *(.text.$MFlashB512*)
 *(.rodata.$Flash2*)
 *(.rodata.$MFlashB512*)

.text           0x000000001a000000     0x1d5c
 FILL mask 0xff
                0x000000001a000000                __vectors_start__ = ABSOLUTE (.)
 *(.isr_vector)
 .isr_vector    0x000000001a000000       0x40 projects/lab2Leo/out/libs/cmsis_core//src/armv7m_startup.o
                0x000000001a000000                g_pfnVectors
 *(.isr_vendor_vector)
 .isr_vendor_vector
                0x000000001a000040       0xd4 projects/lab2Leo/out/libs/lpc_open/lpc_startup/src/vendor_interrupt.o
                0x000000001a000040                g_pfnVendorVectors
                0x000000001a000114                . = ALIGN (0x4)
                0x000000001a000114                __section_table_start = .
                0x000000001a000114                __data_section_table = .
                0x000000001a000114        0x4 LONG 0x1a001d68 LOADADDR (.data)
                0x000000001a000118        0x4 LONG 0x10000000 ADDR (.data)
                0x000000001a00011c        0x4 LONG 0x38 SIZEOF (.data)
                0x000000001a000120        0x4 LONG 0x1a001d68 LOADADDR (.data_RAM2)
                0x000000001a000124        0x4 LONG 0x10080000 ADDR (.data_RAM2)
                0x000000001a000128        0x4 LONG 0x0 SIZEOF (.data_RAM2)
                0x000000001a00012c        0x4 LONG 0x1a001d68 LOADADDR (.data_RAM3)
                0x000000001a000130        0x4 LONG 0x20000000 ADDR (.data_RAM3)
                0x000000001a000134        0x4 LONG 0x0 SIZEOF (.data_RAM3)
                0x000000001a000138        0x4 LONG 0x1a001d68 LOADADDR (.data_RAM4)
                0x000000001a00013c        0x4 LONG 0x20008000 ADDR (.data_RAM4)
                0x000000001a000140        0x4 LONG 0x0 SIZEOF (.data_RAM4)
                0x000000001a000144        0x4 LONG 0x1a001d68 LOADADDR (.data_RAM5)
                0x000000001a000148        0x4 LONG 0x2000c000 ADDR (.data_RAM5)
                0x000000001a00014c        0x4 LONG 0x0 SIZEOF (.data_RAM5)
                0x000000001a000150                __data_section_table_end = .
                0x000000001a000150                __bss_section_table = .
                0x000000001a000150        0x4 LONG 0x10000038 ADDR (.bss)
                0x000000001a000154        0x4 LONG 0x14 SIZEOF (.bss)
                0x000000001a000158        0x4 LONG 0x10080000 ADDR (.bss_RAM2)
                0x000000001a00015c        0x4 LONG 0x0 SIZEOF (.bss_RAM2)
                0x000000001a000160        0x4 LONG 0x20000000 ADDR (.bss_RAM3)
                0x000000001a000164        0x4 LONG 0x0 SIZEOF (.bss_RAM3)
                0x000000001a000168        0x4 LONG 0x20008000 ADDR (.bss_RAM4)
                0x000000001a00016c        0x4 LONG 0x0 SIZEOF (.bss_RAM4)
                0x000000001a000170        0x4 LONG 0x2000c000 ADDR (.bss_RAM5)
                0x000000001a000174        0x4 LONG 0x0 SIZEOF (.bss_RAM5)
                0x000000001a000178                __bss_section_table_end = .
                0x000000001a000178                __section_table_end = .
 *(.after_vectors*)
 .after_vectors
                0x000000001a000178       0x42 projects/lab2Leo/out/libs/cmsis_core//src/armv7m_startup.o
                0x000000001a000178                NMI_Handler
                0x000000001a00017a                HardFault_Handler
                0x000000001a00017c                MemManage_Handler
                0x000000001a00017e                BusFault_Handler
                0x000000001a000180                UsageFault_Handler
                0x000000001a000182                SVC_Handler
                0x000000001a000184                DebugMon_Handler
                0x000000001a000186                PendSV_Handler
                0x000000001a00018a                data_init
                0x000000001a0001a8                bss_init
 .after_vectors
                0x000000001a0001ba        0x2 projects/lab2Leo/out/libs/lpc_open/lpc_startup/src/vendor_interrupt.o
                0x000000001a0001ba                TIMER2_IRQHandler
                0x000000001a0001ba                RIT_IRQHandler
                0x000000001a0001ba                ADCHS_IRQHandler
                0x000000001a0001ba                FLASH_EEPROM_IRQHandler
                0x000000001a0001ba                I2C0_IRQHandler
                0x000000001a0001ba                SDIO_IRQHandler
                0x000000001a0001ba                ATIMER_IRQHandler
                0x000000001a0001ba                I2C1_IRQHandler
                0x000000001a0001ba                UART1_IRQHandler
                0x000000001a0001ba                GPIO5_IRQHandler
                0x000000001a0001ba                CAN1_IRQHandler
                0x000000001a0001ba                USB1_IRQHandler
                0x000000001a0001ba                I2S0_IRQHandler
                0x000000001a0001ba                TIMER3_IRQHandler
                0x000000001a0001ba                UART0_IRQHandler
                0x000000001a0001ba                SGPIO_IRQHandler
                0x000000001a0001ba                ADC0_IRQHandler
                0x000000001a0001ba                GPIO6_IRQHandler
                0x000000001a0001ba                IntDefaultHandler
                0x000000001a0001ba                GPIO1_IRQHandler
                0x000000001a0001ba                SSP0_IRQHandler
                0x000000001a0001ba                ADC1_IRQHandler
                0x000000001a0001ba                RTC_IRQHandler
                0x000000001a0001ba                TIMER0_IRQHandler
                0x000000001a0001ba                SPI_IRQHandler
                0x000000001a0001ba                LCD_IRQHandler
                0x000000001a0001ba                TIMER1_IRQHandler
                0x000000001a0001ba                UART2_IRQHandler
                0x000000001a0001ba                GPIO2_IRQHandler
                0x000000001a0001ba                I2S1_IRQHandler
                0x000000001a0001ba                SSP1_IRQHandler
                0x000000001a0001ba                USB0_IRQHandler
                0x000000001a0001ba                GPIO3_IRQHandler
                0x000000001a0001ba                SCT_IRQHandler
                0x000000001a0001ba                WDT_IRQHandler
                0x000000001a0001ba                GPIO7_IRQHandler
                0x000000001a0001ba                SPIFI_IRQHandler
                0x000000001a0001ba                QEI_IRQHandler
                0x000000001a0001ba                ETH_IRQHandler
                0x000000001a0001ba                CAN0_IRQHandler
                0x000000001a0001ba                GINT0_IRQHandler
                0x000000001a0001ba                DAC_IRQHandler
                0x000000001a0001ba                M0SUB_IRQHandler
                0x000000001a0001ba                GPIO0_IRQHandler
                0x000000001a0001ba                DMA_IRQHandler
                0x000000001a0001ba                EVRT_IRQHandler
                0x000000001a0001ba                UART3_IRQHandler
                0x000000001a0001ba                MCPWM_IRQHandler
                0x000000001a0001ba                M0APP_IRQHandler
                0x000000001a0001ba                GINT1_IRQHandler
                0x000000001a0001ba                GPIO4_IRQHandler
                0x00000000000002fc                . = 0x2fc
 *fill*         0x000000001a0001bc      0x140 ff
                0x000000001a0002fc                PROVIDE (__CRP_WORD_START__, .)
 *(.crp)
 .crp           0x000000001a0002fc        0x4 projects/lab2Leo/out/libs/lpc_open/lpc_startup/src/crp.o
                0x000000001a0002fc                CRP_WORD
                0x000000001a000300                PROVIDE (__CRP_WORD_END__, .)
                0x0000000000000001                ASSERT (! ((__CRP_WORD_START__ == __CRP_WORD_END__)), Linker CRP Enabled, but no CRP_WORD provided within application)
 *(.text*)
 .text.ConfigurarInterrupcion
                0x000000001a000300       0x4c projects/lab2Leo/out/projects/lab2Leo/src/configuracion.o
                0x000000001a000300                ConfigurarInterrupcion
 .text.ConfigurarPuertosLaboratorio
                0x000000001a00034c       0xa0 projects/lab2Leo/out/projects/lab2Leo/src/configuracion.o
                0x000000001a00034c                ConfigurarPuertosLaboratorio
 .text.SysTick_Handler
                0x000000001a0003ec       0x5c projects/lab2Leo/out/projects/lab2Leo/src/lab2Leo.o
                0x000000001a0003ec                SysTick_Handler
 .text.ConfigurarUART
                0x000000001a000448       0x36 projects/lab2Leo/out/projects/lab2Leo/src/lab2Leo.o
                0x000000001a000448                ConfigurarUART
 .text.UARTDisponible
                0x000000001a00047e        0x8 projects/lab2Leo/out/projects/lab2Leo/src/lab2Leo.o
                0x000000001a00047e                UARTDisponible
 .text.UARTLeerByte
                0x000000001a000486       0x26 projects/lab2Leo/out/projects/lab2Leo/src/lab2Leo.o
                0x000000001a000486                UARTLeerByte
 .text.UARTEscribirByte
                0x000000001a0004ac       0x14 projects/lab2Leo/out/projects/lab2Leo/src/lab2Leo.o
                0x000000001a0004ac                UARTEscribirByte
 .text.UARTEscribirString
                0x000000001a0004c0       0x20 projects/lab2Leo/out/projects/lab2Leo/src/lab2Leo.o
                0x000000001a0004c0                UARTEscribirString
 .text.EnviarComandoAT
                0x000000001a0004e0       0x7a projects/lab2Leo/out/projects/lab2Leo/src/lab2Leo.o
                0x000000001a0004e0                EnviarComandoAT
 *fill*         0x000000001a00055a        0x2 ff
 .text.ConfigurarMODEM
                0x000000001a00055c       0x88 projects/lab2Leo/out/projects/lab2Leo/src/lab2Leo.o
                0x000000001a00055c                ConfigurarMODEM
 .text.main     0x000000001a0005e4      0x170 projects/lab2Leo/out/projects/lab2Leo/src/lab2Leo.o
                0x000000001a0005e4                main
 .text.initialise_monitor_handles
                0x000000001a000754        0x2 projects/lab2Leo/out/libs/cmsis_core//src/armv7m_startup.o
                0x000000001a000754                initialise_monitor_handles
 *fill*         0x000000001a000756        0x2 ff
 .text.Reset_Handler
                0x000000001a000758       0x88 projects/lab2Leo/out/libs/cmsis_core//src/armv7m_startup.o
                0x000000001a000758                Reset_Handler
 .text._fini    0x000000001a0007e0        0x2 projects/lab2Leo/out/libs/cmsis_core//src/armv7m_startup.o
                0x000000001a0007e0                _fini
 .text._init    0x000000001a0007e2        0x2 projects/lab2Leo/out/libs/cmsis_core//src/armv7m_startup.o
                0x000000001a0007e2                _init
 .text.Led_On   0x000000001a0007e4       0x78 projects/lab2Leo/out/modules/drivers_bm//src/led.o
                0x000000001a0007e4                Led_On
 .text.Led_Off  0x000000001a00085c       0x78 projects/lab2Leo/out/modules/drivers_bm//src/led.o
                0x000000001a00085c                Led_Off
 .text.Led_Toggle
                0x000000001a0008d4       0x78 projects/lab2Leo/out/modules/drivers_bm//src/led.o
                0x000000001a0008d4                Led_Toggle
 .text.Board_LED_Init
                0x000000001a00094c       0x44 projects/lab2Leo/out/libs/lpc_open/boards/edu_ciaa_nxp/src/board.o
 .text.Board_TEC_Init
                0x000000001a000990       0x40 projects/lab2Leo/out/libs/lpc_open/boards/edu_ciaa_nxp/src/board.o
 .text.Board_GPIO_Init
                0x000000001a0009d0       0x40 projects/lab2Leo/out/libs/lpc_open/boards/edu_ciaa_nxp/src/board.o
 .text.Board_ADC_Init
                0x000000001a000a10       0x30 projects/lab2Leo/out/libs/lpc_open/boards/edu_ciaa_nxp/src/board.o
 .text.Board_SPI_Init
                0x000000001a000a40       0x38 projects/lab2Leo/out/libs/lpc_open/boards/edu_ciaa_nxp/src/board.o
 .text.Board_I2C_Init
                0x000000001a000a78       0x24 projects/lab2Leo/out/libs/lpc_open/boards/edu_ciaa_nxp/src/board.o
 .text.Board_Debug_Init
                0x000000001a000a9c       0x24 projects/lab2Leo/out/libs/lpc_open/boards/edu_ciaa_nxp/src/board.o
                0x000000001a000a9c                Board_Debug_Init
 .text.Board_Init
                0x000000001a000ac0       0x2c projects/lab2Leo/out/libs/lpc_open/boards/edu_ciaa_nxp/src/board.o
                0x000000001a000ac0                Board_Init
 .text.__stdio_init
                0x000000001a000aec        0x8 projects/lab2Leo/out/libs/lpc_open/boards/edu_ciaa_nxp/src/board.o
                0x000000001a000aec                __stdio_init
 .text.Board_SetupMuxing
                0x000000001a000af4       0x38 projects/lab2Leo/out/libs/lpc_open/boards/edu_ciaa_nxp/src/board_sysinit.o
                0x000000001a000af4                Board_SetupMuxing
 .text.Board_SetupClocking
                0x000000001a000b2c       0x6c projects/lab2Leo/out/libs/lpc_open/boards/edu_ciaa_nxp/src/board_sysinit.o
                0x000000001a000b2c                Board_SetupClocking
 .text.Board_SystemInit
                0x000000001a000b98        0xc projects/lab2Leo/out/libs/lpc_open/boards/edu_ciaa_nxp/src/board_sysinit.o
                0x000000001a000b98                Board_SystemInit
 .text.Chip_UART_GetIndex
                0x000000001a000ba4       0x2c projects/lab2Leo/out/libs/lpc_open/lpc_chip_43xx/src/uart_18xx_43xx.o
 .text.Chip_UART_Init
                0x000000001a000bd0       0x54 projects/lab2Leo/out/libs/lpc_open/lpc_chip_43xx/src/uart_18xx_43xx.o
                0x000000001a000bd0                Chip_UART_Init
 .text.Chip_UART_SetBaudFDR
                0x000000001a000c24       0xe8 projects/lab2Leo/out/libs/lpc_open/lpc_chip_43xx/src/uart_18xx_43xx.o
                0x000000001a000c24                Chip_UART_SetBaudFDR
 .text.Chip_ADC_GetClockIndex
                0x000000001a000d0c       0x14 projects/lab2Leo/out/libs/lpc_open/lpc_chip_43xx/src/adc_18xx_43xx.o
 .text.getClkDiv
                0x000000001a000d20       0x32 projects/lab2Leo/out/libs/lpc_open/lpc_chip_43xx/src/adc_18xx_43xx.o
 *fill*         0x000000001a000d52        0x2 ff
 .text.Chip_ADC_Init
                0x000000001a000d54       0x40 projects/lab2Leo/out/libs/lpc_open/lpc_chip_43xx/src/adc_18xx_43xx.o
                0x000000001a000d54                Chip_ADC_Init
 .text.Chip_ADC_SetSampleRate
                0x000000001a000d94       0x32 projects/lab2Leo/out/libs/lpc_open/lpc_chip_43xx/src/adc_18xx_43xx.o
                0x000000001a000d94                Chip_ADC_SetSampleRate
 .text.Chip_ADC_SetResolution
                0x000000001a000dc6        0xc projects/lab2Leo/out/libs/lpc_open/lpc_chip_43xx/src/adc_18xx_43xx.o
                0x000000001a000dc6                Chip_ADC_SetResolution
 *fill*         0x000000001a000dd2        0x2 ff
 .text.pll_calc_divs
                0x000000001a000dd4       0xa0 projects/lab2Leo/out/libs/lpc_open/lpc_chip_43xx/src/clock_18xx_43xx.o
 .text.pll_get_frac
                0x000000001a000e74      0x10c projects/lab2Leo/out/libs/lpc_open/lpc_chip_43xx/src/clock_18xx_43xx.o
 .text.Chip_Clock_FindBaseClock
                0x000000001a000f80       0x4c projects/lab2Leo/out/libs/lpc_open/lpc_chip_43xx/src/clock_18xx_43xx.o
 .text.Chip_Clock_EnableCrystal
                0x000000001a000fcc       0x4c projects/lab2Leo/out/libs/lpc_open/lpc_chip_43xx/src/clock_18xx_43xx.o
                0x000000001a000fcc                Chip_Clock_EnableCrystal
 .text.Chip_Clock_GetDividerSource
                0x000000001a001018       0x1c projects/lab2Leo/out/libs/lpc_open/lpc_chip_43xx/src/clock_18xx_43xx.o
                0x000000001a001018                Chip_Clock_GetDividerSource
 .text.Chip_Clock_GetDividerDivisor
                0x000000001a001034       0x1c projects/lab2Leo/out/libs/lpc_open/lpc_chip_43xx/src/clock_18xx_43xx.o
                0x000000001a001034                Chip_Clock_GetDividerDivisor
 .text.Chip_Clock_GetClockInputHz
                0x000000001a001050       0xb8 projects/lab2Leo/out/libs/lpc_open/lpc_chip_43xx/src/clock_18xx_43xx.o
                0x000000001a001050                Chip_Clock_GetClockInputHz
 .text.Chip_Clock_CalcMainPLLValue
                0x000000001a001108       0x80 projects/lab2Leo/out/libs/lpc_open/lpc_chip_43xx/src/clock_18xx_43xx.o
                0x000000001a001108                Chip_Clock_CalcMainPLLValue
 .text.Chip_Clock_GetMainPLLHz
                0x000000001a001188       0x6c projects/lab2Leo/out/libs/lpc_open/lpc_chip_43xx/src/clock_18xx_43xx.o
                0x000000001a001188                Chip_Clock_GetMainPLLHz
 .text.Chip_Clock_GetDivRate
                0x000000001a0011f4       0x22 projects/lab2Leo/out/libs/lpc_open/lpc_chip_43xx/src/clock_18xx_43xx.o
 *fill*         0x000000001a001216        0x2 ff
 .text.Chip_Clock_SetBaseClock
                0x000000001a001218       0x58 projects/lab2Leo/out/libs/lpc_open/lpc_chip_43xx/src/clock_18xx_43xx.o
                0x000000001a001218                Chip_Clock_SetBaseClock
 .text.Chip_Clock_GetBaseClock
                0x000000001a001270       0x26 projects/lab2Leo/out/libs/lpc_open/lpc_chip_43xx/src/clock_18xx_43xx.o
                0x000000001a001270                Chip_Clock_GetBaseClock
 .text.Chip_Clock_GetBaseClocktHz
                0x000000001a001296        0xc projects/lab2Leo/out/libs/lpc_open/lpc_chip_43xx/src/clock_18xx_43xx.o
                0x000000001a001296                Chip_Clock_GetBaseClocktHz
 *fill*         0x000000001a0012a2        0x2 ff
 .text.Chip_Clock_EnableOpts
                0x000000001a0012a4       0x3c projects/lab2Leo/out/libs/lpc_open/lpc_chip_43xx/src/clock_18xx_43xx.o
                0x000000001a0012a4                Chip_Clock_EnableOpts
 .text.Chip_Clock_Enable
                0x000000001a0012e0       0x34 projects/lab2Leo/out/libs/lpc_open/lpc_chip_43xx/src/clock_18xx_43xx.o
                0x000000001a0012e0                Chip_Clock_Enable
 .text.Chip_Clock_GetRate
                0x000000001a001314       0x4c projects/lab2Leo/out/libs/lpc_open/lpc_chip_43xx/src/clock_18xx_43xx.o
                0x000000001a001314                Chip_Clock_GetRate
 .text.SystemCoreClockUpdate
                0x000000001a001360       0x14 projects/lab2Leo/out/libs/lpc_open/lpc_chip_43xx/src/chip_18xx_43xx.o
                0x000000001a001360                SystemCoreClockUpdate
 .text.Chip_SetupCoreClock
                0x000000001a001374      0x154 projects/lab2Leo/out/libs/lpc_open/lpc_chip_43xx/src/sysinit_18xx_43xx.o
                0x000000001a001374                Chip_SetupCoreClock
 .text.Chip_GPIO_Init
                0x000000001a0014c8        0x2 projects/lab2Leo/out/libs/lpc_open/lpc_chip_43xx/src/gpio_18xx_43xx.o
                0x000000001a0014c8                Chip_GPIO_Init
 *fill*         0x000000001a0014ca        0x2 ff
 .text.Chip_SSP_GetClockIndex
                0x000000001a0014cc       0x14 projects/lab2Leo/out/libs/lpc_open/lpc_chip_43xx/src/ssp_18xx_43xx.o
 .text.Chip_SSP_GetPeriphClockIndex
                0x000000001a0014e0       0x18 projects/lab2Leo/out/libs/lpc_open/lpc_chip_43xx/src/ssp_18xx_43xx.o
 .text.Chip_SSP_SetClockRate
                0x000000001a0014f8       0x12 projects/lab2Leo/out/libs/lpc_open/lpc_chip_43xx/src/ssp_18xx_43xx.o
                0x000000001a0014f8                Chip_SSP_SetClockRate
 .text.Chip_SSP_SetBitRate
                0x000000001a00150a       0x3e projects/lab2Leo/out/libs/lpc_open/lpc_chip_43xx/src/ssp_18xx_43xx.o
                0x000000001a00150a                Chip_SSP_SetBitRate
 .text.Chip_SSP_Init
                0x000000001a001548       0x38 projects/lab2Leo/out/libs/lpc_open/lpc_chip_43xx/src/ssp_18xx_43xx.o
                0x000000001a001548                Chip_SSP_Init
 .text.Chip_I2C_EventHandler
                0x000000001a001580       0x20 projects/lab2Leo/out/libs/lpc_open/lpc_chip_43xx/src/i2c_18xx_43xx.o
                0x000000001a001580                Chip_I2C_EventHandler
 .text.Chip_I2C_Init
                0x000000001a0015a0       0x24 projects/lab2Leo/out/libs/lpc_open/lpc_chip_43xx/src/i2c_18xx_43xx.o
                0x000000001a0015a0                Chip_I2C_Init
 .text.Chip_I2C_SetClockRate
                0x000000001a0015c4       0x38 projects/lab2Leo/out/libs/lpc_open/lpc_chip_43xx/src/i2c_18xx_43xx.o
                0x000000001a0015c4                Chip_I2C_SetClockRate
 .text.SystemInit
                0x000000001a0015fc       0x40 projects/lab2Leo/out/libs/lpc_open/lpc_startup/src/sysinit.o
                0x000000001a0015fc                SystemInit
 .text          0x000000001a00163c       0x30 /usr/lib/gcc/arm-none-eabi/6.3.1/thumb/v7e-m/fpv4-sp/hard/libgcc.a(_aeabi_uldivmod.o)
                0x000000001a00163c                __aeabi_uldivmod
 .text          0x000000001a00166c      0x2dc /usr/lib/gcc/arm-none-eabi/6.3.1/thumb/v7e-m/fpv4-sp/hard/libgcc.a(_udivmoddi4.o)
                0x000000001a00166c                __udivmoddi4
 .text          0x000000001a001948        0x4 /usr/lib/gcc/arm-none-eabi/6.3.1/thumb/v7e-m/fpv4-sp/hard/libgcc.a(_dvmd_tls.o)
                0x000000001a001948                __aeabi_ldiv0
                0x000000001a001948                __aeabi_idiv0
 .text          0x000000001a00194c       0x50 /usr/lib/gcc/arm-none-eabi/6.3.1/../../../arm-none-eabi/lib/thumb/v7e-m/fpv4-sp/hard/libc_nano.a(lib_a-init.o)
                0x000000001a00194c                __libc_init_array
 .text          0x000000001a00199c       0x9c /usr/lib/gcc/arm-none-eabi/6.3.1/../../../arm-none-eabi/lib/thumb/v7e-m/fpv4-sp/hard/libc_nano.a(lib_a-memset.o)
                0x000000001a00199c                memset
 *fill*         0x000000001a001a38        0x8 ff
 .text          0x000000001a001a40       0xdc /usr/lib/gcc/arm-none-eabi/6.3.1/../../../arm-none-eabi/lib/thumb/v7e-m/fpv4-sp/hard/libc_nano.a(lib_a-strlen.o)
                0x000000001a001a40                strlen
 *(.rodata .rodata.* .constdata .constdata.*)
 .rodata.ConfigurarMODEM.str1.4
                0x000000001a001b1c       0x77 projects/lab2Leo/out/projects/lab2Leo/src/lab2Leo.o
 *fill*         0x000000001a001b93        0x1 ff
 .rodata.main.str1.4
                0x000000001a001b94       0x50 projects/lab2Leo/out/projects/lab2Leo/src/lab2Leo.o
 .rodata.ExtRateIn
                0x000000001a001be4        0x4 projects/lab2Leo/out/libs/lpc_open/boards/edu_ciaa_nxp/src/board.o
                0x000000001a001be4                ExtRateIn
 .rodata.GpioButtons
                0x000000001a001be8        0x8 projects/lab2Leo/out/libs/lpc_open/boards/edu_ciaa_nxp/src/board.o
 .rodata.GpioLeds
                0x000000001a001bf0        0xc projects/lab2Leo/out/libs/lpc_open/boards/edu_ciaa_nxp/src/board.o
 .rodata.GpioPorts
                0x000000001a001bfc       0x12 projects/lab2Leo/out/libs/lpc_open/boards/edu_ciaa_nxp/src/board.o
 *fill*         0x000000001a001c0e        0x2 ff
 .rodata.OscRateIn
                0x000000001a001c10        0x4 projects/lab2Leo/out/libs/lpc_open/boards/edu_ciaa_nxp/src/board.o
                0x000000001a001c10                OscRateIn
 .rodata.InitClkStates
                0x000000001a001c14        0x4 projects/lab2Leo/out/libs/lpc_open/boards/edu_ciaa_nxp/src/board_sysinit.o
 .rodata.pinmuxing
                0x000000001a001c18       0x74 projects/lab2Leo/out/libs/lpc_open/boards/edu_ciaa_nxp/src/board_sysinit.o
 .rodata.UART_BClock
                0x000000001a001c8c        0x8 projects/lab2Leo/out/libs/lpc_open/lpc_chip_43xx/src/uart_18xx_43xx.o
 .rodata.UART_PClock
                0x000000001a001c94        0x8 projects/lab2Leo/out/libs/lpc_open/lpc_chip_43xx/src/uart_18xx_43xx.o
 .rodata        0x000000001a001c9c        0x4 projects/lab2Leo/out/libs/lpc_open/lpc_chip_43xx/src/clock_18xx_43xx.o
 .rodata.Chip_Clock_SetDivider.str1.4
                0x000000001a001ca0        0x8 projects/lab2Leo/out/libs/lpc_open/lpc_chip_43xx/src/clock_18xx_43xx.o
                                          0x6 (size before relaxing)
 .rodata.periph_to_base
                0x000000001a001ca8       0x6c projects/lab2Leo/out/libs/lpc_open/lpc_chip_43xx/src/clock_18xx_43xx.o
 .rodata.InitClkStates
                0x000000001a001d14       0x48 projects/lab2Leo/out/libs/lpc_open/lpc_chip_43xx/src/sysinit_18xx_43xx.o
                0x000000001a001d5c                . = ALIGN (0x4)

.glue_7         0x000000001a001d5c        0x0
 .glue_7        0x000000001a001d5c        0x0 linker stubs

.glue_7t        0x000000001a001d5c        0x0
 .glue_7t       0x000000001a001d5c        0x0 linker stubs

.vfp11_veneer   0x000000001a001d5c        0x0
 .vfp11_veneer  0x000000001a001d5c        0x0 linker stubs

.v4_bx          0x000000001a001d5c        0x0
 .v4_bx         0x000000001a001d5c        0x0 linker stubs

.iplt           0x000000001a001d5c        0x0
 .iplt          0x000000001a001d5c        0x0 projects/lab2Leo/out/projects/lab2Leo/src/configuracion.o
                0x000000001a001d5c                . = ALIGN (0x4)

.preinit_array  0x000000001a001d5c        0x0
                0x000000001a001d5c                PROVIDE (__preinit_array_start, .)
 *(.preinit_array*)
                0x000000001a001d5c                PROVIDE (__preinit_array_end, .)

.init_array     0x000000001a001d5c        0x4
                0x000000001a001d5c                PROVIDE (__init_array_start, .)
 *(SORT(.init_array.*))
 *(.init_array*)
 .init_array    0x000000001a001d5c        0x4 projects/lab2Leo/out/libs/sys_newlib//src/system.o
                0x000000001a001d60                PROVIDE (__init_array_end, .)
                0x000000001a001d60                . = ALIGN (0x4)

.ARM.extab
 *(.ARM.extab* .gnu.linkonce.armextab.*)
                0x000000001a001d60                __exidx_start = .

.ARM.exidx      0x000000001a001d60        0x8
 *(.ARM.exidx* .gnu.linkonce.armexidx.*)
 .ARM.exidx     0x000000001a001d60        0x8 /usr/lib/gcc/arm-none-eabi/6.3.1/thumb/v7e-m/fpv4-sp/hard/libgcc.a(_udivmoddi4.o)
                0x000000001a001d68                __exidx_end = .
                0x000000001a001d68                _etext = .

.rel.dyn        0x000000001a001d68        0x0
 .rel.iplt      0x000000001a001d68        0x0 projects/lab2Leo/out/projects/lab2Leo/src/configuracion.o

.data_RAM2      0x0000000010080000        0x0 load address 0x000000001a001d68
 FILL mask 0xff
 *(.ramfunc.$RAM2)
 *(.ramfunc.$RamLoc40)
 *(.data.$RAM2*)
 *(.data.$RamLoc40*)
                0x0000000010080000                . = ALIGN (0x4)

.data_RAM3      0x0000000020000000        0x0 load address 0x000000001a001d68
 FILL mask 0xff
 *(.ramfunc.$RAM3)
 *(.ramfunc.$RamAHB32)
 *(.data.$RAM3*)
 *(.data.$RamAHB32*)
                0x0000000020000000                . = ALIGN (0x4)

.data_RAM4      0x0000000020008000        0x0 load address 0x000000001a001d68
 FILL mask 0xff
 *(.ramfunc.$RAM4)
 *(.ramfunc.$RamAHB16)
 *(.data.$RAM4*)
 *(.data.$RamAHB16*)
                0x0000000020008000                . = ALIGN (0x4)

.data_RAM5      0x000000002000c000        0x0 load address 0x000000001a001d68
 FILL mask 0xff
 *(.ramfunc.$RAM5)
 *(.ramfunc.$RamAHB_ETB16)
 *(.data.$RAM5*)
 *(.data.$RamAHB_ETB16*)
                0x000000002000c000                . = ALIGN (0x4)

.uninit_RESERVED
                0x0000000010000000        0x0
 *(.bss.$RESERVED*)
                0x0000000010000000                . = ALIGN (0x4)
                0x0000000010000000                _end_uninit_RESERVED = .

.data           0x0000000010000000       0x38 load address 0x000000001a001d68
 FILL mask 0xff
                0x0000000010000000                _data = .
 *(vtable)
 *(.ramfunc*)
 *(.data*)
 .data.i2c      0x0000000010000000       0x38 projects/lab2Leo/out/libs/lpc_open/lpc_chip_43xx/src/i2c_18xx_43xx.o
                0x0000000010000038                . = ALIGN (0x4)
                0x0000000010000038                _edata = .

.igot.plt       0x0000000010000038        0x0 load address 0x000000001a001da0
 .igot.plt      0x0000000010000038        0x0 projects/lab2Leo/out/projects/lab2Leo/src/configuracion.o

.bss_RAM2       0x0000000010080000        0x0
 *(.bss.$RAM2*)
 *(.bss.$RamLoc40*)
                0x0000000010080000                . = ALIGN (0x4)

.bss_RAM3       0x0000000020000000        0x0
 *(.bss.$RAM3*)
 *(.bss.$RamAHB32*)
                0x0000000020000000                . = ALIGN (0x4)

.bss_RAM4       0x0000000020008000        0x0
 *(.bss.$RAM4*)
 *(.bss.$RamAHB16*)
                0x0000000020008000                . = ALIGN (0x4)

.bss_RAM5       0x000000002000c000        0x0
 *(.bss.$RAM5*)
 *(.bss.$RamAHB_ETB16*)
                0x000000002000c000                . = ALIGN (0x4)

.bss            0x0000000010000038       0x14
                0x0000000010000038                _bss = .
 *(.bss*)
 .bss.actualizar
                0x0000000010000038        0x1 projects/lab2Leo/out/projects/lab2Leo/src/lab2Leo.o
 *fill*         0x0000000010000039        0x3 
 .bss.contador.11021
                0x000000001000003c        0x4 projects/lab2Leo/out/projects/lab2Leo/src/lab2Leo.o
 .bss.audio_usb_pll_freq
                0x0000000010000040        0x8 projects/lab2Leo/out/libs/lpc_open/lpc_chip_43xx/src/clock_18xx_43xx.o
 *(COMMON)
 COMMON         0x0000000010000048        0x4 projects/lab2Leo/out/libs/lpc_open/lpc_chip_43xx/src/chip_18xx_43xx.o
                0x0000000010000048                SystemCoreClock
                0x000000001000004c                . = ALIGN (0x4)
                0x000000001000004c                _ebss = .
                [!provide]                        PROVIDE (end, .)

.noinit_RAM2    0x0000000010080000        0x0
 *(.noinit.$RAM2*)
 *(.noinit.$RamLoc40*)
                0x0000000010080000                . = ALIGN (0x4)

.noinit_RAM3    0x0000000020000000        0x0
 *(.noinit.$RAM3*)
 *(.noinit.$RamAHB32*)
                0x0000000020000000                . = ALIGN (0x4)

.noinit_RAM4    0x0000000020008000        0x0
 *(.noinit.$RAM4*)
 *(.noinit.$RamAHB16*)
                0x0000000020008000                . = ALIGN (0x4)

.noinit_RAM5    0x000000002000c000        0x0
 *(.noinit.$RAM5*)
 *(.noinit.$RamAHB_ETB16*)
                0x000000002000c000                . = ALIGN (0x4)

.noinit         0x000000001000004c        0x0
                0x000000001000004c                _noinit = .
 *(.noinit*)
                0x000000001000004c                . = ALIGN (0x4)
                0x000000001000004c                _end_noinit = .
                0x000000001000004c                PROVIDE (_pvHeapStart, .)
                0x0000000010008000                PROVIDE (_vStackTop, (__top_RamLoc32 - 0x0))
                0xffffffff53ff7136                PROVIDE (__valid_user_code_checksum, (0x0 - ((((((_vStackTop + (Reset_Handler + 0x1)) + (NMI_Handler + 0x1)) + (HardFault_Handler + 0x1)) + (DEFINED (MemManage_Handler)?MemManage_Handler:0x0 + 0x1)) + (DEFINED (BusFault_Handler)?BusFault_Handler:0x0 + 0x1)) + (DEFINED (UsageFault_Handler)?UsageFault_Handler:0x0 + 0x1))))
OUTPUT(projects/lab2Leo/out/lab2Leo.elf elf32-littlearm)

.debug_info     0x0000000000000000    0x11bfa
 .debug_info    0x0000000000000000     0x1003 projects/lab2Leo/out/projects/lab2Leo/src/configuracion.o
 .debug_info    0x0000000000001003     0x1540 projects/lab2Leo/out/projects/lab2Leo/src/lab2Leo.o
 .debug_info    0x0000000000002543      0x308 projects/lab2Leo/out/libs/cmsis_core//src/armv7m_startup.o
 .debug_info    0x000000000000284b      0xf34 projects/lab2Leo/out/libs/sys_newlib//src/system.o
 .debug_info    0x000000000000377f      0xd0f projects/lab2Leo/out/modules/drivers_bm//src/led.o
 .debug_info    0x000000000000448e     0x210c projects/lab2Leo/out/libs/lpc_open/boards/edu_ciaa_nxp/src/board.o
 .debug_info    0x000000000000659a     0x14ab projects/lab2Leo/out/libs/lpc_open/boards/edu_ciaa_nxp/src/board_sysinit.o
 .debug_info    0x0000000000007a45     0x164c projects/lab2Leo/out/libs/lpc_open/lpc_chip_43xx/src/uart_18xx_43xx.o
 .debug_info    0x0000000000009091      0xaed projects/lab2Leo/out/libs/lpc_open/lpc_chip_43xx/src/adc_18xx_43xx.o
 .debug_info    0x0000000000009b7e     0x18e4 projects/lab2Leo/out/libs/lpc_open/lpc_chip_43xx/src/clock_18xx_43xx.o
 .debug_info    0x000000000000b462      0xc3b projects/lab2Leo/out/libs/lpc_open/lpc_chip_43xx/src/chip_18xx_43xx.o
 .debug_info    0x000000000000c09d      0xaae projects/lab2Leo/out/libs/lpc_open/lpc_chip_43xx/src/sysinit_18xx_43xx.o
 .debug_info    0x000000000000cb4b      0x220 projects/lab2Leo/out/libs/lpc_open/lpc_chip_43xx/src/gpio_18xx_43xx.o
 .debug_info    0x000000000000cd6b     0x1605 projects/lab2Leo/out/libs/lpc_open/lpc_chip_43xx/src/ssp_18xx_43xx.o
 .debug_info    0x000000000000e370     0x1361 projects/lab2Leo/out/libs/lpc_open/lpc_chip_43xx/src/i2c_18xx_43xx.o
 .debug_info    0x000000000000f6d1       0x3f projects/lab2Leo/out/libs/lpc_open/lpc_startup/src/crp.o
 .debug_info    0x000000000000f710      0xbaa projects/lab2Leo/out/libs/lpc_open/lpc_startup/src/sysinit.o
 .debug_info    0x00000000000102ba       0x74 projects/lab2Leo/out/libs/lpc_open/lpc_startup/src/vendor_interrupt.o
 .debug_info    0x000000000001032e       0xcf /usr/lib/gcc/arm-none-eabi/6.3.1/thumb/v7e-m/fpv4-sp/hard/libgcc.a(_aeabi_uldivmod.o)
 .debug_info    0x00000000000103fd      0xc24 /usr/lib/gcc/arm-none-eabi/6.3.1/thumb/v7e-m/fpv4-sp/hard/libgcc.a(_udivmoddi4.o)
 .debug_info    0x0000000000011021       0xd3 /usr/lib/gcc/arm-none-eabi/6.3.1/thumb/v7e-m/fpv4-sp/hard/libgcc.a(_dvmd_tls.o)
 .debug_info    0x00000000000110f4      0x110 /usr/lib/gcc/arm-none-eabi/6.3.1/../../../arm-none-eabi/lib/thumb/v7e-m/fpv4-sp/hard/libc_nano.a(lib_a-init.o)
 .debug_info    0x0000000000011204      0x916 /usr/lib/gcc/arm-none-eabi/6.3.1/../../../arm-none-eabi/lib/thumb/v7e-m/fpv4-sp/hard/libc_nano.a(lib_a-memset.o)
 .debug_info    0x0000000000011b1a       0xe0 /usr/lib/gcc/arm-none-eabi/6.3.1/../../../arm-none-eabi/lib/thumb/v7e-m/fpv4-sp/hard/libc_nano.a(lib_a-strlen.o)

.debug_abbrev   0x0000000000000000     0x2d37
 .debug_abbrev  0x0000000000000000      0x225 projects/lab2Leo/out/projects/lab2Leo/src/configuracion.o
 .debug_abbrev  0x0000000000000225      0x2d1 projects/lab2Leo/out/projects/lab2Leo/src/lab2Leo.o
 .debug_abbrev  0x00000000000004f6      0x10d projects/lab2Leo/out/libs/cmsis_core//src/armv7m_startup.o
 .debug_abbrev  0x0000000000000603      0x2b7 projects/lab2Leo/out/libs/sys_newlib//src/system.o
 .debug_abbrev  0x00000000000008ba      0x1f8 projects/lab2Leo/out/modules/drivers_bm//src/led.o
 .debug_abbrev  0x0000000000000ab2      0x46f projects/lab2Leo/out/libs/lpc_open/boards/edu_ciaa_nxp/src/board.o
 .debug_abbrev  0x0000000000000f21      0x2eb projects/lab2Leo/out/libs/lpc_open/boards/edu_ciaa_nxp/src/board_sysinit.o
 .debug_abbrev  0x000000000000120c      0x3b3 projects/lab2Leo/out/libs/lpc_open/lpc_chip_43xx/src/uart_18xx_43xx.o
 .debug_abbrev  0x00000000000015bf      0x1f5 projects/lab2Leo/out/libs/lpc_open/lpc_chip_43xx/src/adc_18xx_43xx.o
 .debug_abbrev  0x00000000000017b4      0x36f projects/lab2Leo/out/libs/lpc_open/lpc_chip_43xx/src/clock_18xx_43xx.o
 .debug_abbrev  0x0000000000001b23      0x1bf projects/lab2Leo/out/libs/lpc_open/lpc_chip_43xx/src/chip_18xx_43xx.o
 .debug_abbrev  0x0000000000001ce2      0x1ff projects/lab2Leo/out/libs/lpc_open/lpc_chip_43xx/src/sysinit_18xx_43xx.o
 .debug_abbrev  0x0000000000001ee1      0x100 projects/lab2Leo/out/libs/lpc_open/lpc_chip_43xx/src/gpio_18xx_43xx.o
 .debug_abbrev  0x0000000000001fe1      0x33d projects/lab2Leo/out/libs/lpc_open/lpc_chip_43xx/src/ssp_18xx_43xx.o
 .debug_abbrev  0x000000000000231e      0x340 projects/lab2Leo/out/libs/lpc_open/lpc_chip_43xx/src/i2c_18xx_43xx.o
 .debug_abbrev  0x000000000000265e       0x36 projects/lab2Leo/out/libs/lpc_open/lpc_startup/src/crp.o
 .debug_abbrev  0x0000000000002694      0x216 projects/lab2Leo/out/libs/lpc_open/lpc_startup/src/sysinit.o
 .debug_abbrev  0x00000000000028aa       0x74 projects/lab2Leo/out/libs/lpc_open/lpc_startup/src/vendor_interrupt.o
 .debug_abbrev  0x000000000000291e       0x14 /usr/lib/gcc/arm-none-eabi/6.3.1/thumb/v7e-m/fpv4-sp/hard/libgcc.a(_aeabi_uldivmod.o)
 .debug_abbrev  0x0000000000002932      0x18c /usr/lib/gcc/arm-none-eabi/6.3.1/thumb/v7e-m/fpv4-sp/hard/libgcc.a(_udivmoddi4.o)
 .debug_abbrev  0x0000000000002abe       0x14 /usr/lib/gcc/arm-none-eabi/6.3.1/thumb/v7e-m/fpv4-sp/hard/libgcc.a(_dvmd_tls.o)
 .debug_abbrev  0x0000000000002ad2       0xba /usr/lib/gcc/arm-none-eabi/6.3.1/../../../arm-none-eabi/lib/thumb/v7e-m/fpv4-sp/hard/libc_nano.a(lib_a-init.o)
 .debug_abbrev  0x0000000000002b8c      0x197 /usr/lib/gcc/arm-none-eabi/6.3.1/../../../arm-none-eabi/lib/thumb/v7e-m/fpv4-sp/hard/libc_nano.a(lib_a-memset.o)
 .debug_abbrev  0x0000000000002d23       0x14 /usr/lib/gcc/arm-none-eabi/6.3.1/../../../arm-none-eabi/lib/thumb/v7e-m/fpv4-sp/hard/libc_nano.a(lib_a-strlen.o)

.debug_loc      0x0000000000000000     0x7406
 .debug_loc     0x0000000000000000      0x6c3 projects/lab2Leo/out/projects/lab2Leo/src/configuracion.o
 .debug_loc     0x00000000000006c3      0x2c8 projects/lab2Leo/out/projects/lab2Leo/src/lab2Leo.o
 .debug_loc     0x000000000000098b      0x206 projects/lab2Leo/out/libs/cmsis_core//src/armv7m_startup.o
 .debug_loc     0x0000000000000b91      0x586 projects/lab2Leo/out/libs/sys_newlib//src/system.o
 .debug_loc     0x0000000000001117      0xab8 projects/lab2Leo/out/modules/drivers_bm//src/led.o
 .debug_loc     0x0000000000001bcf      0x5b0 projects/lab2Leo/out/libs/lpc_open/boards/edu_ciaa_nxp/src/board.o
 .debug_loc     0x000000000000217f       0xf5 projects/lab2Leo/out/libs/lpc_open/boards/edu_ciaa_nxp/src/board_sysinit.o
 .debug_loc     0x0000000000002274      0xd25 projects/lab2Leo/out/libs/lpc_open/lpc_chip_43xx/src/uart_18xx_43xx.o
 .debug_loc     0x0000000000002f99      0x673 projects/lab2Leo/out/libs/lpc_open/lpc_chip_43xx/src/adc_18xx_43xx.o
 .debug_loc     0x000000000000360c     0x1295 projects/lab2Leo/out/libs/lpc_open/lpc_chip_43xx/src/clock_18xx_43xx.o
 .debug_loc     0x00000000000048a1      0x1b5 projects/lab2Leo/out/libs/lpc_open/lpc_chip_43xx/src/sysinit_18xx_43xx.o
 .debug_loc     0x0000000000004a56      0xd79 projects/lab2Leo/out/libs/lpc_open/lpc_chip_43xx/src/ssp_18xx_43xx.o
 .debug_loc     0x00000000000057cf      0xc42 projects/lab2Leo/out/libs/lpc_open/lpc_chip_43xx/src/i2c_18xx_43xx.o
 .debug_loc     0x0000000000006411       0x13 projects/lab2Leo/out/libs/lpc_open/lpc_startup/src/sysinit.o
 .debug_loc     0x0000000000006424      0xd77 /usr/lib/gcc/arm-none-eabi/6.3.1/thumb/v7e-m/fpv4-sp/hard/libgcc.a(_udivmoddi4.o)
 .debug_loc     0x000000000000719b       0xae /usr/lib/gcc/arm-none-eabi/6.3.1/../../../arm-none-eabi/lib/thumb/v7e-m/fpv4-sp/hard/libc_nano.a(lib_a-init.o)
 .debug_loc     0x0000000000007249      0x1bd /usr/lib/gcc/arm-none-eabi/6.3.1/../../../arm-none-eabi/lib/thumb/v7e-m/fpv4-sp/hard/libc_nano.a(lib_a-memset.o)

.debug_aranges  0x0000000000000000      0x8a8
 .debug_aranges
                0x0000000000000000       0x28 projects/lab2Leo/out/projects/lab2Leo/src/configuracion.o
 .debug_aranges
                0x0000000000000028       0x60 projects/lab2Leo/out/projects/lab2Leo/src/lab2Leo.o
 .debug_aranges
                0x0000000000000088       0x90 projects/lab2Leo/out/libs/cmsis_core//src/armv7m_startup.o
 .debug_aranges
                0x0000000000000118       0xe0 projects/lab2Leo/out/libs/sys_newlib//src/system.o
 .debug_aranges
                0x00000000000001f8       0x38 projects/lab2Leo/out/modules/drivers_bm//src/led.o
 .debug_aranges
                0x0000000000000230       0xc0 projects/lab2Leo/out/libs/lpc_open/boards/edu_ciaa_nxp/src/board.o
 .debug_aranges
                0x00000000000002f0       0x30 projects/lab2Leo/out/libs/lpc_open/boards/edu_ciaa_nxp/src/board_sysinit.o
 .debug_aranges
                0x0000000000000320       0xa8 projects/lab2Leo/out/libs/lpc_open/lpc_chip_43xx/src/uart_18xx_43xx.o
 .debug_aranges
                0x00000000000003c8       0x90 projects/lab2Leo/out/libs/lpc_open/lpc_chip_43xx/src/adc_18xx_43xx.o
 .debug_aranges
                0x0000000000000458      0x128 projects/lab2Leo/out/libs/lpc_open/lpc_chip_43xx/src/clock_18xx_43xx.o
 .debug_aranges
                0x0000000000000580       0x38 projects/lab2Leo/out/libs/lpc_open/lpc_chip_43xx/src/chip_18xx_43xx.o
 .debug_aranges
                0x00000000000005b8       0x38 projects/lab2Leo/out/libs/lpc_open/lpc_chip_43xx/src/sysinit_18xx_43xx.o
 .debug_aranges
                0x00000000000005f0       0x28 projects/lab2Leo/out/libs/lpc_open/lpc_chip_43xx/src/gpio_18xx_43xx.o
 .debug_aranges
                0x0000000000000618       0xa0 projects/lab2Leo/out/libs/lpc_open/lpc_chip_43xx/src/ssp_18xx_43xx.o
 .debug_aranges
                0x00000000000006b8       0xd8 projects/lab2Leo/out/libs/lpc_open/lpc_chip_43xx/src/i2c_18xx_43xx.o
 .debug_aranges
                0x0000000000000790       0x18 projects/lab2Leo/out/libs/lpc_open/lpc_startup/src/crp.o
 .debug_aranges
                0x00000000000007a8       0x20 projects/lab2Leo/out/libs/lpc_open/lpc_startup/src/sysinit.o
 .debug_aranges
                0x00000000000007c8       0x20 projects/lab2Leo/out/libs/lpc_open/lpc_startup/src/vendor_interrupt.o
 .debug_aranges
                0x00000000000007e8       0x20 /usr/lib/gcc/arm-none-eabi/6.3.1/thumb/v7e-m/fpv4-sp/hard/libgcc.a(_aeabi_uldivmod.o)
 .debug_aranges
                0x0000000000000808       0x20 /usr/lib/gcc/arm-none-eabi/6.3.1/thumb/v7e-m/fpv4-sp/hard/libgcc.a(_udivmoddi4.o)
 .debug_aranges
                0x0000000000000828       0x20 /usr/lib/gcc/arm-none-eabi/6.3.1/thumb/v7e-m/fpv4-sp/hard/libgcc.a(_dvmd_tls.o)
 .debug_aranges
                0x0000000000000848       0x20 /usr/lib/gcc/arm-none-eabi/6.3.1/../../../arm-none-eabi/lib/thumb/v7e-m/fpv4-sp/hard/libc_nano.a(lib_a-init.o)
 .debug_aranges
                0x0000000000000868       0x20 /usr/lib/gcc/arm-none-eabi/6.3.1/../../../arm-none-eabi/lib/thumb/v7e-m/fpv4-sp/hard/libc_nano.a(lib_a-memset.o)
 .debug_aranges
                0x0000000000000888       0x20 /usr/lib/gcc/arm-none-eabi/6.3.1/../../../arm-none-eabi/lib/thumb/v7e-m/fpv4-sp/hard/libc_nano.a(lib_a-strlen.o)

.debug_ranges   0x0000000000000000      0x8e0
 .debug_ranges  0x0000000000000000       0x18 projects/lab2Leo/out/projects/lab2Leo/src/configuracion.o
 .debug_ranges  0x0000000000000018       0x50 projects/lab2Leo/out/projects/lab2Leo/src/lab2Leo.o
 .debug_ranges  0x0000000000000068       0x80 projects/lab2Leo/out/libs/cmsis_core//src/armv7m_startup.o
 .debug_ranges  0x00000000000000e8       0xd0 projects/lab2Leo/out/libs/sys_newlib//src/system.o
 .debug_ranges  0x00000000000001b8       0x28 projects/lab2Leo/out/modules/drivers_bm//src/led.o
 .debug_ranges  0x00000000000001e0       0xf8 projects/lab2Leo/out/libs/lpc_open/boards/edu_ciaa_nxp/src/board.o
 .debug_ranges  0x00000000000002d8       0x50 projects/lab2Leo/out/libs/lpc_open/boards/edu_ciaa_nxp/src/board_sysinit.o
 .debug_ranges  0x0000000000000328       0xb0 projects/lab2Leo/out/libs/lpc_open/lpc_chip_43xx/src/uart_18xx_43xx.o
 .debug_ranges  0x00000000000003d8       0x80 projects/lab2Leo/out/libs/lpc_open/lpc_chip_43xx/src/adc_18xx_43xx.o
 .debug_ranges  0x0000000000000458      0x190 projects/lab2Leo/out/libs/lpc_open/lpc_chip_43xx/src/clock_18xx_43xx.o
 .debug_ranges  0x00000000000005e8       0x28 projects/lab2Leo/out/libs/lpc_open/lpc_chip_43xx/src/chip_18xx_43xx.o
 .debug_ranges  0x0000000000000610       0x28 projects/lab2Leo/out/libs/lpc_open/lpc_chip_43xx/src/sysinit_18xx_43xx.o
 .debug_ranges  0x0000000000000638       0x18 projects/lab2Leo/out/libs/lpc_open/lpc_chip_43xx/src/gpio_18xx_43xx.o
 .debug_ranges  0x0000000000000650       0xc0 projects/lab2Leo/out/libs/lpc_open/lpc_chip_43xx/src/ssp_18xx_43xx.o
 .debug_ranges  0x0000000000000710       0xc8 projects/lab2Leo/out/libs/lpc_open/lpc_chip_43xx/src/i2c_18xx_43xx.o
 .debug_ranges  0x00000000000007d8       0x28 projects/lab2Leo/out/libs/lpc_open/lpc_startup/src/sysinit.o
 .debug_ranges  0x0000000000000800       0x10 projects/lab2Leo/out/libs/lpc_open/lpc_startup/src/vendor_interrupt.o
 .debug_ranges  0x0000000000000810       0xd0 /usr/lib/gcc/arm-none-eabi/6.3.1/thumb/v7e-m/fpv4-sp/hard/libgcc.a(_udivmoddi4.o)

.debug_macro    0x0000000000000000     0x91df
 .debug_macro   0x0000000000000000      0x325 projects/lab2Leo/out/projects/lab2Leo/src/configuracion.o
 .debug_macro   0x0000000000000325      0x8c8 projects/lab2Leo/out/projects/lab2Leo/src/configuracion.o
 .debug_macro   0x0000000000000bed       0x10 projects/lab2Leo/out/projects/lab2Leo/src/configuracion.o
 .debug_macro   0x0000000000000bfd       0x22 projects/lab2Leo/out/projects/lab2Leo/src/configuracion.o
 .debug_macro   0x0000000000000c1f       0x4f projects/lab2Leo/out/projects/lab2Leo/src/configuracion.o
 .debug_macro   0x0000000000000c6e       0x44 projects/lab2Leo/out/projects/lab2Leo/src/configuracion.o
 .debug_macro   0x0000000000000cb2       0xfd projects/lab2Leo/out/projects/lab2Leo/src/configuracion.o
 .debug_macro   0x0000000000000daf       0x5e projects/lab2Leo/out/projects/lab2Leo/src/configuracion.o
 .debug_macro   0x0000000000000e0d      0x1df projects/lab2Leo/out/projects/lab2Leo/src/configuracion.o
 .debug_macro   0x0000000000000fec       0x22 projects/lab2Leo/out/projects/lab2Leo/src/configuracion.o
 .debug_macro   0x000000000000100e       0x73 projects/lab2Leo/out/projects/lab2Leo/src/configuracion.o
 .debug_macro   0x0000000000001081       0x22 projects/lab2Leo/out/projects/lab2Leo/src/configuracion.o
 .debug_macro   0x00000000000010a3       0x1c projects/lab2Leo/out/projects/lab2Leo/src/configuracion.o
 .debug_macro   0x00000000000010bf       0x22 projects/lab2Leo/out/projects/lab2Leo/src/configuracion.o
 .debug_macro   0x00000000000010e1       0xdf projects/lab2Leo/out/projects/lab2Leo/src/configuracion.o
 .debug_macro   0x00000000000011c0     0x102d projects/lab2Leo/out/projects/lab2Leo/src/configuracion.o
 .debug_macro   0x00000000000021ed      0x11f projects/lab2Leo/out/projects/lab2Leo/src/configuracion.o
 .debug_macro   0x000000000000230c      0x2c3 projects/lab2Leo/out/projects/lab2Leo/src/configuracion.o
 .debug_macro   0x00000000000025cf      0x112 projects/lab2Leo/out/projects/lab2Leo/src/configuracion.o
 .debug_macro   0x00000000000026e1       0x11 projects/lab2Leo/out/projects/lab2Leo/src/configuracion.o
 .debug_macro   0x00000000000026f2       0x2a projects/lab2Leo/out/projects/lab2Leo/src/configuracion.o
 .debug_macro   0x000000000000271c       0x16 projects/lab2Leo/out/projects/lab2Leo/src/configuracion.o
 .debug_macro   0x0000000000002732      0x2e6 projects/lab2Leo/out/projects/lab2Leo/src/configuracion.o
 .debug_macro   0x0000000000002a18       0x82 projects/lab2Leo/out/projects/lab2Leo/src/configuracion.o
 .debug_macro   0x0000000000002a9a      0x13d projects/lab2Leo/out/projects/lab2Leo/src/configuracion.o
 .debug_macro   0x0000000000002bd7      0x198 projects/lab2Leo/out/projects/lab2Leo/src/configuracion.o
 .debug_macro   0x0000000000002d6f       0x34 projects/lab2Leo/out/projects/lab2Leo/src/configuracion.o
 .debug_macro   0x0000000000002da3       0x58 projects/lab2Leo/out/projects/lab2Leo/src/configuracion.o
 .debug_macro   0x0000000000002dfb      0x236 projects/lab2Leo/out/projects/lab2Leo/src/configuracion.o
 .debug_macro   0x0000000000003031      0x572 projects/lab2Leo/out/projects/lab2Leo/src/configuracion.o
 .debug_macro   0x00000000000035a3       0x16 projects/lab2Leo/out/projects/lab2Leo/src/configuracion.o
 .debug_macro   0x00000000000035b9      0x18a projects/lab2Leo/out/projects/lab2Leo/src/configuracion.o
 .debug_macro   0x0000000000003743       0x88 projects/lab2Leo/out/projects/lab2Leo/src/configuracion.o
 .debug_macro   0x00000000000037cb      0x1b9 projects/lab2Leo/out/projects/lab2Leo/src/configuracion.o
 .debug_macro   0x0000000000003984      0x1da projects/lab2Leo/out/projects/lab2Leo/src/configuracion.o
 .debug_macro   0x0000000000003b5e       0x40 projects/lab2Leo/out/projects/lab2Leo/src/configuracion.o
 .debug_macro   0x0000000000003b9e       0x1c projects/lab2Leo/out/projects/lab2Leo/src/configuracion.o
 .debug_macro   0x0000000000003bba       0x2e projects/lab2Leo/out/projects/lab2Leo/src/configuracion.o
 .debug_macro   0x0000000000003be8       0x2e projects/lab2Leo/out/projects/lab2Leo/src/configuracion.o
 .debug_macro   0x0000000000003c16       0x22 projects/lab2Leo/out/projects/lab2Leo/src/configuracion.o
 .debug_macro   0x0000000000003c38      0x201 projects/lab2Leo/out/projects/lab2Leo/src/configuracion.o
 .debug_macro   0x0000000000003e39       0xe0 projects/lab2Leo/out/projects/lab2Leo/src/configuracion.o
 .debug_macro   0x0000000000003f19      0x34c projects/lab2Leo/out/projects/lab2Leo/src/configuracion.o
 .debug_macro   0x0000000000004265       0xdc projects/lab2Leo/out/projects/lab2Leo/src/configuracion.o
 .debug_macro   0x0000000000004341       0xc4 projects/lab2Leo/out/projects/lab2Leo/src/configuracion.o
 .debug_macro   0x0000000000004405       0x8f projects/lab2Leo/out/projects/lab2Leo/src/configuracion.o
 .debug_macro   0x0000000000004494       0x94 projects/lab2Leo/out/projects/lab2Leo/src/configuracion.o
 .debug_macro   0x0000000000004528       0xb8 projects/lab2Leo/out/projects/lab2Leo/src/configuracion.o
 .debug_macro   0x00000000000045e0       0x4c projects/lab2Leo/out/projects/lab2Leo/src/configuracion.o
 .debug_macro   0x000000000000462c       0x16 projects/lab2Leo/out/projects/lab2Leo/src/configuracion.o
 .debug_macro   0x0000000000004642      0x328 projects/lab2Leo/out/projects/lab2Leo/src/configuracion.o
 .debug_macro   0x000000000000496a       0x3a projects/lab2Leo/out/projects/lab2Leo/src/configuracion.o
 .debug_macro   0x00000000000049a4       0xd0 projects/lab2Leo/out/projects/lab2Leo/src/configuracion.o
 .debug_macro   0x0000000000004a74       0x18 projects/lab2Leo/out/projects/lab2Leo/src/configuracion.o
 .debug_macro   0x0000000000004a8c       0x22 projects/lab2Leo/out/projects/lab2Leo/src/configuracion.o
 .debug_macro   0x0000000000004aae       0x40 projects/lab2Leo/out/projects/lab2Leo/src/configuracion.o
 .debug_macro   0x0000000000004aee      0x419 projects/lab2Leo/out/projects/lab2Leo/src/lab2Leo.o
 .debug_macro   0x0000000000004f07       0x4c projects/lab2Leo/out/projects/lab2Leo/src/lab2Leo.o
 .debug_macro   0x0000000000004f53       0x55 projects/lab2Leo/out/projects/lab2Leo/src/lab2Leo.o
 .debug_macro   0x0000000000004fa8       0x35 projects/lab2Leo/out/projects/lab2Leo/src/lab2Leo.o
 .debug_macro   0x0000000000004fdd       0x9c projects/lab2Leo/out/projects/lab2Leo/src/lab2Leo.o
 .debug_macro   0x0000000000005079       0x16 projects/lab2Leo/out/projects/lab2Leo/src/lab2Leo.o
 .debug_macro   0x000000000000508f      0x10e projects/lab2Leo/out/projects/lab2Leo/src/lab2Leo.o
 .debug_macro   0x000000000000519d       0x86 projects/lab2Leo/out/projects/lab2Leo/src/lab2Leo.o
 .debug_macro   0x0000000000005223       0x4a projects/lab2Leo/out/projects/lab2Leo/src/lab2Leo.o
 .debug_macro   0x000000000000526d       0x52 projects/lab2Leo/out/projects/lab2Leo/src/lab2Leo.o
 .debug_macro   0x00000000000052bf       0x1f projects/lab2Leo/out/projects/lab2Leo/src/lab2Leo.o
 .debug_macro   0x00000000000052de       0x43 projects/lab2Leo/out/projects/lab2Leo/src/lab2Leo.o
 .debug_macro   0x0000000000005321       0x20 projects/lab2Leo/out/projects/lab2Leo/src/lab2Leo.o
 .debug_macro   0x0000000000005341      0x187 projects/lab2Leo/out/projects/lab2Leo/src/lab2Leo.o
 .debug_macro   0x00000000000054c8      0x330 projects/lab2Leo/out/projects/lab2Leo/src/lab2Leo.o
 .debug_macro   0x00000000000057f8       0x22 projects/lab2Leo/out/projects/lab2Leo/src/lab2Leo.o
 .debug_macro   0x000000000000581a       0x6c projects/lab2Leo/out/projects/lab2Leo/src/lab2Leo.o
 .debug_macro   0x0000000000005886       0xd9 projects/lab2Leo/out/projects/lab2Leo/src/lab2Leo.o
 .debug_macro   0x000000000000595f       0x11 projects/lab2Leo/out/projects/lab2Leo/src/lab2Leo.o
 .debug_macro   0x0000000000005970       0x16 projects/lab2Leo/out/projects/lab2Leo/src/lab2Leo.o
 .debug_macro   0x0000000000005986       0x16 projects/lab2Leo/out/projects/lab2Leo/src/lab2Leo.o
 .debug_macro   0x000000000000599c       0x35 projects/lab2Leo/out/projects/lab2Leo/src/lab2Leo.o
 .debug_macro   0x00000000000059d1       0x1d projects/lab2Leo/out/libs/cmsis_core//src/armv7m_startup.o
 .debug_macro   0x00000000000059ee      0x15e projects/lab2Leo/out/libs/sys_newlib//src/system.o
 .debug_macro   0x0000000000005b4c      0x16d projects/lab2Leo/out/libs/sys_newlib//src/system.o
 .debug_macro   0x0000000000005cb9       0x10 projects/lab2Leo/out/libs/sys_newlib//src/system.o
 .debug_macro   0x0000000000005cc9       0x10 projects/lab2Leo/out/libs/sys_newlib//src/system.o
 .debug_macro   0x0000000000005cd9      0x241 projects/lab2Leo/out/libs/sys_newlib//src/system.o
 .debug_macro   0x0000000000005f1a       0x10 projects/lab2Leo/out/libs/sys_newlib//src/system.o
 .debug_macro   0x0000000000005f2a       0xb6 projects/lab2Leo/out/libs/sys_newlib//src/system.o
 .debug_macro   0x0000000000005fe0      0x11a projects/lab2Leo/out/libs/sys_newlib//src/system.o
 .debug_macro   0x00000000000060fa       0x16 projects/lab2Leo/out/libs/sys_newlib//src/system.o
 .debug_macro   0x0000000000006110      0x3c0 projects/lab2Leo/out/modules/drivers_bm//src/led.o
 .debug_macro   0x00000000000064d0       0x10 projects/lab2Leo/out/modules/drivers_bm//src/led.o
 .debug_macro   0x00000000000064e0      0x433 projects/lab2Leo/out/libs/lpc_open/boards/edu_ciaa_nxp/src/board.o
 .debug_macro   0x0000000000006913       0x52 projects/lab2Leo/out/libs/lpc_open/boards/edu_ciaa_nxp/src/board.o
 .debug_macro   0x0000000000006965       0x16 projects/lab2Leo/out/libs/lpc_open/boards/edu_ciaa_nxp/src/board.o
 .debug_macro   0x000000000000697b       0x97 projects/lab2Leo/out/libs/lpc_open/boards/edu_ciaa_nxp/src/board.o
 .debug_macro   0x0000000000006a12      0x32a projects/lab2Leo/out/libs/lpc_open/boards/edu_ciaa_nxp/src/board.o
 .debug_macro   0x0000000000006d3c       0xf6 projects/lab2Leo/out/libs/lpc_open/boards/edu_ciaa_nxp/src/board.o
 .debug_macro   0x0000000000006e32       0x10 projects/lab2Leo/out/libs/lpc_open/boards/edu_ciaa_nxp/src/board.o
 .debug_macro   0x0000000000006e42       0x16 projects/lab2Leo/out/libs/lpc_open/boards/edu_ciaa_nxp/src/board.o
 .debug_macro   0x0000000000006e58      0x143 projects/lab2Leo/out/libs/lpc_open/boards/edu_ciaa_nxp/src/board.o
 .debug_macro   0x0000000000006f9b       0x20 projects/lab2Leo/out/libs/lpc_open/boards/edu_ciaa_nxp/src/board.o
 .debug_macro   0x0000000000006fbb       0xee projects/lab2Leo/out/libs/lpc_open/boards/edu_ciaa_nxp/src/board.o
 .debug_macro   0x00000000000070a9      0x421 projects/lab2Leo/out/libs/lpc_open/boards/edu_ciaa_nxp/src/board_sysinit.o
 .debug_macro   0x00000000000074ca      0x315 projects/lab2Leo/out/libs/lpc_open/lpc_chip_43xx/src/uart_18xx_43xx.o
 .debug_macro   0x00000000000077df      0x315 projects/lab2Leo/out/libs/lpc_open/lpc_chip_43xx/src/adc_18xx_43xx.o
 .debug_macro   0x0000000000007af4      0x31b projects/lab2Leo/out/libs/lpc_open/lpc_chip_43xx/src/clock_18xx_43xx.o
 .debug_macro   0x0000000000007e0f      0x315 projects/lab2Leo/out/libs/lpc_open/lpc_chip_43xx/src/chip_18xx_43xx.o
 .debug_macro   0x0000000000008124      0x315 projects/lab2Leo/out/libs/lpc_open/lpc_chip_43xx/src/sysinit_18xx_43xx.o
 .debug_macro   0x0000000000008439      0x315 projects/lab2Leo/out/libs/lpc_open/lpc_chip_43xx/src/gpio_18xx_43xx.o
 .debug_macro   0x000000000000874e      0x315 projects/lab2Leo/out/libs/lpc_open/lpc_chip_43xx/src/ssp_18xx_43xx.o
 .debug_macro   0x0000000000008a63      0x327 projects/lab2Leo/out/libs/lpc_open/lpc_chip_43xx/src/i2c_18xx_43xx.o
 .debug_macro   0x0000000000008d8a       0x17 projects/lab2Leo/out/libs/lpc_open/lpc_startup/src/crp.o
 .debug_macro   0x0000000000008da1      0x421 projects/lab2Leo/out/libs/lpc_open/lpc_startup/src/sysinit.o
 .debug_macro   0x00000000000091c2       0x1d projects/lab2Leo/out/libs/lpc_open/lpc_startup/src/vendor_interrupt.o

.debug_line     0x0000000000000000     0x7afa
 .debug_line    0x0000000000000000      0x699 projects/lab2Leo/out/projects/lab2Leo/src/configuracion.o
 .debug_line    0x0000000000000699      0x808 projects/lab2Leo/out/projects/lab2Leo/src/lab2Leo.o
 .debug_line    0x0000000000000ea1       0xf7 projects/lab2Leo/out/libs/cmsis_core//src/armv7m_startup.o
 .debug_line    0x0000000000000f98      0x3bc projects/lab2Leo/out/libs/sys_newlib//src/system.o
 .debug_line    0x0000000000001354      0x75d projects/lab2Leo/out/modules/drivers_bm//src/led.o
 .debug_line    0x0000000000001ab1      0x969 projects/lab2Leo/out/libs/lpc_open/boards/edu_ciaa_nxp/src/board.o
 .debug_line    0x000000000000241a      0x788 projects/lab2Leo/out/libs/lpc_open/boards/edu_ciaa_nxp/src/board_sysinit.o
 .debug_line    0x0000000000002ba2      0x904 projects/lab2Leo/out/libs/lpc_open/lpc_chip_43xx/src/uart_18xx_43xx.o
 .debug_line    0x00000000000034a6      0x748 projects/lab2Leo/out/libs/lpc_open/lpc_chip_43xx/src/adc_18xx_43xx.o
 .debug_line    0x0000000000003bee      0xa3f projects/lab2Leo/out/libs/lpc_open/lpc_chip_43xx/src/clock_18xx_43xx.o
 .debug_line    0x000000000000462d      0x665 projects/lab2Leo/out/libs/lpc_open/lpc_chip_43xx/src/chip_18xx_43xx.o
 .debug_line    0x0000000000004c92      0x6c7 projects/lab2Leo/out/libs/lpc_open/lpc_chip_43xx/src/sysinit_18xx_43xx.o
 .debug_line    0x0000000000005359      0x62a projects/lab2Leo/out/libs/lpc_open/lpc_chip_43xx/src/gpio_18xx_43xx.o
 .debug_line    0x0000000000005983      0xa96 projects/lab2Leo/out/libs/lpc_open/lpc_chip_43xx/src/ssp_18xx_43xx.o
 .debug_line    0x0000000000006419      0x8fc projects/lab2Leo/out/libs/lpc_open/lpc_chip_43xx/src/i2c_18xx_43xx.o
 .debug_line    0x0000000000006d15       0x44 projects/lab2Leo/out/libs/lpc_open/lpc_startup/src/crp.o
 .debug_line    0x0000000000006d59      0x72e projects/lab2Leo/out/libs/lpc_open/lpc_startup/src/sysinit.o
 .debug_line    0x0000000000007487       0x61 projects/lab2Leo/out/libs/lpc_open/lpc_startup/src/vendor_interrupt.o
 .debug_line    0x00000000000074e8       0x67 /usr/lib/gcc/arm-none-eabi/6.3.1/thumb/v7e-m/fpv4-sp/hard/libgcc.a(_aeabi_uldivmod.o)
 .debug_line    0x000000000000754f      0x258 /usr/lib/gcc/arm-none-eabi/6.3.1/thumb/v7e-m/fpv4-sp/hard/libgcc.a(_udivmoddi4.o)
 .debug_line    0x00000000000077a7       0x67 /usr/lib/gcc/arm-none-eabi/6.3.1/thumb/v7e-m/fpv4-sp/hard/libgcc.a(_dvmd_tls.o)
 .debug_line    0x000000000000780e       0xbe /usr/lib/gcc/arm-none-eabi/6.3.1/../../../arm-none-eabi/lib/thumb/v7e-m/fpv4-sp/hard/libc_nano.a(lib_a-init.o)
 .debug_line    0x00000000000078cc      0x17c /usr/lib/gcc/arm-none-eabi/6.3.1/../../../arm-none-eabi/lib/thumb/v7e-m/fpv4-sp/hard/libc_nano.a(lib_a-memset.o)
 .debug_line    0x0000000000007a48       0xb2 /usr/lib/gcc/arm-none-eabi/6.3.1/../../../arm-none-eabi/lib/thumb/v7e-m/fpv4-sp/hard/libc_nano.a(lib_a-strlen.o)

.debug_str      0x0000000000000000    0x1e7e2
 .debug_str     0x0000000000000000    0x16316 projects/lab2Leo/out/projects/lab2Leo/src/configuracion.o
                                      0x16574 (size before relaxing)
 .debug_str     0x0000000000016316     0x3aca projects/lab2Leo/out/projects/lab2Leo/src/lab2Leo.o
                                      0x19b13 (size before relaxing)
 .debug_str     0x0000000000019de0      0x212 projects/lab2Leo/out/libs/cmsis_core//src/armv7m_startup.o
                                       0x2767 (size before relaxing)
 .debug_str     0x0000000000019ff2      0xac5 projects/lab2Leo/out/libs/sys_newlib//src/system.o
                                       0x62a0 (size before relaxing)
 .debug_str     0x000000000001aab7      0x26a projects/lab2Leo/out/modules/drivers_bm//src/led.o
                                      0x16352 (size before relaxing)
 .debug_str     0x000000000001ad21     0x11fb projects/lab2Leo/out/libs/lpc_open/boards/edu_ciaa_nxp/src/board.o
                                      0x1ad6d (size before relaxing)
 .debug_str     0x000000000001bf1c      0x336 projects/lab2Leo/out/libs/lpc_open/boards/edu_ciaa_nxp/src/board_sysinit.o
                                      0x1a6fe (size before relaxing)
 .debug_str     0x000000000001c252      0x3da projects/lab2Leo/out/libs/lpc_open/lpc_chip_43xx/src/uart_18xx_43xx.o
                                      0x16e6f (size before relaxing)
 .debug_str     0x000000000001c62c      0x14a projects/lab2Leo/out/libs/lpc_open/lpc_chip_43xx/src/adc_18xx_43xx.o
                                      0x1680a (size before relaxing)
 .debug_str     0x000000000001c776      0x5cd projects/lab2Leo/out/libs/lpc_open/lpc_chip_43xx/src/clock_18xx_43xx.o
                                      0x17221 (size before relaxing)
 .debug_str     0x000000000001cd43       0x76 projects/lab2Leo/out/libs/lpc_open/lpc_chip_43xx/src/chip_18xx_43xx.o
                                      0x16d5f (size before relaxing)
 .debug_str     0x000000000001cdb9       0xbc projects/lab2Leo/out/libs/lpc_open/lpc_chip_43xx/src/sysinit_18xx_43xx.o
                                      0x16cc0 (size before relaxing)
 .debug_str     0x000000000001ce75       0x42 projects/lab2Leo/out/libs/lpc_open/lpc_chip_43xx/src/gpio_18xx_43xx.o
                                      0x15fc1 (size before relaxing)
 .debug_str     0x000000000001ceb7      0x3e1 projects/lab2Leo/out/libs/lpc_open/lpc_chip_43xx/src/ssp_18xx_43xx.o
                                      0x16a00 (size before relaxing)
 .debug_str     0x000000000001d298      0x589 projects/lab2Leo/out/libs/lpc_open/lpc_chip_43xx/src/i2c_18xx_43xx.o
                                      0x16fa1 (size before relaxing)
 .debug_str     0x000000000001d821       0x43 projects/lab2Leo/out/libs/lpc_open/lpc_startup/src/crp.o
                                       0x255e (size before relaxing)
 .debug_str     0x000000000001d864       0x65 projects/lab2Leo/out/libs/lpc_open/lpc_startup/src/sysinit.o
                                      0x199d0 (size before relaxing)
 .debug_str     0x000000000001d8c9       0x56 projects/lab2Leo/out/libs/lpc_open/lpc_startup/src/vendor_interrupt.o
                                       0x25b5 (size before relaxing)
 .debug_str     0x000000000001d91f      0xc06 /usr/lib/gcc/arm-none-eabi/6.3.1/thumb/v7e-m/fpv4-sp/hard/libgcc.a(_udivmoddi4.o)
                                        0xcf4 (size before relaxing)
 .debug_str     0x000000000001e525      0x190 /usr/lib/gcc/arm-none-eabi/6.3.1/../../../arm-none-eabi/lib/thumb/v7e-m/fpv4-sp/hard/libc_nano.a(lib_a-init.o)
                                        0x253 (size before relaxing)
 .debug_str     0x000000000001e6b5      0x12d /usr/lib/gcc/arm-none-eabi/6.3.1/../../../arm-none-eabi/lib/thumb/v7e-m/fpv4-sp/hard/libc_nano.a(lib_a-memset.o)
                                        0x61a (size before relaxing)

.comment        0x0000000000000000       0x31
 .comment       0x0000000000000000       0x31 projects/lab2Leo/out/projects/lab2Leo/src/configuracion.o
                                         0x32 (size before relaxing)
 .comment       0x0000000000000031       0x32 projects/lab2Leo/out/projects/lab2Leo/src/lab2Leo.o
 .comment       0x0000000000000031       0x32 projects/lab2Leo/out/libs/cmsis_core//src/armv7m_startup.o
 .comment       0x0000000000000031       0x32 projects/lab2Leo/out/libs/sys_newlib//src/system.o
 .comment       0x0000000000000031       0x32 projects/lab2Leo/out/modules/drivers_bm//src/led.o
 .comment       0x0000000000000031       0x32 projects/lab2Leo/out/libs/lpc_open/boards/edu_ciaa_nxp/src/board.o
 .comment       0x0000000000000031       0x32 projects/lab2Leo/out/libs/lpc_open/boards/edu_ciaa_nxp/src/board_sysinit.o
 .comment       0x0000000000000031       0x32 projects/lab2Leo/out/libs/lpc_open/lpc_chip_43xx/src/uart_18xx_43xx.o
 .comment       0x0000000000000031       0x32 projects/lab2Leo/out/libs/lpc_open/lpc_chip_43xx/src/adc_18xx_43xx.o
 .comment       0x0000000000000031       0x32 projects/lab2Leo/out/libs/lpc_open/lpc_chip_43xx/src/clock_18xx_43xx.o
 .comment       0x0000000000000031       0x32 projects/lab2Leo/out/libs/lpc_open/lpc_chip_43xx/src/chip_18xx_43xx.o
 .comment       0x0000000000000031       0x32 projects/lab2Leo/out/libs/lpc_open/lpc_chip_43xx/src/sysinit_18xx_43xx.o
 .comment       0x0000000000000031       0x32 projects/lab2Leo/out/libs/lpc_open/lpc_chip_43xx/src/gpio_18xx_43xx.o
 .comment       0x0000000000000031       0x32 projects/lab2Leo/out/libs/lpc_open/lpc_chip_43xx/src/ssp_18xx_43xx.o
 .comment       0x0000000000000031       0x32 projects/lab2Leo/out/libs/lpc_open/lpc_chip_43xx/src/i2c_18xx_43xx.o
 .comment       0x0000000000000031       0x32 projects/lab2Leo/out/libs/lpc_open/lpc_startup/src/crp.o
 .comment       0x0000000000000031       0x32 projects/lab2Leo/out/libs/lpc_open/lpc_startup/src/sysinit.o
 .comment       0x0000000000000031       0x32 projects/lab2Leo/out/libs/lpc_open/lpc_startup/src/vendor_interrupt.o
 .comment       0x0000000000000031       0x32 /usr/lib/gcc/arm-none-eabi/6.3.1/thumb/v7e-m/fpv4-sp/hard/libgcc.a(_udivmoddi4.o)
 .comment       0x0000000000000031       0x32 /usr/lib/gcc/arm-none-eabi/6.3.1/../../../arm-none-eabi/lib/thumb/v7e-m/fpv4-sp/hard/libc_nano.a(lib_a-init.o)
 .comment       0x0000000000000031       0x32 /usr/lib/gcc/arm-none-eabi/6.3.1/../../../arm-none-eabi/lib/thumb/v7e-m/fpv4-sp/hard/libc_nano.a(lib_a-memset.o)

.ARM.attributes
                0x0000000000000000       0x37
 .ARM.attributes
                0x0000000000000000       0x39 projects/lab2Leo/out/projects/lab2Leo/src/configuracion.o
 .ARM.attributes
                0x0000000000000039       0x39 projects/lab2Leo/out/projects/lab2Leo/src/lab2Leo.o
 .ARM.attributes
                0x0000000000000072       0x39 projects/lab2Leo/out/libs/cmsis_core//src/armv7m_startup.o
 .ARM.attributes
                0x00000000000000ab       0x39 projects/lab2Leo/out/libs/sys_newlib//src/system.o
 .ARM.attributes
                0x00000000000000e4       0x39 projects/lab2Leo/out/modules/drivers_bm//src/led.o
 .ARM.attributes
                0x000000000000011d       0x39 projects/lab2Leo/out/libs/lpc_open/boards/edu_ciaa_nxp/src/board.o
 .ARM.attributes
                0x0000000000000156       0x39 projects/lab2Leo/out/libs/lpc_open/boards/edu_ciaa_nxp/src/board_sysinit.o
 .ARM.attributes
                0x000000000000018f       0x39 projects/lab2Leo/out/libs/lpc_open/lpc_chip_43xx/src/uart_18xx_43xx.o
 .ARM.attributes
                0x00000000000001c8       0x39 projects/lab2Leo/out/libs/lpc_open/lpc_chip_43xx/src/adc_18xx_43xx.o
 .ARM.attributes
                0x0000000000000201       0x39 projects/lab2Leo/out/libs/lpc_open/lpc_chip_43xx/src/clock_18xx_43xx.o
 .ARM.attributes
                0x000000000000023a       0x39 projects/lab2Leo/out/libs/lpc_open/lpc_chip_43xx/src/chip_18xx_43xx.o
 .ARM.attributes
                0x0000000000000273       0x39 projects/lab2Leo/out/libs/lpc_open/lpc_chip_43xx/src/sysinit_18xx_43xx.o
 .ARM.attributes
                0x00000000000002ac       0x39 projects/lab2Leo/out/libs/lpc_open/lpc_chip_43xx/src/gpio_18xx_43xx.o
 .ARM.attributes
                0x00000000000002e5       0x39 projects/lab2Leo/out/libs/lpc_open/lpc_chip_43xx/src/ssp_18xx_43xx.o
 .ARM.attributes
                0x000000000000031e       0x39 projects/lab2Leo/out/libs/lpc_open/lpc_chip_43xx/src/i2c_18xx_43xx.o
 .ARM.attributes
                0x0000000000000357       0x39 projects/lab2Leo/out/libs/lpc_open/lpc_startup/src/crp.o
 .ARM.attributes
                0x0000000000000390       0x39 projects/lab2Leo/out/libs/lpc_open/lpc_startup/src/sysinit.o
 .ARM.attributes
                0x00000000000003c9       0x39 projects/lab2Leo/out/libs/lpc_open/lpc_startup/src/vendor_interrupt.o
 .ARM.attributes
                0x0000000000000402       0x22 /usr/lib/gcc/arm-none-eabi/6.3.1/thumb/v7e-m/fpv4-sp/hard/libgcc.a(_aeabi_uldivmod.o)
 .ARM.attributes
                0x0000000000000424       0x34 /usr/lib/gcc/arm-none-eabi/6.3.1/thumb/v7e-m/fpv4-sp/hard/libgcc.a(_udivmoddi4.o)
 .ARM.attributes
                0x0000000000000458       0x22 /usr/lib/gcc/arm-none-eabi/6.3.1/thumb/v7e-m/fpv4-sp/hard/libgcc.a(_dvmd_tls.o)
 .ARM.attributes
                0x000000000000047a       0x34 /usr/lib/gcc/arm-none-eabi/6.3.1/../../../arm-none-eabi/lib/thumb/v7e-m/fpv4-sp/hard/libc_nano.a(lib_a-init.o)
 .ARM.attributes
                0x00000000000004ae       0x34 /usr/lib/gcc/arm-none-eabi/6.3.1/../../../arm-none-eabi/lib/thumb/v7e-m/fpv4-sp/hard/libc_nano.a(lib_a-memset.o)
 .ARM.attributes
                0x00000000000004e2       0x20 /usr/lib/gcc/arm-none-eabi/6.3.1/../../../arm-none-eabi/lib/thumb/v7e-m/fpv4-sp/hard/libc_nano.a(lib_a-strlen.o)

.debug_frame    0x0000000000000000     0x1364
 .debug_frame   0x0000000000000000       0x44 projects/lab2Leo/out/projects/lab2Leo/src/configuracion.o
 .debug_frame   0x0000000000000044       0xfc projects/lab2Leo/out/projects/lab2Leo/src/lab2Leo.o
 .debug_frame   0x0000000000000140      0x114 projects/lab2Leo/out/libs/cmsis_core//src/armv7m_startup.o
 .debug_frame   0x0000000000000254      0x1d8 projects/lab2Leo/out/libs/sys_newlib//src/system.o
 .debug_frame   0x000000000000042c       0x58 projects/lab2Leo/out/modules/drivers_bm//src/led.o
 .debug_frame   0x0000000000000484      0x204 projects/lab2Leo/out/libs/lpc_open/boards/edu_ciaa_nxp/src/board.o
 .debug_frame   0x0000000000000688       0x5c projects/lab2Leo/out/libs/lpc_open/boards/edu_ciaa_nxp/src/board_sysinit.o
 .debug_frame   0x00000000000006e4      0x1f4 projects/lab2Leo/out/libs/lpc_open/lpc_chip_43xx/src/uart_18xx_43xx.o
 .debug_frame   0x00000000000008d8      0x160 projects/lab2Leo/out/libs/lpc_open/lpc_chip_43xx/src/adc_18xx_43xx.o
 .debug_frame   0x0000000000000a38      0x314 projects/lab2Leo/out/libs/lpc_open/lpc_chip_43xx/src/clock_18xx_43xx.o
 .debug_frame   0x0000000000000d4c       0x70 projects/lab2Leo/out/libs/lpc_open/lpc_chip_43xx/src/chip_18xx_43xx.o
 .debug_frame   0x0000000000000dbc       0x7c projects/lab2Leo/out/libs/lpc_open/lpc_chip_43xx/src/sysinit_18xx_43xx.o
 .debug_frame   0x0000000000000e38       0x30 projects/lab2Leo/out/libs/lpc_open/lpc_chip_43xx/src/gpio_18xx_43xx.o
 .debug_frame   0x0000000000000e68      0x198 projects/lab2Leo/out/libs/lpc_open/lpc_chip_43xx/src/ssp_18xx_43xx.o
 .debug_frame   0x0000000000001000      0x25c projects/lab2Leo/out/libs/lpc_open/lpc_chip_43xx/src/i2c_18xx_43xx.o
 .debug_frame   0x000000000000125c       0x28 projects/lab2Leo/out/libs/lpc_open/lpc_startup/src/sysinit.o
 .debug_frame   0x0000000000001284       0x20 projects/lab2Leo/out/libs/lpc_open/lpc_startup/src/vendor_interrupt.o
 .debug_frame   0x00000000000012a4       0x2c /usr/lib/gcc/arm-none-eabi/6.3.1/thumb/v7e-m/fpv4-sp/hard/libgcc.a(_aeabi_uldivmod.o)
 .debug_frame   0x00000000000012d0       0x34 /usr/lib/gcc/arm-none-eabi/6.3.1/thumb/v7e-m/fpv4-sp/hard/libgcc.a(_udivmoddi4.o)
 .debug_frame   0x0000000000001304       0x2c /usr/lib/gcc/arm-none-eabi/6.3.1/../../../arm-none-eabi/lib/thumb/v7e-m/fpv4-sp/hard/libc_nano.a(lib_a-init.o)
 .debug_frame   0x0000000000001330       0x34 /usr/lib/gcc/arm-none-eabi/6.3.1/../../../arm-none-eabi/lib/thumb/v7e-m/fpv4-sp/hard/libc_nano.a(lib_a-memset.o)

Cross Reference Table

Symbol                                            File
ADC0_IRQHandler                                   projects/lab2Leo/out/libs/lpc_open/lpc_startup/src/vendor_interrupt.o
ADC1_IRQHandler                                   projects/lab2Leo/out/libs/lpc_open/lpc_startup/src/vendor_interrupt.o
ADCHS_IRQHandler                                  projects/lab2Leo/out/libs/lpc_open/lpc_startup/src/vendor_interrupt.o
ATIMER_IRQHandler                                 projects/lab2Leo/out/libs/lpc_open/lpc_startup/src/vendor_interrupt.o
Board_ADC_ReadBegin                               projects/lab2Leo/out/libs/lpc_open/boards/edu_ciaa_nxp/src/board.o
Board_ADC_ReadEnd                                 projects/lab2Leo/out/libs/lpc_open/boards/edu_ciaa_nxp/src/board.o
Board_ADC_ReadWait                                projects/lab2Leo/out/libs/lpc_open/boards/edu_ciaa_nxp/src/board.o
Board_Debug_Init                                  projects/lab2Leo/out/libs/lpc_open/boards/edu_ciaa_nxp/src/board.o
Board_Init                                        projects/lab2Leo/out/libs/lpc_open/boards/edu_ciaa_nxp/src/board.o
                                                  projects/lab2Leo/out/libs/lpc_open/lpc_startup/src/sysinit.o
Board_LED_Set                                     projects/lab2Leo/out/libs/lpc_open/boards/edu_ciaa_nxp/src/board.o
Board_LED_Test                                    projects/lab2Leo/out/libs/lpc_open/boards/edu_ciaa_nxp/src/board.o
Board_LED_Toggle                                  projects/lab2Leo/out/libs/lpc_open/boards/edu_ciaa_nxp/src/board.o
Board_SetupClocking                               projects/lab2Leo/out/libs/lpc_open/boards/edu_ciaa_nxp/src/board_sysinit.o
Board_SetupMuxing                                 projects/lab2Leo/out/libs/lpc_open/boards/edu_ciaa_nxp/src/board_sysinit.o
Board_SystemInit                                  projects/lab2Leo/out/libs/lpc_open/boards/edu_ciaa_nxp/src/board_sysinit.o
                                                  projects/lab2Leo/out/libs/lpc_open/lpc_startup/src/sysinit.o
Board_TEC_GetStatus                               projects/lab2Leo/out/libs/lpc_open/boards/edu_ciaa_nxp/src/board.o
Board_UARTGetChar                                 projects/lab2Leo/out/libs/lpc_open/boards/edu_ciaa_nxp/src/board.o
Board_UARTPutChar                                 projects/lab2Leo/out/libs/lpc_open/boards/edu_ciaa_nxp/src/board.o
Board_UARTPutSTR                                  projects/lab2Leo/out/libs/lpc_open/boards/edu_ciaa_nxp/src/board.o
BusFault_Handler                                  projects/lab2Leo/out/libs/cmsis_core//src/armv7m_startup.o
CAN0_IRQHandler                                   projects/lab2Leo/out/libs/lpc_open/lpc_startup/src/vendor_interrupt.o
CAN1_IRQHandler                                   projects/lab2Leo/out/libs/lpc_open/lpc_startup/src/vendor_interrupt.o
CRP_WORD                                          projects/lab2Leo/out/libs/lpc_open/lpc_startup/src/crp.o
Chip_ADC_DeInit                                   projects/lab2Leo/out/libs/lpc_open/lpc_chip_43xx/src/adc_18xx_43xx.o
Chip_ADC_EnableChannel                            projects/lab2Leo/out/libs/lpc_open/lpc_chip_43xx/src/adc_18xx_43xx.o
                                                  projects/lab2Leo/out/libs/lpc_open/boards/edu_ciaa_nxp/src/board.o
                                                  projects/lab2Leo/out/modules/drivers_bm//src/adc.o
Chip_ADC_Init                                     projects/lab2Leo/out/libs/lpc_open/lpc_chip_43xx/src/adc_18xx_43xx.o
                                                  projects/lab2Leo/out/libs/lpc_open/boards/edu_ciaa_nxp/src/board.o
                                                  projects/lab2Leo/out/modules/drivers_bm//src/adc.o
Chip_ADC_Int_SetChannelCmd                        projects/lab2Leo/out/libs/lpc_open/lpc_chip_43xx/src/adc_18xx_43xx.o
                                                  projects/lab2Leo/out/modules/drivers_bm//src/adc.o
Chip_ADC_ReadByte                                 projects/lab2Leo/out/libs/lpc_open/lpc_chip_43xx/src/adc_18xx_43xx.o
Chip_ADC_ReadStatus                               projects/lab2Leo/out/libs/lpc_open/lpc_chip_43xx/src/adc_18xx_43xx.o
                                                  projects/lab2Leo/out/libs/lpc_open/boards/edu_ciaa_nxp/src/board.o
                                                  projects/lab2Leo/out/modules/drivers_bm//src/adc.o
Chip_ADC_ReadValue                                projects/lab2Leo/out/libs/lpc_open/lpc_chip_43xx/src/adc_18xx_43xx.o
                                                  projects/lab2Leo/out/libs/lpc_open/boards/edu_ciaa_nxp/src/board.o
                                                  projects/lab2Leo/out/modules/drivers_bm//src/adc.o
Chip_ADC_SetBurstCmd                              projects/lab2Leo/out/libs/lpc_open/lpc_chip_43xx/src/adc_18xx_43xx.o
                                                  projects/lab2Leo/out/libs/lpc_open/boards/edu_ciaa_nxp/src/board.o
Chip_ADC_SetResolution                            projects/lab2Leo/out/libs/lpc_open/lpc_chip_43xx/src/adc_18xx_43xx.o
                                                  projects/lab2Leo/out/libs/lpc_open/boards/edu_ciaa_nxp/src/board.o
Chip_ADC_SetSampleRate                            projects/lab2Leo/out/libs/lpc_open/lpc_chip_43xx/src/adc_18xx_43xx.o
                                                  projects/lab2Leo/out/libs/lpc_open/boards/edu_ciaa_nxp/src/board.o
                                                  projects/lab2Leo/out/modules/drivers_bm//src/adc.o
Chip_ADC_SetStartMode                             projects/lab2Leo/out/libs/lpc_open/lpc_chip_43xx/src/adc_18xx_43xx.o
                                                  projects/lab2Leo/out/libs/lpc_open/boards/edu_ciaa_nxp/src/board.o
                                                  projects/lab2Leo/out/modules/drivers_bm//src/adc.o
Chip_AES_Config_DMA                               projects/lab2Leo/out/libs/lpc_open/lpc_chip_43xx/src/aes_18xx_43xx.o
Chip_AES_GetStatusDMA                             projects/lab2Leo/out/libs/lpc_open/lpc_chip_43xx/src/aes_18xx_43xx.o
Chip_AES_Init                                     projects/lab2Leo/out/libs/lpc_open/lpc_chip_43xx/src/aes_18xx_43xx.o
Chip_AES_LoadIV_IC                                projects/lab2Leo/out/libs/lpc_open/lpc_chip_43xx/src/aes_18xx_43xx.o
Chip_AES_LoadIV_SW                                projects/lab2Leo/out/libs/lpc_open/lpc_chip_43xx/src/aes_18xx_43xx.o
Chip_AES_LoadKey                                  projects/lab2Leo/out/libs/lpc_open/lpc_chip_43xx/src/aes_18xx_43xx.o
Chip_AES_LoadKeyRNG                               projects/lab2Leo/out/libs/lpc_open/lpc_chip_43xx/src/aes_18xx_43xx.o
Chip_AES_LoadKeySW                                projects/lab2Leo/out/libs/lpc_open/lpc_chip_43xx/src/aes_18xx_43xx.o
Chip_AES_Operate                                  projects/lab2Leo/out/libs/lpc_open/lpc_chip_43xx/src/aes_18xx_43xx.o
Chip_AES_OperateDMA                               projects/lab2Leo/out/libs/lpc_open/lpc_chip_43xx/src/aes_18xx_43xx.o
Chip_AES_ProgramKey                               projects/lab2Leo/out/libs/lpc_open/lpc_chip_43xx/src/aes_18xx_43xx.o
Chip_AES_SetMode                                  projects/lab2Leo/out/libs/lpc_open/lpc_chip_43xx/src/aes_18xx_43xx.o
Chip_ATIMER_DeInit                                projects/lab2Leo/out/libs/lpc_open/lpc_chip_43xx/src/atimer_18xx_43xx.o
Chip_ATIMER_Init                                  projects/lab2Leo/out/libs/lpc_open/lpc_chip_43xx/src/atimer_18xx_43xx.o
Chip_CCAN_AddReceiveID                            projects/lab2Leo/out/libs/lpc_open/lpc_chip_43xx/src/ccan_18xx_43xx.o
Chip_CCAN_ClearStatus                             projects/lab2Leo/out/libs/lpc_open/lpc_chip_43xx/src/ccan_18xx_43xx.o
Chip_CCAN_DeInit                                  projects/lab2Leo/out/libs/lpc_open/lpc_chip_43xx/src/ccan_18xx_43xx.o
Chip_CCAN_DeleteReceiveID                         projects/lab2Leo/out/libs/lpc_open/lpc_chip_43xx/src/ccan_18xx_43xx.o
Chip_CCAN_GetMsgObject                            projects/lab2Leo/out/libs/lpc_open/lpc_chip_43xx/src/ccan_18xx_43xx.o
Chip_CCAN_Init                                    projects/lab2Leo/out/libs/lpc_open/lpc_chip_43xx/src/ccan_18xx_43xx.o
Chip_CCAN_Send                                    projects/lab2Leo/out/libs/lpc_open/lpc_chip_43xx/src/ccan_18xx_43xx.o
Chip_CCAN_SetBitRate                              projects/lab2Leo/out/libs/lpc_open/lpc_chip_43xx/src/ccan_18xx_43xx.o
Chip_CCAN_SetMsgObject                            projects/lab2Leo/out/libs/lpc_open/lpc_chip_43xx/src/ccan_18xx_43xx.o
Chip_CCAN_SetValidMsg                             projects/lab2Leo/out/libs/lpc_open/lpc_chip_43xx/src/ccan_18xx_43xx.o
Chip_CCAN_TransferMsgObject                       projects/lab2Leo/out/libs/lpc_open/lpc_chip_43xx/src/ccan_18xx_43xx.o
Chip_Clock_CalcMainPLLValue                       projects/lab2Leo/out/libs/lpc_open/lpc_chip_43xx/src/clock_18xx_43xx.o
                                                  projects/lab2Leo/out/libs/lpc_open/lpc_chip_43xx/src/sysinit_18xx_43xx.o
Chip_Clock_ClearPowerDown                         projects/lab2Leo/out/libs/lpc_open/lpc_chip_43xx/src/clock_18xx_43xx.o
Chip_Clock_Disable                                projects/lab2Leo/out/libs/lpc_open/lpc_chip_43xx/src/clock_18xx_43xx.o
                                                  projects/lab2Leo/out/libs/lpc_open/lpc_chip_43xx/src/i2c_18xx_43xx.o
                                                  projects/lab2Leo/out/libs/lpc_open/lpc_chip_43xx/src/ssp_18xx_43xx.o
                                                  projects/lab2Leo/out/libs/lpc_open/lpc_chip_43xx/src/enet_18xx_43xx.o
                                                  projects/lab2Leo/out/libs/lpc_open/lpc_chip_43xx/src/gpdma_18xx_43xx.o
                                                  projects/lab2Leo/out/libs/lpc_open/lpc_chip_43xx/src/spi_18xx_43xx.o
                                                  projects/lab2Leo/out/libs/lpc_open/lpc_chip_43xx/src/sct_18xx_43xx.o
                                                  projects/lab2Leo/out/libs/lpc_open/lpc_chip_43xx/src/i2cm_18xx_43xx.o
                                                  projects/lab2Leo/out/libs/lpc_open/lpc_chip_43xx/src/timer_18xx_43xx.o
                                                  projects/lab2Leo/out/libs/lpc_open/lpc_chip_43xx/src/sdif_18xx_43xx.o
                                                  projects/lab2Leo/out/libs/lpc_open/lpc_chip_43xx/src/adc_18xx_43xx.o
                                                  projects/lab2Leo/out/libs/lpc_open/lpc_chip_43xx/src/uart_18xx_43xx.o
                                                  projects/lab2Leo/out/libs/lpc_open/lpc_chip_43xx/src/lcd_18xx_43xx.o
                                                  projects/lab2Leo/out/libs/lpc_open/lpc_chip_43xx/src/i2s_18xx_43xx.o
                                                  projects/lab2Leo/out/libs/lpc_open/lpc_chip_43xx/src/ritimer_18xx_43xx.o
                                                  projects/lab2Leo/out/libs/lpc_open/lpc_chip_43xx/src/dac_18xx_43xx.o
                                                  projects/lab2Leo/out/libs/lpc_open/lpc_chip_43xx/src/ccan_18xx_43xx.o
Chip_Clock_DisableBaseClock                       projects/lab2Leo/out/libs/lpc_open/lpc_chip_43xx/src/clock_18xx_43xx.o
Chip_Clock_DisableCrystal                         projects/lab2Leo/out/libs/lpc_open/lpc_chip_43xx/src/clock_18xx_43xx.o
Chip_Clock_DisablePLL                             projects/lab2Leo/out/libs/lpc_open/lpc_chip_43xx/src/clock_18xx_43xx.o
Chip_Clock_Enable                                 projects/lab2Leo/out/libs/lpc_open/lpc_chip_43xx/src/clock_18xx_43xx.o
                                                  projects/lab2Leo/out/libs/lpc_open/lpc_chip_43xx/src/i2c_18xx_43xx.o
                                                  projects/lab2Leo/out/libs/lpc_open/lpc_chip_43xx/src/ssp_18xx_43xx.o
                                                  projects/lab2Leo/out/libs/lpc_open/lpc_chip_43xx/src/spi_18xx_43xx.o
                                                  projects/lab2Leo/out/libs/lpc_open/lpc_chip_43xx/src/i2cm_18xx_43xx.o
                                                  projects/lab2Leo/out/libs/lpc_open/lpc_chip_43xx/src/timer_18xx_43xx.o
                                                  projects/lab2Leo/out/libs/lpc_open/lpc_chip_43xx/src/i2s_18xx_43xx.o
Chip_Clock_EnableBaseClock                        projects/lab2Leo/out/libs/lpc_open/lpc_chip_43xx/src/clock_18xx_43xx.o
                                                  projects/lab2Leo/out/libs/lpc_open/lpc_chip_43xx/src/chip_18xx_43xx.o
Chip_Clock_EnableCrystal                          projects/lab2Leo/out/libs/lpc_open/lpc_chip_43xx/src/clock_18xx_43xx.o
                                                  projects/lab2Leo/out/libs/lpc_open/lpc_chip_43xx/src/sysinit_18xx_43xx.o
Chip_Clock_EnableOpts                             projects/lab2Leo/out/libs/lpc_open/lpc_chip_43xx/src/clock_18xx_43xx.o
                                                  projects/lab2Leo/out/libs/lpc_open/lpc_chip_43xx/src/enet_18xx_43xx.o
                                                  projects/lab2Leo/out/libs/lpc_open/lpc_chip_43xx/src/gpdma_18xx_43xx.o
                                                  projects/lab2Leo/out/libs/lpc_open/lpc_chip_43xx/src/sct_18xx_43xx.o
                                                  projects/lab2Leo/out/libs/lpc_open/lpc_chip_43xx/src/sdif_18xx_43xx.o
                                                  projects/lab2Leo/out/libs/lpc_open/lpc_chip_43xx/src/chip_18xx_43xx.o
                                                  projects/lab2Leo/out/libs/lpc_open/lpc_chip_43xx/src/adc_18xx_43xx.o
                                                  projects/lab2Leo/out/libs/lpc_open/lpc_chip_43xx/src/uart_18xx_43xx.o
                                                  projects/lab2Leo/out/libs/lpc_open/lpc_chip_43xx/src/lcd_18xx_43xx.o
                                                  projects/lab2Leo/out/libs/lpc_open/lpc_chip_43xx/src/ritimer_18xx_43xx.o
                                                  projects/lab2Leo/out/libs/lpc_open/lpc_chip_43xx/src/dac_18xx_43xx.o
                                                  projects/lab2Leo/out/libs/lpc_open/lpc_chip_43xx/src/ccan_18xx_43xx.o
Chip_Clock_EnablePLL                              projects/lab2Leo/out/libs/lpc_open/lpc_chip_43xx/src/clock_18xx_43xx.o
                                                  projects/lab2Leo/out/libs/lpc_open/lpc_chip_43xx/src/chip_18xx_43xx.o
Chip_Clock_GetBaseClock                           projects/lab2Leo/out/libs/lpc_open/lpc_chip_43xx/src/clock_18xx_43xx.o
Chip_Clock_GetBaseClockOpts                       projects/lab2Leo/out/libs/lpc_open/lpc_chip_43xx/src/clock_18xx_43xx.o
Chip_Clock_GetBaseClocktHz                        projects/lab2Leo/out/libs/lpc_open/lpc_chip_43xx/src/clock_18xx_43xx.o
                                                  projects/lab2Leo/out/libs/lpc_open/lpc_chip_43xx/src/sdmmc_18xx_43xx.o
                                                  projects/lab2Leo/out/libs/lpc_open/lpc_chip_43xx/src/sdio_18xx_43xx.o
Chip_Clock_GetClockInputHz                        projects/lab2Leo/out/libs/lpc_open/lpc_chip_43xx/src/clock_18xx_43xx.o
                                                  projects/lab2Leo/out/libs/lpc_open/lpc_chip_43xx/src/chip_18xx_43xx.o
Chip_Clock_GetDividerDivisor                      projects/lab2Leo/out/libs/lpc_open/lpc_chip_43xx/src/clock_18xx_43xx.o
Chip_Clock_GetDividerSource                       projects/lab2Leo/out/libs/lpc_open/lpc_chip_43xx/src/clock_18xx_43xx.o
Chip_Clock_GetEMCRate                             projects/lab2Leo/out/libs/lpc_open/lpc_chip_43xx/src/clock_18xx_43xx.o
                                                  projects/lab2Leo/out/libs/lpc_open/lpc_chip_43xx/src/emc_18xx_43xx.o
Chip_Clock_GetMainPLLHz                           projects/lab2Leo/out/libs/lpc_open/lpc_chip_43xx/src/clock_18xx_43xx.o
Chip_Clock_GetPLLStatus                           projects/lab2Leo/out/libs/lpc_open/lpc_chip_43xx/src/clock_18xx_43xx.o
                                                  projects/lab2Leo/out/libs/lpc_open/lpc_chip_43xx/src/chip_18xx_43xx.o
Chip_Clock_GetRate                                projects/lab2Leo/out/libs/lpc_open/lpc_chip_43xx/src/clock_18xx_43xx.o
                                                  projects/lab2Leo/out/libs/lpc_open/lpc_chip_43xx/src/i2c_18xx_43xx.o
                                                  projects/lab2Leo/out/libs/lpc_open/lpc_chip_43xx/src/ssp_18xx_43xx.o
                                                  projects/lab2Leo/out/libs/lpc_open/lpc_chip_43xx/src/sct_pwm_18xx_43xx.o
                                                  projects/lab2Leo/out/libs/lpc_open/lpc_chip_43xx/src/spi_18xx_43xx.o
                                                  projects/lab2Leo/out/libs/lpc_open/lpc_chip_43xx/src/eeprom_18xx_43xx.o
                                                  projects/lab2Leo/out/libs/lpc_open/lpc_chip_43xx/src/i2cm_18xx_43xx.o
                                                  projects/lab2Leo/out/libs/lpc_open/lpc_chip_43xx/src/chip_18xx_43xx.o